<html>
<body>
<pre>
<h1>µVision Build Log</h1>
<h2>Tool Versions:</h2>
IDE-Version: ¦ÌVision V5.42.0.0
Copyright (C) 2025 ARM Ltd and ARM Germany GmbH. All rights reserved.
License Information: RRICKK Rick, RRRIICK, LIC=D0D7S-LNEP8-636MB-28P0M-LE2BJ-T1H66
 
Tool Versions:
Toolchain:       MDK-ARM Plus  Version: 5.42.0.0
Toolchain Path:  E:\Keil_v5\ARM\ARM5\Bin
C Compiler:      Armcc.exe V5.06 update 7 (build 960)
Assembler:       Armasm.exe V5.06 update 7 (build 960)
Linker/Locator:  ArmLink.exe V5.06 update 7 (build 960)
Library Manager: ArmAr.exe V5.06 update 7 (build 960)
Hex Converter:   FromElf.exe V5.06 update 7 (build 960)
CPU DLL:         SARMCM3.DLL V5.42.0.0
Dialog DLL:      DCM.DLL V1.17.5.0
Target DLL:      STLink\ST-LINKIII-KEIL_SWO.dll V3.3.0.0
Dialog DLL:      TCM.DLL V1.56.6.0
 
<h2>Project:</h2>
E:\waist_project\STM32L4_waist\MDK-ARM\NEW_Waist.uvprojx
Project File Date:  03/31/2026

<h2>Output:</h2>
*** Using Compiler 'V5.06 update 7 (build 960)', folder: 'E:\Keil_v5\ARM\ARM5\Bin'
Build target 'NEW_Waist'
compiling freertos.c...
../Drivers/Bsp_Drivers/driver_actuator.h(60): warning:  #1-D: last line of file ends without a newline
  #endif
../Drivers/Bsp_Drivers/driver_log.h(148): warning:  #1-D: last line of file ends without a newline
  #endif /* __PRINT_H */
../Drivers/Bsp_Drivers/driver_shell.h(31): warning:  #1295-D: Deprecated declaration Shell_Exec - give arg types
  void Shell_Exec();
../Drivers/Bsp_Drivers/driver_frame.h(90): warning:  #1-D: last line of file ends without a newline
  #endif // __DRIVER_FRAME_H__
../Drivers/Bsp_Drivers/driver_ESP01s.h(71): warning:  #1-D: last line of file ends without a newline
  #endif
../Core/Src/freertos.c: 5 warnings, 0 errors
linking...
Program Size: Code=37724 RO-data=1084 RW-data=216 ZI-data=58640  
FromELF: creating hex file...
"NEW_Waist\NEW_Waist.axf" - 0 Error(s), 5 Warning(s).

<h2>Software Packages used:</h2>

Package Vendor: ARM
                https://www.keil.com/pack/ARM.CMSIS.6.1.0.pack
                ARM::CMSIS@6.1.0
                CMSIS (Common Microcontroller Software Interface Standard)
   * Component: CORE Version: 6.1.0

Package Vendor: Keil
                https://www.keil.com/pack/Keil.STM32L4xx_DFP.3.1.0.pack
                Keil::STM32L4xx_DFP@3.1.0
                STMicroelectronics STM32L4 Series Device Support

<h2>Collection of Component include folders:</h2>
  ./RTE/_NEW_Waist
  E:/Packs/ARM/CMSIS/6.1.0/CMSIS/Core/Include

<h2>Collection of Component Files used:</h2>

   * Component: ARM::CMSIS:CORE@6.1.0
      Include file:  CMSIS/Core/Include/tz_context.h
Build Time Elapsed:  00:00:04
</pre>
</body>
</html>
