Component: ARM Compiler 5.06 update 7 (build 960) Tool: armlink [4d3601]

==============================================================================

Section Cross References

    startup_stm32l4r5xx.o(RESET) refers to startup_stm32l4r5xx.o(STACK) for __initial_sp
    startup_stm32l4r5xx.o(RESET) refers to startup_stm32l4r5xx.o(.text) for Reset_Handler
    startup_stm32l4r5xx.o(RESET) refers to stm32l4xx_it.o(i.NMI_Handler) for NMI_Handler
    startup_stm32l4r5xx.o(RESET) refers to stm32l4xx_it.o(i.HardFault_Handler) for HardFault_Handler
    startup_stm32l4r5xx.o(RESET) refers to stm32l4xx_it.o(i.MemManage_Handler) for MemManage_Handler
    startup_stm32l4r5xx.o(RESET) refers to stm32l4xx_it.o(i.BusFault_Handler) for BusFault_Handler
    startup_stm32l4r5xx.o(RESET) refers to stm32l4xx_it.o(i.UsageFault_Handler) for UsageFault_Handler
    startup_stm32l4r5xx.o(RESET) refers to port.o(.emb_text) for SVC_Handler
    startup_stm32l4r5xx.o(RESET) refers to stm32l4xx_it.o(i.DebugMon_Handler) for DebugMon_Handler
    startup_stm32l4r5xx.o(RESET) refers to cmsis_os2.o(i.SysTick_Handler) for SysTick_Handler
    startup_stm32l4r5xx.o(RESET) refers to stm32l4xx_it.o(i.DMA1_Channel1_IRQHandler) for DMA1_Channel1_IRQHandler
    startup_stm32l4r5xx.o(RESET) refers to stm32l4xx_it.o(i.ADC1_IRQHandler) for ADC1_IRQHandler
    startup_stm32l4r5xx.o(RESET) refers to stm32l4xx_it.o(i.USART1_IRQHandler) for USART1_IRQHandler
    startup_stm32l4r5xx.o(RESET) refers to stm32l4xx_it.o(i.UART4_IRQHandler) for UART4_IRQHandler
    startup_stm32l4r5xx.o(RESET) refers to stm32l4xx_it.o(i.TIM6_DAC_IRQHandler) for TIM6_DAC_IRQHandler
    startup_stm32l4r5xx.o(RESET) refers to stm32l4xx_it.o(i.LPUART1_IRQHandler) for LPUART1_IRQHandler
    startup_stm32l4r5xx.o(.text) refers to system_stm32l4xx.o(i.SystemInit) for SystemInit
    startup_stm32l4r5xx.o(.text) refers to entry.o(.ARM.Collect$$$$00000000) for __main
    main.o(i.HAL_TIM_PeriodElapsedCallback) refers to stm32l4xx_hal.o(i.HAL_IncTick) for HAL_IncTick
    main.o(i.SystemClock_Config) refers to memseta.o(.text) for __aeabi_memclr4
    main.o(i.SystemClock_Config) refers to stm32l4xx_hal_pwr_ex.o(i.HAL_PWREx_ControlVoltageScaling) for HAL_PWREx_ControlVoltageScaling
    main.o(i.SystemClock_Config) refers to stm32l4xx_hal_rcc.o(i.HAL_RCC_OscConfig) for HAL_RCC_OscConfig
    main.o(i.SystemClock_Config) refers to stm32l4xx_hal_rcc.o(i.HAL_RCC_ClockConfig) for HAL_RCC_ClockConfig
    main.o(i.main) refers to stm32l4xx_hal.o(i.HAL_Init) for HAL_Init
    main.o(i.main) refers to main.o(i.SystemClock_Config) for SystemClock_Config
    main.o(i.main) refers to gpio.o(i.MX_GPIO_Init) for MX_GPIO_Init
    main.o(i.main) refers to dma.o(i.MX_DMA_Init) for MX_DMA_Init
    main.o(i.main) refers to adc.o(i.MX_ADC1_Init) for MX_ADC1_Init
    main.o(i.main) refers to usart.o(i.MX_LPUART1_UART_Init) for MX_LPUART1_UART_Init
    main.o(i.main) refers to tim.o(i.MX_TIM4_Init) for MX_TIM4_Init
    main.o(i.main) refers to usb_otg.o(i.MX_USB_OTG_FS_PCD_Init) for MX_USB_OTG_FS_PCD_Init
    main.o(i.main) refers to usart.o(i.MX_UART4_Init) for MX_UART4_Init
    main.o(i.main) refers to tim.o(i.MX_TIM5_Init) for MX_TIM5_Init
    main.o(i.main) refers to usart.o(i.MX_USART1_UART_Init) for MX_USART1_UART_Init
    main.o(i.main) refers to stm32l4xx_hal_uart_ex.o(i.HAL_UARTEx_ReceiveToIdle_DMA) for HAL_UARTEx_ReceiveToIdle_DMA
    main.o(i.main) refers to cmsis_os2.o(i.osKernelInitialize) for osKernelInitialize
    main.o(i.main) refers to freertos.o(i.MX_FREERTOS_Init) for MX_FREERTOS_Init
    main.o(i.main) refers to cmsis_os2.o(i.osKernelStart) for osKernelStart
    main.o(i.main) refers to main.o(.bss) for .bss
    main.o(i.main) refers to usart.o(.bss) for hlpuart1
    gpio.o(i.MX_GPIO_Init) refers to memseta.o(.text) for __aeabi_memclr4
    gpio.o(i.MX_GPIO_Init) refers to stm32l4xx_hal_pwr_ex.o(i.HAL_PWREx_EnableVddIO2) for HAL_PWREx_EnableVddIO2
    gpio.o(i.MX_GPIO_Init) refers to stm32l4xx_hal_gpio.o(i.HAL_GPIO_WritePin) for HAL_GPIO_WritePin
    gpio.o(i.MX_GPIO_Init) refers to stm32l4xx_hal_gpio.o(i.HAL_GPIO_Init) for HAL_GPIO_Init
    freertos.o(i.ControlFunction) refers to tasks.o(i.xTaskGetTickCount) for xTaskGetTickCount
    freertos.o(i.ControlFunction) refers to queue.o(i.xQueueSelectFromSet) for xQueueSelectFromSet
    freertos.o(i.ControlFunction) refers to driver_shell.o(i.get_shellQueueHandle) for get_shellQueueHandle
    freertos.o(i.ControlFunction) refers to queue.o(i.xQueueReceive) for xQueueReceive
    freertos.o(i.ControlFunction) refers to tasks.o(i.pcTaskGetName) for pcTaskGetName
    freertos.o(i.ControlFunction) refers to f2d.o(.text) for __aeabi_f2d
    freertos.o(i.ControlFunction) refers to driver_frame.o(i.get_FrameQueueHandle) for get_FrameQueueHandle
    freertos.o(i.ControlFunction) refers to printfa.o(i.__0printf) for __2printf
    freertos.o(i.ControlFunction) refers to alg_pid.o(i.PID_SetTarget) for PID_SetTarget
[...]
    DMA1_Channel2_IRQHandler                 0x080002cf   Thumb Code     0  startup_stm32l4r5xx.o(.text)
    DMA1_Channel3_IRQHandler                 0x080002cf   Thumb Code     0  startup_stm32l4r5xx.o(.text)
    DMA1_Channel4_IRQHandler                 0x080002cf   Thumb Code     0  startup_stm32l4r5xx.o(.text)
    DMA1_Channel5_IRQHandler                 0x080002cf   Thumb Code     0  startup_stm32l4r5xx.o(.text)
    DMA1_Channel6_IRQHandler                 0x080002cf   Thumb Code     0  startup_stm32l4r5xx.o(.text)
    DMA1_Channel7_IRQHandler                 0x080002cf   Thumb Code     0  startup_stm32l4r5xx.o(.text)
    DMA2D_IRQHandler                         0x080002cf   Thumb Code     0  startup_stm32l4r5xx.o(.text)
    DMA2_Channel1_IRQHandler                 0x080002cf   Thumb Code     0  startup_stm32l4r5xx.o(.text)
    DMA2_Channel2_IRQHandler                 0x080002cf   Thumb Code     0  startup_stm32l4r5xx.o(.text)
    DMA2_Channel3_IRQHandler                 0x080002cf   Thumb Code     0  startup_stm32l4r5xx.o(.text)
    DMA2_Channel4_IRQHandler                 0x080002cf   Thumb Code     0  startup_stm32l4r5xx.o(.text)
    DMA2_Channel5_IRQHandler                 0x080002cf   Thumb Code     0  startup_stm32l4r5xx.o(.text)
    DMA2_Channel6_IRQHandler                 0x080002cf   Thumb Code     0  startup_stm32l4r5xx.o(.text)
    DMA2_Channel7_IRQHandler                 0x080002cf   Thumb Code     0  startup_stm32l4r5xx.o(.text)
    DMAMUX1_OVR_IRQHandler                   0x080002cf   Thumb Code     0  startup_stm32l4r5xx.o(.text)
    EXTI0_IRQHandler                         0x080002cf   Thumb Code     0  startup_stm32l4r5xx.o(.text)
    EXTI15_10_IRQHandler                     0x080002cf   Thumb Code     0  startup_stm32l4r5xx.o(.text)
    EXTI1_IRQHandler                         0x080002cf   Thumb Code     0  startup_stm32l4r5xx.o(.text)
    EXTI2_IRQHandler                         0x080002cf   Thumb Code     0  startup_stm32l4r5xx.o(.text)
    EXTI3_IRQHandler                         0x080002cf   Thumb Code     0  startup_stm32l4r5xx.o(.text)
    EXTI4_IRQHandler                         0x080002cf   Thumb Code     0  startup_stm32l4r5xx.o(.text)
    EXTI9_5_IRQHandler                       0x080002cf   Thumb Code     0  startup_stm32l4r5xx.o(.text)
    FLASH_IRQHandler                         0x080002cf   Thumb Code     0  startup_stm32l4r5xx.o(.text)
    FMC_IRQHandler                           0x080002cf   Thumb Code     0  startup_stm32l4r5xx.o(.text)
    FPU_IRQHandler                           0x080002cf   Thumb Code     0  startup_stm32l4r5xx.o(.text)
    GFXMMU_IRQHandler                        0x080002cf   Thumb Code     0  startup_stm32l4r5xx.o(.text)
    I2C1_ER_IRQHandler                       0x080002cf   Thumb Code     0  startup_stm32l4r5xx.o(.text)
    I2C1_EV_IRQHandler                       0x080002cf   Thumb Code     0  startup_stm32l4r5xx.o(.text)
    I2C2_ER_IRQHandler                       0x080002cf   Thumb Code     0  startup_stm32l4r5xx.o(.text)
    I2C2_EV_IRQHandler                       0x080002cf   Thumb Code     0  startup_stm32l4r5xx.o(.text)
    I2C3_ER_IRQHandler                       0x080002cf   Thumb Code     0  startup_stm32l4r5xx.o(.text)
    I2C3_EV_IRQHandler                       0x080002cf   Thumb Code     0  startup_stm32l4r5xx.o(.text)
    I2C4_ER_IRQHandler                       0x080002cf   Thumb Code     0  startup_stm32l4r5xx.o(.text)
    I2C4_EV_IRQHandler                       0x080002cf   Thumb Code     0  startup_stm32l4r5xx.o(.text)
    LPTIM1_IRQHandler                        0x080002cf   Thumb Code     0  startup_stm32l4r5xx.o(.text)
    LPTIM2_IRQHandler                        0x080002cf   Thumb Code     0  startup_stm32l4r5xx.o(.text)
    LTDC_ER_IRQHandler                       0x080002cf   Thumb Code     0  startup_stm32l4r5xx.o(.text)
    LTDC_IRQHandler                          0x080002cf   Thumb Code     0  startup_stm32l4r5xx.o(.text)
    OCTOSPI1_IRQHandler                      0x080002cf   Thumb Code     0  startup_stm32l4r5xx.o(.text)
    OCTOSPI2_IRQHandler                      0x080002cf   Thumb Code     0  startup_stm32l4r5xx.o(.text)
    OTG_FS_IRQHandler                        0x080002cf   Thumb Code     0  startup_stm32l4r5xx.o(.text)
    PVD_PVM_IRQHandler                       0x080002cf   Thumb Code     0  startup_stm32l4r5xx.o(.text)
    RCC_IRQHandler                           0x080002cf   Thumb Code     0  startup_stm32l4r5xx.o(.text)
    RNG_IRQHandler                           0x080002cf   Thumb Code     0  startup_stm32l4r5xx.o(.text)
    RTC_Alarm_IRQHandler                     0x080002cf   Thumb Code     0  startup_stm32l4r5xx.o(.text)
    RTC_WKUP_IRQHandler                      0x080002cf   Thumb Code     0  startup_stm32l4r5xx.o(.text)
    SAI1_IRQHandler                          0x080002cf   Thumb Code     0  startup_stm32l4r5xx.o(.text)
    SAI2_IRQHandler                          0x080002cf   Thumb Code     0  startup_stm32l4r5xx.o(.text)
    SDMMC1_IRQHandler                        0x080002cf   Thumb Code     0  startup_stm32l4r5xx.o(.text)
    SPI1_IRQHandler                          0x080002cf   Thumb Code     0  startup_stm32l4r5xx.o(.text)
    SPI2_IRQHandler                          0x080002cf   Thumb Code     0  startup_stm32l4r5xx.o(.text)
    SPI3_IRQHandler                          0x080002cf   Thumb Code     0  startup_stm32l4r5xx.o(.text)
    TAMP_STAMP_IRQHandler                    0x080002cf   Thumb Code     0  startup_stm32l4r5xx.o(.text)
    TIM1_BRK_TIM15_IRQHandler                0x080002cf   Thumb Code     0  startup_stm32l4r5xx.o(.text)
    TIM1_CC_IRQHandler                       0x080002cf   Thumb Code     0  startup_stm32l4r5xx.o(.text)
    TIM1_TRG_COM_TIM17_IRQHandler            0x080002cf   Thumb Code     0  startup_stm32l4r5xx.o(.text)
    TIM1_UP_TIM16_IRQHandler                 0x080002cf   Thumb Code     0  startup_stm32l4r5xx.o(.text)
    TIM2_IRQHandler                          0x080002cf   Thumb Code     0  startup_stm32l4r5xx.o(.text)
    TIM3_IRQHandler                          0x080002cf   Thumb Code     0  startup_stm32l4r5xx.o(.text)
    TIM4_IRQHandler                          0x080002cf   Thumb Code     0  startup_stm32l4r5xx.o(.text)
    TIM5_IRQHandler                          0x080002cf   Thumb Code     0  startup_stm32l4r5xx.o(.text)
    TIM7_IRQHandler                          0x080002cf   Thumb Code     0  startup_stm32l4r5xx.o(.text)
    TIM8_BRK_IRQHandler                      0x080002cf   Thumb Code     0  startup_stm32l4r5xx.o(.text)
    TIM8_CC_IRQHandler                       0x080002cf   Thumb Code     0  startup_stm32l4r5xx.o(.text)
    TIM8_TRG_COM_IRQHandler                  0x080002cf   Thumb Code     0  startup_stm32l4r5xx.o(.text)
    TIM8_UP_IRQHandler                       0x080002cf   Thumb Code     0  startup_stm32l4r5xx.o(.text)
    TSC_IRQHandler                           0x080002cf   Thumb Code     0  startup_stm32l4r5xx.o(.text)
    UART5_IRQHandler                         0x080002cf   Thumb Code     0  startup_stm32l4r5xx.o(.text)
    USART2_IRQHandler                        0x080002cf   Thumb Code     0  startup_stm32l4r5xx.o(.text)
    USART3_IRQHandler                        0x080002cf   Thumb Code     0  startup_stm32l4r5xx.o(.text)
    WWDG_IRQHandler                          0x080002cf   Thumb Code     0  startup_stm32l4r5xx.o(.text)
    __aeabi_uldivmod                         0x080002d9   Thumb Code    98  uldiv.o(.text)
    __aeabi_memcpy                           0x08000341   Thumb Code    36  memcpya.o(.text)
    __aeabi_memcpy4                          0x08000341   Thumb Code     0  memcpya.o(.text)
    __aeabi_memcpy8                          0x08000341   Thumb Code     0  memcpya.o(.text)
    __aeabi_memset                           0x08000365   Thumb Code    14  memseta.o(.text)
    __aeabi_memset4                          0x08000365   Thumb Code     0  memseta.o(.text)
    __aeabi_memset8                          0x08000365   Thumb Code     0  memseta.o(.text)
    __aeabi_memclr                           0x08000373   Thumb Code     4  memseta.o(.text)
    __aeabi_memclr4                          0x08000373   Thumb Code     0  memseta.o(.text)
    __aeabi_memclr8                          0x08000373   Thumb Code     0  memseta.o(.text)
    memset                                   0x08000377   Thumb Code    18  memseta.o(.text)
    strstr                                   0x08000389   Thumb Code    36  strstr.o(.text)
    strchr                                   0x080003ad   Thumb Code    20  strchr.o(.text)
    strlen                                   0x080003c1   Thumb Code    14  strlen.o(.text)
    strcmp                                   0x080003cf   Thumb Code    28  strcmp.o(.text)
    atoi                                     0x080003eb   Thumb Code    26  atoi.o(.text)
    __aeabi_f2d                              0x08000405   Thumb Code    38  f2d.o(.text)
    __aeabi_d2f                              0x0800042b   Thumb Code    56  d2f.o(.text)
    __aeabi_uidiv                            0x08000463   Thumb Code     0  uidiv.o(.text)
    __aeabi_uidivmod                         0x08000463   Thumb Code    44  uidiv.o(.text)
    __aeabi_llsl                             0x0800048f   Thumb Code    30  llshl.o(.text)
    _ll_shift_l                              0x0800048f   Thumb Code     0  llshl.o(.text)
    __aeabi_llsr                             0x080004ad   Thumb Code    32  llushr.o(.text)
    _ll_ushift_r                             0x080004ad   Thumb Code     0  llushr.o(.text)
    __strtod_int                             0x08000503   Thumb Code    90  strtod.o(.text)
    strtol                                   0x08000569   Thumb Code   112  strtol.o(.text)
    __I$use$fp                               0x080005d9   Thumb Code     0  iusefp.o(.text)
    _float_round                             0x080005d9   Thumb Code    18  fepilogue.o(.text)
    _float_epilogue                          0x080005eb   Thumb Code    92  fepilogue.o(.text)
    __aeabi_dadd                             0x08000647   Thumb Code   322  dadd.o(.text)
    __aeabi_dsub                             0x08000789   Thumb Code     6  dadd.o(.text)
    __aeabi_drsub                            0x0800078f   Thumb Code     6  dadd.o(.text)
    __aeabi_dmul                             0x080007a5   Thumb Code   228  dmul.o(.text)
    __aeabi_ddiv                             0x0800088f   Thumb Code   222  ddiv.o(.text)
    __aeabi_d2ulz                            0x0800096d   Thumb Code    48  dfixul.o(.text)
    __aeabi_cdrcmple                         0x0800099d   Thumb Code    48  cdrcmple.o(.text)
    __scatterload                            0x080009cd   Thumb Code    28  init.o(.text)
    __scatterload_rt2                        0x080009cd   Thumb Code     0  init.o(.text)
    __aeabi_lasr                             0x080009f1   Thumb Code    36  llsshr.o(.text)
    _ll_sshift_r                             0x080009f1   Thumb Code     0  llsshr.o(.text)
    __rt_ctype_table                         0x08000a15   Thumb Code     4  ctype_o.o(.text)
    isspace                                  0x08000a1d   Thumb Code    18  isspace_o.o(.text)
    _scanf_real                              0x08000b59   Thumb Code     0  scanf_fp.o(.text)
    _scanf_really_real                       0x08000b59   Thumb Code   556  scanf_fp.o(.text)
    _sgetc                                   0x08000d97   Thumb Code    30  _sgetc.o(.text)
    _sbackspace                              0x08000db5   Thumb Code    34  _sgetc.o(.text)
    _strtoul                                 0x08000dd7   Thumb Code   158  _strtoul.o(.text)
    _double_round                            0x08000e7b   Thumb Code    30  depilogue.o(.text)
    _double_epilogue                         0x08000e99   Thumb Code   156  depilogue.o(.text)
    _chval                                   0x08000f35   Thumb Code    28  _chval.o(.text)
    __aeabi_ul2d                             0x08000f51   Thumb Code    24  dfltul.o(.text)
    ADC1_IRQHandler                          0x08000f69   Thumb Code     6  stm32l4xx_it.o(i.ADC1_IRQHandler)
    ADC_DMAConvCplt                          0x08000f75   Thumb Code   104  stm32l4xx_hal_adc.o(i.ADC_DMAConvCplt)
    ADC_DMAError                             0x08000fdd   Thumb Code    26  stm32l4xx_hal_adc.o(i.ADC_DMAError)
    ADC_DMAHalfConvCplt                      0x08000ff7   Thumb Code    10  stm32l4xx_hal_adc.o(i.ADC_DMAHalfConvCplt)
    ADC_Enable                               0x08001001   Thumb Code   154  stm32l4xx_hal_adc.o(i.ADC_Enable)
    Actuator_Control                         0x080010ad   Thumb Code   378  driver_actuator.o(i.Actuator_Control)
    Actuator_Init                            0x08001231   Thumb Code   162  driver_actuator.o(i.Actuator_Init)
    Actuator_UpdateFeedback                  0x080012d5   Thumb Code    32  driver_actuator.o(i.Actuator_UpdateFeedback)
    BusFault_Handler                         0x080012f9   Thumb Code     2  stm32l4xx_it.o(i.BusFault_Handler)
    ControlFunction                          0x08001319   Thumb Code   436  freertos.o(i.ControlFunction)
    DMA1_Channel1_IRQHandler                 0x08001561   Thumb Code     6  stm32l4xx_it.o(i.DMA1_Channel1_IRQHandler)
    DebugMon_Handler                         0x0800161b   Thumb Code     2  stm32l4xx_it.o(i.DebugMon_Handler)
    Driver_Frame_ParseBuffer                 0x0800161d   Thumb Code    88  driver_frame.o(i.Driver_Frame_ParseBuffer)
    ESP8266_CreateTCPServer                  0x08001695   Thumb Code    48  driver_esp01s.o(i.ESP8266_CreateTCPServer)
    ESP8266_Init                             0x080016ed   Thumb Code    72  driver_esp01s.o(i.ESP8266_Init)
    ESP8266_InitAP                           0x08001749   Thumb Code    58  driver_esp01s.o(i.ESP8266_InitAP)
    ESP8266_OnDataReceived                   0x080017b5   Thumb Code     8  driver_esp01s.o(i.ESP8266_OnDataReceived)
    ESP8266_Receive_IT_Start                 0x080017bd   Thumb Code    26  driver_esp01s.o(i.ESP8266_Receive_IT_Start)
    ESP8266_RxCpltCallback                   0x080017d7   Thumb Code    50  driver_esp01s.o(i.ESP8266_RxCpltCallback)
    ESP8266_SendDataIdx                      0x08001875   Thumb Code   158  driver_esp01s.o(i.ESP8266_SendDataIdx)
    ESP8266_UART_IDLE_Handler                0x08001935   Thumb Code   184  driver_esp01s.o(i.ESP8266_UART_IDLE_Handler)
    Error_Handler                            0x08001a11   Thumb Code     4  main.o(i.Error_Handler)
    Frame_GetArgsFromISR                     0x08001a15   Thumb Code    64  driver_frame.o(i.Frame_GetArgsFromISR)
    HAL_ADCEx_EndOfSamplingCallback          0x08001a61   Thumb Code     2  stm32l4xx_hal_adc_ex.o(i.HAL_ADCEx_EndOfSamplingCallback)
    HAL_ADCEx_InjectedConvCpltCallback       0x08001a63   Thumb Code     2  stm32l4xx_hal_adc_ex.o(i.HAL_ADCEx_InjectedConvCpltCallback)
    HAL_ADCEx_InjectedQueueOverflowCallback  0x08001a65   Thumb Code     2  stm32l4xx_hal_adc_ex.o(i.HAL_ADCEx_InjectedQueueOverflowCallback)
    HAL_ADCEx_LevelOutOfWindow2Callback      0x08001a67   Thumb Code     2  stm32l4xx_hal_adc_ex.o(i.HAL_ADCEx_LevelOutOfWindow2Callback)
    HAL_ADCEx_LevelOutOfWindow3Callback      0x08001a69   Thumb Code     2  stm32l4xx_hal_adc_ex.o(i.HAL_ADCEx_LevelOutOfWindow3Callback)
    HAL_ADC_ConfigChannel                    0x08001a6d   Thumb Code   988  stm32l4xx_hal_adc.o(i.HAL_ADC_ConfigChannel)
    HAL_ADC_ConvCpltCallback                 0x08001e7d   Thumb Code    48  driver_irq.o(i.HAL_ADC_ConvCpltCallback)
    HAL_ADC_ConvHalfCpltCallback             0x08001ec5   Thumb Code     2  stm32l4xx_hal_adc.o(i.HAL_ADC_ConvHalfCpltCallback)
    HAL_ADC_ErrorCallback                    0x08001ec7   Thumb Code     2  stm32l4xx_hal_adc.o(i.HAL_ADC_ErrorCallback)
    HAL_ADC_IRQHandler                       0x08001ec9   Thumb Code   514  stm32l4xx_hal_adc.o(i.HAL_ADC_IRQHandler)
    HAL_ADC_Init                             0x080020cd   Thumb Code   394  stm32l4xx_hal_adc.o(i.HAL_ADC_Init)
    HAL_ADC_LevelOutOfWindowCallback         0x08002279   Thumb Code     2  stm32l4xx_hal_adc.o(i.HAL_ADC_LevelOutOfWindowCallback)
    HAL_ADC_MspInit                          0x0800227d   Thumb Code   228  adc.o(i.HAL_ADC_MspInit)
    HAL_ADC_Start_DMA                        0x08002375   Thumb Code   162  stm32l4xx_hal_adc.o(i.HAL_ADC_Start_DMA)
    HAL_DMA_Abort                            0x08002429   Thumb Code   110  stm32l4xx_hal_dma.o(i.HAL_DMA_Abort)
    HAL_DMA_Abort_IT                         0x08002497   Thumb Code   112  stm32l4xx_hal_dma.o(i.HAL_DMA_Abort_IT)
    HAL_DMA_IRQHandler                       0x08002509   Thumb Code   204  stm32l4xx_hal_dma.o(i.HAL_DMA_IRQHandler)
    HAL_DMA_Init                             0x080025dd   Thumb Code   184  stm32l4xx_hal_dma.o(i.HAL_DMA_Init)
    HAL_DMA_Start_IT                         0x080026a1   Thumb Code   144  stm32l4xx_hal_dma.o(i.HAL_DMA_Start_IT)
    HAL_Delay                                0x08002731   Thumb Code    32  stm32l4xx_hal.o(i.HAL_Delay)
    HAL_GPIO_Init                            0x08002755   Thumb Code   552  stm32l4xx_hal_gpio.o(i.HAL_GPIO_Init)
    HAL_GPIO_TogglePin                       0x080029ab   Thumb Code    16  stm32l4xx_hal_gpio.o(i.HAL_GPIO_TogglePin)
    HAL_GPIO_WritePin                        0x080029bb   Thumb Code    10  stm32l4xx_hal_gpio.o(i.HAL_GPIO_WritePin)
    HAL_GetTick                              0x080029c5   Thumb Code     6  stm32l4xx_hal.o(i.HAL_GetTick)
    HAL_IncTick                              0x080029d1   Thumb Code    12  stm32l4xx_hal.o(i.HAL_IncTick)
    HAL_Init                                 0x080029e1   Thumb Code    30  stm32l4xx_hal.o(i.HAL_Init)
    HAL_InitTick                             0x08002a01   Thumb Code   132  stm32l4xx_hal_timebase_tim.o(i.HAL_InitTick)
    HAL_MspInit                              0x08002a99   Thumb Code    48  stm32l4xx_hal_msp.o(i.HAL_MspInit)
    HAL_NVIC_EnableIRQ                       0x08002acd   Thumb Code    26  stm32l4xx_hal_cortex.o(i.HAL_NVIC_EnableIRQ)
    HAL_NVIC_SetPriority                     0x08002ae9   Thumb Code    60  stm32l4xx_hal_cortex.o(i.HAL_NVIC_SetPriority)
    HAL_NVIC_SetPriorityGrouping             0x08002b29   Thumb Code    26  stm32l4xx_hal_cortex.o(i.HAL_NVIC_SetPriorityGrouping)
    HAL_PCDEx_ActivateLPM                    0x08002b4d   Thumb Code    34  stm32l4xx_hal_pcd_ex.o(i.HAL_PCDEx_ActivateLPM)
    HAL_PCD_Init                             0x08002b75   Thumb Code   208  stm32l4xx_hal_pcd.o(i.HAL_PCD_Init)
    HAL_PCD_MspInit                          0x08002c45   Thumb Code   178  usb_otg.o(i.HAL_PCD_MspInit)
    HAL_PWREx_ControlVoltageScaling          0x08002cfd   Thumb Code   174  stm32l4xx_hal_pwr_ex.o(i.HAL_PWREx_ControlVoltageScaling)
    HAL_PWREx_EnableVddIO2                   0x08002db9   Thumb Code    12  stm32l4xx_hal_pwr_ex.o(i.HAL_PWREx_EnableVddIO2)
    HAL_PWREx_EnableVddUSB                   0x08002dc9   Thumb Code    12  stm32l4xx_hal_pwr_ex.o(i.HAL_PWREx_EnableVddUSB)
    HAL_PWREx_GetVoltageRange                0x08002dd9   Thumb Code    36  stm32l4xx_hal_pwr_ex.o(i.HAL_PWREx_GetVoltageRange)
    HAL_RCCEx_PeriphCLKConfig                0x08002e01   Thumb Code  1048  stm32l4xx_hal_rcc_ex.o(i.HAL_RCCEx_PeriphCLKConfig)
    HAL_RCC_ClockConfig                      0x08003221   Thumb Code   384  stm32l4xx_hal_rcc.o(i.HAL_RCC_ClockConfig)
    HAL_RCC_GetClockConfig                   0x080033b9   Thumb Code    54  stm32l4xx_hal_rcc.o(i.HAL_RCC_GetClockConfig)
    HAL_RCC_GetPCLK1Freq                     0x080033f9   Thumb Code    24  stm32l4xx_hal_rcc.o(i.HAL_RCC_GetPCLK1Freq)
    HAL_RCC_GetPCLK2Freq                     0x0800341d   Thumb Code    24  stm32l4xx_hal_rcc.o(i.HAL_RCC_GetPCLK2Freq)
    HAL_RCC_GetSysClockFreq                  0x08003441   Thumb Code   150  stm32l4xx_hal_rcc.o(i.HAL_RCC_GetSysClockFreq)
    HAL_RCC_OscConfig                        0x080034e5   Thumb Code  1374  stm32l4xx_hal_rcc.o(i.HAL_RCC_OscConfig)
    HAL_TIMEx_Break2Callback                 0x08003a4d   Thumb Code     2  stm32l4xx_hal_tim_ex.o(i.HAL_TIMEx_Break2Callback)
    HAL_TIMEx_BreakCallback                  0x08003a4f   Thumb Code     2  stm32l4xx_hal_tim_ex.o(i.HAL_TIMEx_BreakCallback)
    HAL_TIMEx_CommutCallback                 0x08003a51   Thumb Code     2  stm32l4xx_hal_tim_ex.o(i.HAL_TIMEx_CommutCallback)
    HAL_TIMEx_MasterConfigSynchronization    0x08003a55   Thumb Code   130  stm32l4xx_hal_tim_ex.o(i.HAL_TIMEx_MasterConfigSynchronization)
    HAL_TIM_Base_Init                        0x08003af1   Thumb Code    98  stm32l4xx_hal_tim.o(i.HAL_TIM_Base_Init)
    HAL_TIM_Base_MspInit                     0x08003b53   Thumb Code     2  stm32l4xx_hal_tim.o(i.HAL_TIM_Base_MspInit)
    HAL_TIM_Base_Start_IT                    0x08003b55   Thumb Code   100  stm32l4xx_hal_tim.o(i.HAL_TIM_Base_Start_IT)
    HAL_TIM_IC_CaptureCallback               0x08003bd5   Thumb Code     2  stm32l4xx_hal_tim.o(i.HAL_TIM_IC_CaptureCallback)
    HAL_TIM_IRQHandler                       0x08003bd7   Thumb Code   330  stm32l4xx_hal_tim.o(i.HAL_TIM_IRQHandler)
    HAL_TIM_MspPostInit                      0x08003d21   Thumb Code   112  tim.o(i.HAL_TIM_MspPostInit)
    HAL_TIM_OC_DelayElapsedCallback          0x08003da5   Thumb Code     2  stm32l4xx_hal_tim.o(i.HAL_TIM_OC_DelayElapsedCallback)
    HAL_TIM_PWM_ConfigChannel                0x08003da7   Thumb Code   292  stm32l4xx_hal_tim.o(i.HAL_TIM_PWM_ConfigChannel)
    HAL_TIM_PWM_Init                         0x08003ecb   Thumb Code    98  stm32l4xx_hal_tim.o(i.HAL_TIM_PWM_Init)
    HAL_TIM_PWM_MspInit                      0x08003f2d   Thumb Code    52  tim.o(i.HAL_TIM_PWM_MspInit)
    HAL_TIM_PWM_PulseFinishedCallback        0x08003f6d   Thumb Code     2  stm32l4xx_hal_tim.o(i.HAL_TIM_PWM_PulseFinishedCallback)
    HAL_TIM_PWM_Start                        0x08003f71   Thumb Code   224  stm32l4xx_hal_tim.o(i.HAL_TIM_PWM_Start)
    HAL_TIM_PeriodElapsedCallback            0x08004075   Thumb Code    14  main.o(i.HAL_TIM_PeriodElapsedCallback)
    HAL_TIM_TriggerCallback                  0x08004089   Thumb Code     2  stm32l4xx_hal_tim.o(i.HAL_TIM_TriggerCallback)
    HAL_UARTEx_DisableFifoMode               0x0800408b   Thumb Code    62  stm32l4xx_hal_uart_ex.o(i.HAL_UARTEx_DisableFifoMode)
    HAL_UARTEx_ReceiveToIdle_DMA             0x080040c9   Thumb Code    74  stm32l4xx_hal_uart_ex.o(i.HAL_UARTEx_ReceiveToIdle_DMA)
    HAL_UARTEx_RxEventCallback               0x08004115   Thumb Code    36  driver_irq.o(i.HAL_UARTEx_RxEventCallback)
    HAL_UARTEx_RxFifoFullCallback            0x08004145   Thumb Code     2  stm32l4xx_hal_uart_ex.o(i.HAL_UARTEx_RxFifoFullCallback)
    HAL_UARTEx_SetRxFifoThreshold            0x08004147   Thumb Code    76  stm32l4xx_hal_uart_ex.o(i.HAL_UARTEx_SetRxFifoThreshold)
    HAL_UARTEx_SetTxFifoThreshold            0x08004193   Thumb Code    76  stm32l4xx_hal_uart_ex.o(i.HAL_UARTEx_SetTxFifoThreshold)
    HAL_UARTEx_TxFifoEmptyCallback           0x080041df   Thumb Code     2  stm32l4xx_hal_uart_ex.o(i.HAL_UARTEx_TxFifoEmptyCallback)
    HAL_UARTEx_WakeupCallback                0x080041e1   Thumb Code     2  stm32l4xx_hal_uart_ex.o(i.HAL_UARTEx_WakeupCallback)
    HAL_UART_ErrorCallback                   0x080041e3   Thumb Code     2  stm32l4xx_hal_uart.o(i.HAL_UART_ErrorCallback)
    HAL_UART_IRQHandler                      0x080041e5   Thumb Code   782  stm32l4xx_hal_uart.o(i.HAL_UART_IRQHandler)
    HAL_UART_Init                            0x08004501   Thumb Code   106  stm32l4xx_hal_uart.o(i.HAL_UART_Init)
    HAL_UART_MspInit                         0x0800456d   Thumb Code   384  usart.o(i.HAL_UART_MspInit)
    HAL_UART_Receive_IT                      0x08004709   Thumb Code    66  stm32l4xx_hal_uart.o(i.HAL_UART_Receive_IT)
    HAL_UART_RxCpltCallback                  0x08004751   Thumb Code     6  driver_irq.o(i.HAL_UART_RxCpltCallback)
    HAL_UART_RxHalfCpltCallback              0x0800475d   Thumb Code     2  stm32l4xx_hal_uart.o(i.HAL_UART_RxHalfCpltCallback)
    HAL_UART_Transmit                        0x08004761   Thumb Code   182  stm32l4xx_hal_uart.o(i.HAL_UART_Transmit)
    HAL_UART_TxCpltCallback                  0x0800481d   Thumb Code     2  stm32l4xx_hal_uart.o(i.HAL_UART_TxCpltCallback)
    HardFault_Handler                        0x0800481f   Thumb Code     2  stm32l4xx_it.o(i.HardFault_Handler)
    LPUART1_IRQHandler                       0x0800487d   Thumb Code     6  stm32l4xx_it.o(i.LPUART1_IRQHandler)
    MX_ADC1_Init                             0x08004889   Thumb Code   184  adc.o(i.MX_ADC1_Init)
    MX_DMA_Init                              0x08004959   Thumb Code    56  dma.o(i.MX_DMA_Init)
    MX_FREERTOS_Init                         0x08004995   Thumb Code   314  freertos.o(i.MX_FREERTOS_Init)
    MX_GPIO_Init                             0x08004b05   Thumb Code   264  gpio.o(i.MX_GPIO_Init)
    MX_LPUART1_UART_Init                     0x08004c21   Thumb Code    92  usart.o(i.MX_LPUART1_UART_Init)
    MX_TIM4_Init                             0x08004c89   Thumb Code   154  tim.o(i.MX_TIM4_Init)
    MX_TIM5_Init                             0x08004d2d   Thumb Code   154  tim.o(i.MX_TIM5_Init)
    MX_UART4_Init                            0x08004dd1   Thumb Code    94  usart.o(i.MX_UART4_Init)
    MX_USART1_UART_Init                      0x08004e39   Thumb Code    94  usart.o(i.MX_USART1_UART_Init)
    MX_USB_OTG_FS_PCD_Init                   0x08004ea1   Thumb Code    54  usb_otg.o(i.MX_USB_OTG_FS_PCD_Init)
    MemManage_Handler                        0x08004edd   Thumb Code     2  stm32l4xx_it.o(i.MemManage_Handler)
    NMI_Handler                              0x08004edf   Thumb Code     2  stm32l4xx_it.o(i.NMI_Handler)
    PID_Compute                              0x08004ee1   Thumb Code   212  alg_pid.o(i.PID_Compute)
    PID_Init                                 0x08004fb9   Thumb Code    68  alg_pid.o(i.PID_Init)
    PID_SetTarget                            0x08005005   Thumb Code    10  alg_pid.o(i.PID_SetTarget)
    Shell_Exec                               0x08005345   Thumb Code   152  driver_shell.o(i.Shell_Exec)
    Shell_GetArgsFromISR                     0x080053f1   Thumb Code    46  driver_shell.o(i.Shell_GetArgsFromISR)
    StartDefaultTask                         0x08005429   Thumb Code   136  freertos.o(i.StartDefaultTask)
    SysTick_Handler                          0x080054c9   Thumb Code    26  cmsis_os2.o(i.SysTick_Handler)
    SystemClock_Config                       0x080054e3   Thumb Code   120  main.o(i.SystemClock_Config)
    SystemInit                               0x0800555d   Thumb Code    12  system_stm32l4xx.o(i.SystemInit)
    TIM6_DAC_IRQHandler                      0x0800556d   Thumb Code     6  stm32l4xx_it.o(i.TIM6_DAC_IRQHandler)
    TIM_Base_SetConfig                       0x08005579   Thumb Code   168  stm32l4xx_hal_tim.o(i.TIM_Base_SetConfig)
    TIM_CCxChannelCmd                        0x08005641   Thumb Code    26  stm32l4xx_hal_tim.o(i.TIM_CCxChannelCmd)
    TIM_OC2_SetConfig                        0x08005701   Thumb Code   124  stm32l4xx_hal_tim.o(i.TIM_OC2_SetConfig)
    UART4_IRQHandler                         0x0800597d   Thumb Code     6  stm32l4xx_it.o(i.UART4_IRQHandler)
    UART_AdvFeatureConfig                    0x080059cd   Thumb Code   200  stm32l4xx_hal_uart.o(i.UART_AdvFeatureConfig)
    UART_CheckIdleState                      0x08005a95   Thumb Code   172  stm32l4xx_hal_uart.o(i.UART_CheckIdleState)
    UART_SetConfig                           0x080061b5   Thumb Code   614  stm32l4xx_hal_uart.o(i.UART_SetConfig)
    UART_Start_Receive_DMA                   0x0800644d   Thumb Code   156  stm32l4xx_hal_uart.o(i.UART_Start_Receive_DMA)
    UART_Start_Receive_IT                    0x080064f5   Thumb Code   256  stm32l4xx_hal_uart.o(i.UART_Start_Receive_IT)
    UART_WaitOnFlagUntilTimeout              0x08006605   Thumb Code   148  stm32l4xx_hal_uart.o(i.UART_WaitOnFlagUntilTimeout)
    USART1_IRQHandler                        0x08006699   Thumb Code    18  stm32l4xx_it.o(i.USART1_IRQHandler)
    USB_CoreInit                             0x080066b5   Thumb Code   100  stm32l4xx_ll_usb.o(i.USB_CoreInit)
    USB_DevDisconnect                        0x08006719   Thumb Code    28  stm32l4xx_ll_usb.o(i.USB_DevDisconnect)
    USB_DevInit                              0x08006735   Thumb Code   322  stm32l4xx_ll_usb.o(i.USB_DevInit)
    USB_DisableGlobalInt                     0x08006881   Thumb Code    12  stm32l4xx_ll_usb.o(i.USB_DisableGlobalInt)
    USB_FlushRxFifo                          0x0800688d   Thumb Code    56  stm32l4xx_ll_usb.o(i.USB_FlushRxFifo)
    USB_FlushTxFifo                          0x080068c5   Thumb Code    60  stm32l4xx_ll_usb.o(i.USB_FlushTxFifo)
    USB_SetCurrentMode                       0x08006901   Thumb Code    92  stm32l4xx_ll_usb.o(i.USB_SetCurrentMode)
    Upload_Data                              0x0800695d   Thumb Code    98  driver_esp01s.o(i.Upload_Data)
    UsageFault_Handler                       0x080069bf   Thumb Code     2  stm32l4xx_it.o(i.UsageFault_Handler)
    __0printf                                0x080069c1   Thumb Code    22  printfa.o(i.__0printf)
    __1printf                                0x080069c1   Thumb Code     0  printfa.o(i.__0printf)
    __2printf                                0x080069c1   Thumb Code     0  printfa.o(i.__0printf)
    __c89printf                              0x080069c1   Thumb Code     0  printfa.o(i.__0printf)
    printf                                   0x080069c1   Thumb Code     0  printfa.o(i.__0printf)
    __0sprintf                               0x080069e1   Thumb Code    34  printfa.o(i.__0sprintf)
    __1sprintf                               0x080069e1   Thumb Code     0  printfa.o(i.__0sprintf)
    __2sprintf                               0x080069e1   Thumb Code     0  printfa.o(i.__0sprintf)
    __c89sprintf                             0x080069e1   Thumb Code     0  printfa.o(i.__0sprintf)
    sprintf                                  0x080069e1   Thumb Code     0  printfa.o(i.__0sprintf)
    __aeabi_errno_addr                       0x08006a29   Thumb Code     4  errno.o(i.__aeabi_errno_addr)
    __rt_errno_addr                          0x08006a29   Thumb Code     0  errno.o(i.__aeabi_errno_addr)
    __hardfp_atof                            0x08006a31   Thumb Code    44  atof.o(i.__hardfp_atof)
    __read_errno                             0x08006a69   Thumb Code     6  errno.o(i.__read_errno)
    __scatterload_copy                       0x08006a75   Thumb Code    14  handlers.o(i.__scatterload_copy)
    __scatterload_null                       0x08006a83   Thumb Code     2  handlers.o(i.__scatterload_null)
    __scatterload_zeroinit                   0x08006a85   Thumb Code    14  handlers.o(i.__scatterload_zeroinit)
    __set_errno                              0x08006a95   Thumb Code     6  errno.o(i.__set_errno)
    _is_digit                                0x08006c2b   Thumb Code    14  scanf_fp.o(i._is_digit)
    fputc                                    0x08007351   Thumb Code    52  driver_log.o(i.fputc)
    get_FrameQueueHandle                     0x0800738d   Thumb Code     6  driver_frame.o(i.get_FrameQueueHandle)
    get_shellQueueHandle                     0x08007399   Thumb Code     6  driver_shell.o(i.get_shellQueueHandle)
    main                                     0x080073a5   Thumb Code    68  main.o(i.main)
    osKernelInitialize                       0x080073f1   Thumb Code    32  cmsis_os2.o(i.osKernelInitialize)
    osKernelStart                            0x08007415   Thumb Code    48  cmsis_os2.o(i.osKernelStart)
    osThreadNew                              0x0800744d   Thumb Code   138  cmsis_os2.o(i.osThreadNew)
    pcTaskGetName                            0x080074d9   Thumb Code    28  tasks.o(i.pcTaskGetName)
    pvPortMalloc                             0x08007d11   Thumb Code   216  heap_4.o(i.pvPortMalloc)
    pvTaskIncrementMutexHeldCount            0x08007ded   Thumb Code    18  tasks.o(i.pvTaskIncrementMutexHeldCount)
    pxPortInitialiseStack                    0x08007e05   Thumb Code    40  port.o(i.pxPortInitialiseStack)
    uxListRemove                             0x08007f01   Thumb Code    38  list.o(i.uxListRemove)
    vApplicationGetIdleTaskMemory            0x08007f29   Thumb Code    16  cmsis_os2.o(i.vApplicationGetIdleTaskMemory)
    vApplicationGetTimerTaskMemory           0x08007f3d   Thumb Code    18  cmsis_os2.o(i.vApplicationGetTimerTaskMemory)
    vListInitialise                          0x08007ff9   Thumb Code    22  list.o(i.vListInitialise)
    vListInitialiseItem                      0x0800800f   Thumb Code     6  list.o(i.vListInitialiseItem)
    vListInsert                              0x08008015   Thumb Code    48  list.o(i.vListInsert)
    vListInsertEnd                           0x08008045   Thumb Code    24  list.o(i.vListInsertEnd)
    vPortEnterCritical                       0x0800805d   Thumb Code    54  port.o(i.vPortEnterCritical)
    vPortExitCritical                        0x0800809d   Thumb Code    34  port.o(i.vPortExitCritical)
    vPortFree                                0x080080c5   Thumb Code    94  heap_4.o(i.vPortFree)
    vPortSetupTimerInterrupt                 0x08008129   Thumb Code    32  port.o(i.vPortSetupTimerInterrupt)
    vPortValidateInterruptPriority           0x0800814d   Thumb Code    74  port.o(i.vPortValidateInterruptPriority)
    vQueueAddToRegistry                      0x080081a1   Thumb Code    34  queue.o(i.vQueueAddToRegistry)
    vQueueDelete                             0x080081c9   Thumb Code    46  queue.o(i.vQueueDelete)
    vQueueUnregisterQueue                    0x080081f9   Thumb Code    36  queue.o(i.vQueueUnregisterQueue)
    vQueueWaitForMessageRestricted           0x08008221   Thumb Code    68  queue.o(i.vQueueWaitForMessageRestricted)
    vTaskDelay                               0x080082fd   Thumb Code    66  tasks.o(i.vTaskDelay)
    vTaskDelayUntil                          0x08008349   Thumb Code   132  tasks.o(i.vTaskDelayUntil)
    vTaskInternalSetTimeOutState             0x080083d5   Thumb Code    12  tasks.o(i.vTaskInternalSetTimeOutState)
    vTaskMissedYield                         0x080083e5   Thumb Code     8  tasks.o(i.vTaskMissedYield)
    vTaskPlaceOnEventList                    0x080083f1   Thumb Code    44  tasks.o(i.vTaskPlaceOnEventList)
    vTaskPlaceOnEventListRestricted          0x08008421   Thumb Code    52  tasks.o(i.vTaskPlaceOnEventListRestricted)
    vTaskPriorityDisinheritAfterTimeout      0x08008459   Thumb Code   134  tasks.o(i.vTaskPriorityDisinheritAfterTimeout)
    vTaskStartScheduler                      0x080084e9   Thumb Code   118  tasks.o(i.vTaskStartScheduler)
    vTaskSuspendAll                          0x08008571   Thumb Code    10  tasks.o(i.vTaskSuspendAll)
    vTaskSwitchContext                       0x08008581   Thumb Code    90  tasks.o(i.vTaskSwitchContext)
    xFrameInit                               0x080085e5   Thumb Code   104  driver_frame.o(i.xFrameInit)
    xPortStartScheduler                      0x08008699   Thumb Code   222  port.o(i.xPortStartScheduler)
    xPortSysTickHandler                      0x0800878d   Thumb Code    38  port.o(i.xPortSysTickHandler)
    xPrintInit                               0x080087b9   Thumb Code    78  driver_log.o(i.xPrintInit)
    xQueueAddToSet                           0x08008839   Thumb Code    34  queue.o(i.xQueueAddToSet)
    xQueueCreateSet                          0x0800885b   Thumb Code     8  queue.o(i.xQueueCreateSet)
    xQueueGenericCreate                      0x08008863   Thumb Code    66  queue.o(i.xQueueGenericCreate)
    xQueueGenericCreateStatic                0x080088a5   Thumb Code   102  queue.o(i.xQueueGenericCreateStatic)
    xQueueGenericReset                       0x0800890d   Thumb Code   132  queue.o(i.xQueueGenericReset)
    xQueueGenericSend                        0x08008995   Thumb Code   372  queue.o(i.xQueueGenericSend)
    xQueueGenericSendFromISR                 0x08008b0d   Thumb Code   214  queue.o(i.xQueueGenericSendFromISR)
    xQueueGiveFromISR                        0x08008be3   Thumb Code   172  queue.o(i.xQueueGiveFromISR)
    xQueueReceive                            0x08008c91   Thumb Code   308  queue.o(i.xQueueReceive)
    xQueueSelectFromSet                      0x08008dc9   Thumb Code    18  queue.o(i.xQueueSelectFromSet)
    xQueueSemaphoreTake                      0x08008ddd   Thumb Code   372  queue.o(i.xQueueSemaphoreTake)
    xShellInit                               0x08008f55   Thumb Code   104  driver_shell.o(i.xShellInit)
    xTaskCheckForTimeOut                     0x08009009   Thumb Code   112  tasks.o(i.xTaskCheckForTimeOut)
    xTaskCreate                              0x0800907d   Thumb Code    90  tasks.o(i.xTaskCreate)
    xTaskCreateStatic                        0x080090dd   Thumb Code    86  tasks.o(i.xTaskCreateStatic)
    xTaskGetSchedulerState                   0x08009135   Thumb Code    22  tasks.o(i.xTaskGetSchedulerState)
    xTaskGetTickCount                        0x08009151   Thumb Code     6  tasks.o(i.xTaskGetTickCount)
    xTaskIncrementTick                       0x0800915d   Thumb Code   192  tasks.o(i.xTaskIncrementTick)
    xTaskPriorityDisinherit                  0x08009225   Thumb Code   118  tasks.o(i.xTaskPriorityDisinherit)
    xTaskPriorityInherit                     0x080092a5   Thumb Code   112  tasks.o(i.xTaskPriorityInherit)
    xTaskRemoveFromEventList                 0x0800931d   Thumb Code    98  tasks.o(i.xTaskRemoveFromEventList)
    xTaskResumeAll                           0x0800938d   Thumb Code   182  tasks.o(i.xTaskResumeAll)
    xTimerCreateTimerTask                    0x08009451   Thumb Code    78  timers.o(i.xTimerCreateTimerTask)
    xTimerGenericCommand                     0x080094b1   Thumb Code    98  timers.o(i.xTimerGenericCommand)
    defaultTask_attributes                   0x08009518   Data          36  freertos.o(.constdata)
    pidControlTask_attributes                0x0800953c   Data          36  freertos.o(.constdata)
    UARTPrescTable                           0x0800957c   Data          24  stm32l4xx_hal_uart.o(.constdata)
    AHBPrescTable                            0x080095a4   Data          16  system_stm32l4xx.o(.constdata)
    MSIRangeTable                            0x080095b4   Data          48  system_stm32l4xx.o(.constdata)
    APBPrescTable                            0x080095e4   Data           8  system_stm32l4xx.o(.constdata)
    __ctype_table                            0x0800961c   Data         129  ctype_o.o(.constdata)
    Region$$Table$$Base                      0x08009778   Number         0  anon$$obj.o(Region$$Table)
    Region$$Table$$Limit                     0x08009798   Number         0  anon$$obj.o(Region$$Table)
    g_control_set                            0x20000000   Data           4  freertos.o(.data)
    defaultTaskHandle                        0x20000004   Data           4  freertos.o(.data)
    pidControlTaskHandle                     0x20000008   Data           4  freertos.o(.data)
    AdcRec                                   0x2000000c   Data           8  freertos.o(.data)
    uwTickFreq                               0x20000014   Data           1  stm32l4xx_hal.o(.data)
    uwTickPrio                               0x20000018   Data           4  stm32l4xx_hal.o(.data)
    uwTick                                   0x2000001c   Data           4  stm32l4xx_hal.o(.data)
    SystemCoreClock                          0x20000020   Data           4  system_stm32l4xx.o(.data)
    pxCurrentTCB                             0x20000024   Data           4  tasks.o(.data)
    xPrintQueue                              0x200000a8   Data           4  driver_log.o(.data)
    xPrintTaskHandle                         0x200000ac   Data           4  driver_log.o(.data)
    cmd_len                                  0x200000b0   Data           2  driver_shell.o(.data)
    __stdout                                 0x200000d0   Data           4  stdout.o(.data)
    shell_buff                               0x200000d8   Data          64  main.o(.bss)
    ActuatorRF                               0x20000118   Data          32  freertos.o(.bss)
    ActuatorRB                               0x20000138   Data          32  freertos.o(.bss)
    ActuatorLB                               0x20000158   Data          32  freertos.o(.bss)
    ActuatorLF                               0x20000178   Data          32  freertos.o(.bss)
    ActuatorRf_Pid                           0x20000198   Data          52  freertos.o(.bss)
    ActuatorRb_Pid                           0x200001cc   Data          52  freertos.o(.bss)
    ActuatorLb_Pid                           0x20000200   Data          52  freertos.o(.bss)
    ActuatorLf_Pid                           0x20000234   Data          52  freertos.o(.bss)
    esp8266                                  0x20000268   Data         272  freertos.o(.bss)
    hadc1                                    0x20000378   Data         104  adc.o(.bss)
    hdma_adc1                                0x200003e0   Data          96  adc.o(.bss)
    hlpuart1                                 0x20000440   Data         148  usart.o(.bss)
    huart4                                   0x200004d4   Data         148  usart.o(.bss)
    huart1                                   0x20000568   Data         148  usart.o(.bss)
    hdma_lpuart1_rx                          0x200005fc   Data          96  usart.o(.bss)
    htim4                                    0x2000065c   Data          76  tim.o(.bss)
    htim5                                    0x200006a8   Data          76  tim.o(.bss)
    hpcd_USB_OTG_FS                          0x200006f4   Data        1252  usb_otg.o(.bss)
    htim6                                    0x20000bd8   Data          76  stm32l4xx_hal_timebase_tim.o(.bss)
    xQueueRegistry                           0x20000c24   Data          64  queue.o(.bss)
    __initial_sp                             0x2000e5e8   Data           0  startup_stm32l4r5xx.o(STACK)



==============================================================================

Memory Map of the image

  Image Entry point : 0x080001bd

  Load Region LR_IROM1 (Base: 0x08000000, Size: 0x00009870, Max: 0x00200000, ABSOLUTE)

    Execution Region ER_IROM1 (Exec base: 0x08000000, Load base: 0x08000000, Size: 0x00009798, Max: 0x00200000, ABSOLUTE)

    Exec Addr    Load Addr    Size         Type   Attr      Idx    E Section Name        Object

    0x08000000   0x08000000   0x000001bc   Data   RO            3    RESET               startup_stm32l4r5xx.o
    0x080001bc   0x080001bc   0x00000000   Code   RO         7112  * .ARM.Collect$$$$00000000  mc_w.l(entry.o)
    0x080001bc   0x080001bc   0x00000004   Code   RO         7402    .ARM.Collect$$$$00000001  mc_w.l(entry2.o)
    0x080001c0   0x080001c0   0x00000004   Code   RO         7405    .ARM.Collect$$$$00000004  mc_w.l(entry5.o)
    0x080001c4   0x080001c4   0x00000000   Code   RO         7407    .ARM.Collect$$$$00000008  mc_w.l(entry7b.o)
    0x080001c4   0x080001c4   0x00000000   Code   RO         7409    .ARM.Collect$$$$0000000A  mc_w.l(entry8b.o)
    0x080001c4   0x080001c4   0x00000008   Code   RO         7410    .ARM.Collect$$$$0000000B  mc_w.l(entry9a.o)
    0x080001cc   0x080001cc   0x00000004   Code   RO         7417    .ARM.Collect$$$$0000000E  mc_w.l(entry12b.o)
    0x080001d0   0x080001d0   0x00000000   Code   RO         7412    .ARM.Collect$$$$0000000F  mc_w.l(entry10a.o)
    0x080001d0   0x080001d0   0x00000000   Code   RO         7414    .ARM.Collect$$$$00000011  mc_w.l(entry11a.o)
    0x080001d0   0x080001d0   0x00000004   Code   RO         7403    .ARM.Collect$$$$00002712  mc_w.l(entry2.o)
    0x080001d4   0x080001d4   0x000000de   Code   RO         6630    .emb_text           port.o
    0x080002b2   0x080002b2   0x00000002   PAD
    0x080002b4   0x080002b4   0x00000024   Code   RO            4    .text               startup_stm32l4r5xx.o
    0x080002d8   0x080002d8   0x00000068   Code   RO         7115    .text               mc_w.l(uldiv.o)
    0x08000340   0x08000340   0x00000024   Code   RO         7119    .text               mc_w.l(memcpya.o)
    0x08000364   0x08000364   0x00000024   Code   RO         7123    .text               mc_w.l(memseta.o)
    0x08000388   0x08000388   0x00000024   Code   RO         7125    .text               mc_w.l(strstr.o)
    0x080003ac   0x080003ac   0x00000014   Code   RO         7127    .text               mc_w.l(strchr.o)
    0x080003c0   0x080003c0   0x0000000e   Code   RO         7129    .text               mc_w.l(strlen.o)
    0x080003ce   0x080003ce   0x0000001c   Code   RO         7131    .text               mc_w.l(strcmp.o)
    0x080003ea   0x080003ea   0x0000001a   Code   RO         7396    .text               mc_w.l(atoi.o)
    0x08000404   0x08000404   0x00000026   Code   RO         7398    .text               mf_w.l(f2d.o)
    0x0800042a   0x0800042a   0x00000038   Code   RO         7400    .text               mf_w.l(d2f.o)
    0x08000462   0x08000462   0x0000002c   Code   RO         7419    .text               mc_w.l(uidiv.o)
    0x0800048e   0x0800048e   0x0000001e   Code   RO         7421    .text               mc_w.l(llshl.o)
    0x080004ac   0x080004ac   0x00000020   Code   RO         7423    .text               mc_w.l(llushr.o)
    0x080004cc   0x080004cc   0x0000009c   Code   RO         7435    .text               mc_w.l(strtod.o)
    0x08000568   0x08000568   0x00000070   Code   RO         7437    .text               mc_w.l(strtol.o)
    0x080005d8   0x080005d8   0x00000000   Code   RO         7439    .text               mc_w.l(iusefp.o)
    0x080005d8   0x080005d8   0x0000006e   Code   RO         7440    .text               mf_w.l(fepilogue.o)
    0x08000646   0x08000646   0x0000015e   Code   RO         7442    .text               mf_w.l(dadd.o)
    0x080007a4   0x080007a4   0x000000ea   Code   RO         7444    .text               mf_w.l(dmul.o)
    0x0800088e   0x0800088e   0x000000de   Code   RO         7446    .text               mf_w.l(ddiv.o)
    0x0800096c   0x0800096c   0x00000030   Code   RO         7448    .text               mf_w.l(dfixul.o)
    0x0800099c   0x0800099c   0x00000030   Code   RO         7450    .text               mf_w.l(cdrcmple.o)
    0x080009cc   0x080009cc   0x00000024   Code   RO         7452    .text               mc_w.l(init.o)
    0x080009f0   0x080009f0   0x00000024   Code   RO         7454    .text               mc_w.l(llsshr.o)
    0x08000a14   0x08000a14   0x00000008   Code   RO         7456    .text               mc_w.l(ctype_o.o)
    0x08000a1c   0x08000a1c   0x00000012   Code   RO         7478    .text               mc_w.l(isspace_o.o)
    0x08000a2e   0x08000a2e   0x00000002   PAD
    0x08000a30   0x08000a30   0x00000366   Code   RO         7484    .text               mc_w.l(scanf_fp.o)
    0x08000d96   0x08000d96   0x00000040   Code   RO         7488    .text               mc_w.l(_sgetc.o)
    0x08000dd6   0x08000dd6   0x000000a4   Code   RO         7490    .text               mc_w.l(_strtoul.o)
    0x08000e7a   0x08000e7a   0x000000ba   Code   RO         7492    .text               mf_w.l(depilogue.o)
    0x08000f34   0x08000f34   0x0000001c   Code   RO         7494    .text               mc_w.l(_chval.o)
    0x08000f50   0x08000f50   0x00000018   Code   RO         7496    .text               mf_w.l(dfltul.o)
    0x08000f68   0x08000f68   0x0000000c   Code   RO          570    i.ADC1_IRQHandler   stm32l4xx_it.o
    0x08000f74   0x08000f74   0x00000068   Code   RO          728    i.ADC_DMAConvCplt   stm32l4xx_hal_adc.o
    0x08000fdc   0x08000fdc   0x0000001a   Code   RO          729    i.ADC_DMAError      stm32l4xx_hal_adc.o
    0x08000ff6   0x08000ff6   0x0000000a   Code   RO          730    i.ADC_DMAHalfConvCplt  stm32l4xx_hal_adc.o
    0x08001000   0x08001000   0x000000ac   Code   RO          732    i.ADC_Enable        stm32l4xx_hal_adc.o
    0x080010ac   0x080010ac   0x00000184   Code   RO         6710    i.Actuator_Control  driver_actuator.o
    0x08001230   0x08001230   0x000000a2   Code   RO         6711    i.Actuator_Init     driver_actuator.o
    0x080012d2   0x080012d2   0x00000002   PAD
    0x080012d4   0x080012d4   0x00000024   Code   RO         6712    i.Actuator_UpdateFeedback  driver_actuator.o
    0x080012f8   0x080012f8   0x00000002   Code   RO          571    i.BusFault_Handler  stm32l4xx_it.o
    0x080012fa   0x080012fa   0x0000001e   Code   RO         6925    i.Calculate_Checksum  driver_frame.o
    0x08001318   0x08001318   0x00000248   Code   RO          295    i.ControlFunction   freertos.o
    0x08001560   0x08001560   0x0000000c   Code   RO          572    i.DMA1_Channel1_IRQHandler  stm32l4xx_it.o
    0x0800156c   0x0800156c   0x0000004c   Code   RO         2013    i.DMA_CalcDMAMUXChannelBaseAndMask  stm32l4xx_hal_dma.o
    0x080015b8   0x080015b8   0x00000024   Code   RO         2014    i.DMA_CalcDMAMUXRequestGenBaseAndMask  stm32l4xx_hal_dma.o
    0x080015dc   0x080015dc   0x0000003e   Code   RO         2015    i.DMA_SetConfig     stm32l4xx_hal_dma.o
    0x0800161a   0x0800161a   0x00000002   Code   RO          573    i.DebugMon_Handler  stm32l4xx_it.o
    0x0800161c   0x0800161c   0x00000060   Code   RO         6927    i.Driver_Frame_ParseBuffer  driver_frame.o
    0x0800167c   0x0800167c   0x00000016   Code   RO         6990    i.ESP8266_ClearRxBuffer  driver_esp01s.o
    0x08001692   0x08001692   0x00000002   PAD
    0x08001694   0x08001694   0x00000058   Code   RO         6991    i.ESP8266_CreateTCPServer  driver_esp01s.o
    0x080016ec   0x080016ec   0x0000005c   Code   RO         6992    i.ESP8266_Init      driver_esp01s.o
    0x08001748   0x08001748   0x0000006c   Code   RO         6993    i.ESP8266_InitAP    driver_esp01s.o
    0x080017b4   0x080017b4   0x00000008   Code   RO         6994    i.ESP8266_OnDataReceived  driver_esp01s.o
    0x080017bc   0x080017bc   0x0000001a   Code   RO         6995    i.ESP8266_Receive_IT_Start  driver_esp01s.o
    0x080017d6   0x080017d6   0x00000032   Code   RO         6996    i.ESP8266_RxCpltCallback  driver_esp01s.o
    0x08001808   0x08001808   0x0000006c   Code   RO         6997    i.ESP8266_SendATCommand  driver_esp01s.o
    0x08001874   0x08001874   0x000000c0   Code   RO         6999    i.ESP8266_SendDataIdx  driver_esp01s.o
    0x08001934   0x08001934   0x000000dc   Code   RO         7000    i.ESP8266_UART_IDLE_Handler  driver_esp01s.o
    0x08001a10   0x08001a10   0x00000004   Code   RO           13    i.Error_Handler     main.o
    0x08001a14   0x08001a14   0x0000004c   Code   RO         6928    i.Frame_GetArgsFromISR  driver_frame.o
    0x08001a60   0x08001a60   0x00000002   Code   RO          962    i.HAL_ADCEx_EndOfSamplingCallback  stm32l4xx_hal_adc_ex.o
    0x08001a62   0x08001a62   0x00000002   Code   RO          965    i.HAL_ADCEx_InjectedConvCpltCallback  stm32l4xx_hal_adc_ex.o
    0x08001a64   0x08001a64   0x00000002   Code   RO          968    i.HAL_ADCEx_InjectedQueueOverflowCallback  stm32l4xx_hal_adc_ex.o
    0x08001a66   0x08001a66   0x00000002   Code   RO          973    i.HAL_ADCEx_LevelOutOfWindow2Callback  stm32l4xx_hal_adc_ex.o
    0x08001a68   0x08001a68   0x00000002   Code   RO          974    i.HAL_ADCEx_LevelOutOfWindow3Callback  stm32l4xx_hal_adc_ex.o
    0x08001a6a   0x08001a6a   0x00000002   PAD
    0x08001a6c   0x08001a6c   0x0000040e   Code   RO          734    i.HAL_ADC_ConfigChannel  stm32l4xx_hal_adc.o
    0x08001e7a   0x08001e7a   0x00000002   PAD
    0x08001e7c   0x08001e7c   0x00000048   Code   RO         6749    i.HAL_ADC_ConvCpltCallback  driver_irq.o
    0x08001ec4   0x08001ec4   0x00000002   Code   RO          736    i.HAL_ADC_ConvHalfCpltCallback  stm32l4xx_hal_adc.o
    0x08001ec6   0x08001ec6   0x00000002   Code   RO          738    i.HAL_ADC_ErrorCallback  stm32l4xx_hal_adc.o
    0x08001ec8   0x08001ec8   0x00000202   Code   RO          742    i.HAL_ADC_IRQHandler  stm32l4xx_hal_adc.o
    0x080020ca   0x080020ca   0x00000002   PAD
    0x080020cc   0x080020cc   0x000001ac   Code   RO          743    i.HAL_ADC_Init      stm32l4xx_hal_adc.o
    0x08002278   0x08002278   0x00000002   Code   RO          744    i.HAL_ADC_LevelOutOfWindowCallback  stm32l4xx_hal_adc.o
    0x0800227a   0x0800227a   0x00000002   PAD
    0x0800227c   0x0800227c   0x000000f8   Code   RO          355    i.HAL_ADC_MspInit   adc.o
    0x08002374   0x08002374   0x000000b4   Code   RO          750    i.HAL_ADC_Start_DMA  stm32l4xx_hal_adc.o
    0x08002428   0x08002428   0x0000006e   Code   RO         2016    i.HAL_DMA_Abort     stm32l4xx_hal_dma.o
    0x08002496   0x08002496   0x00000070   Code   RO         2017    i.HAL_DMA_Abort_IT  stm32l4xx_hal_dma.o
    0x08002506   0x08002506   0x00000002   PAD
    0x08002508   0x08002508   0x000000d4   Code   RO         2021    i.HAL_DMA_IRQHandler  stm32l4xx_hal_dma.o
    0x080025dc   0x080025dc   0x000000c4   Code   RO         2022    i.HAL_DMA_Init      stm32l4xx_hal_dma.o
    0x080026a0   0x080026a0   0x00000090   Code   RO         2026    i.HAL_DMA_Start_IT  stm32l4xx_hal_dma.o
    0x08002730   0x08002730   0x00000024   Code   RO         1141    i.HAL_Delay         stm32l4xx_hal.o
    0x08002754   0x08002754   0x00000256   Code   RO         1914    i.HAL_GPIO_Init     stm32l4xx_hal_gpio.o
    0x080029aa   0x080029aa   0x00000010   Code   RO         1917    i.HAL_GPIO_TogglePin  stm32l4xx_hal_gpio.o
    0x080029ba   0x080029ba   0x0000000a   Code   RO         1918    i.HAL_GPIO_WritePin  stm32l4xx_hal_gpio.o
    0x080029c4   0x080029c4   0x0000000c   Code   RO         1145    i.HAL_GetTick       stm32l4xx_hal.o
    0x080029d0   0x080029d0   0x00000010   Code   RO         1151    i.HAL_IncTick       stm32l4xx_hal.o
    0x080029e0   0x080029e0   0x0000001e   Code   RO         1152    i.HAL_Init          stm32l4xx_hal.o
    0x080029fe   0x080029fe   0x00000002   PAD
    0x08002a00   0x08002a00   0x00000098   Code   RO          688    i.HAL_InitTick      stm32l4xx_hal_timebase_tim.o
    0x08002a98   0x08002a98   0x00000034   Code   RO          664    i.HAL_MspInit       stm32l4xx_hal_msp.o
    0x08002acc   0x08002acc   0x0000001a   Code   RO         2563    i.HAL_NVIC_EnableIRQ  stm32l4xx_hal_cortex.o
    0x08002ae6   0x08002ae6   0x00000002   PAD
    0x08002ae8   0x08002ae8   0x00000040   Code   RO         2569    i.HAL_NVIC_SetPriority  stm32l4xx_hal_cortex.o
    0x08002b28   0x08002b28   0x00000024   Code   RO         2570    i.HAL_NVIC_SetPriorityGrouping  stm32l4xx_hal_cortex.o
    0x08002b4c   0x08002b4c   0x00000028   Code   RO         4536    i.HAL_PCDEx_ActivateLPM  stm32l4xx_hal_pcd_ex.o
    0x08002b74   0x08002b74   0x000000d0   Code   RO         4336    i.HAL_PCD_Init      stm32l4xx_hal_pcd.o
    0x08002c44   0x08002c44   0x000000b8   Code   RO          529    i.HAL_PCD_MspInit   usb_otg.o
    0x08002cfc   0x08002cfc   0x000000bc   Code   RO         2281    i.HAL_PWREx_ControlVoltageScaling  stm32l4xx_hal_pwr_ex.o
    0x08002db8   0x08002db8   0x00000010   Code   RO         2310    i.HAL_PWREx_EnableVddIO2  stm32l4xx_hal_pwr_ex.o
    0x08002dc8   0x08002dc8   0x00000010   Code   RO         2311    i.HAL_PWREx_EnableVddUSB  stm32l4xx_hal_pwr_ex.o
    0x08002dd8   0x08002dd8   0x00000028   Code   RO         2316    i.HAL_PWREx_GetVoltageRange  stm32l4xx_hal_pwr_ex.o
    0x08002e00   0x08002e00   0x0000041e   Code   RO         1505    i.HAL_RCCEx_PeriphCLKConfig  stm32l4xx_hal_rcc_ex.o
    0x0800321e   0x0800321e   0x00000002   PAD
    0x08003220   0x08003220   0x00000198   Code   RO         1369    i.HAL_RCC_ClockConfig  stm32l4xx_hal_rcc.o
    0x080033b8   0x080033b8   0x00000040   Code   RO         1372    i.HAL_RCC_GetClockConfig  stm32l4xx_hal_rcc.o
    0x080033f8   0x080033f8   0x00000024   Code   RO         1375    i.HAL_RCC_GetPCLK1Freq  stm32l4xx_hal_rcc.o
    0x0800341c   0x0800341c   0x00000024   Code   RO         1376    i.HAL_RCC_GetPCLK2Freq  stm32l4xx_hal_rcc.o
    0x08003440   0x08003440   0x000000a4   Code   RO         1378    i.HAL_RCC_GetSysClockFreq  stm32l4xx_hal_rcc.o
    0x080034e4   0x080034e4   0x00000568   Code   RO         1381    i.HAL_RCC_OscConfig  stm32l4xx_hal_rcc.o
    0x08003a4c   0x08003a4c   0x00000002   Code   RO         4029    i.HAL_TIMEx_Break2Callback  stm32l4xx_hal_tim_ex.o
    0x08003a4e   0x08003a4e   0x00000002   Code   RO         4030    i.HAL_TIMEx_BreakCallback  stm32l4xx_hal_tim_ex.o
    0x08003a50   0x08003a50   0x00000002   Code   RO         4031    i.HAL_TIMEx_CommutCallback  stm32l4xx_hal_tim_ex.o
    0x08003a52   0x08003a52   0x00000002   PAD
    0x08003a54   0x08003a54   0x0000009c   Code   RO         4051    i.HAL_TIMEx_MasterConfigSynchronization  stm32l4xx_hal_tim_ex.o
    0x08003af0   0x08003af0   0x00000062   Code   RO         3315    i.HAL_TIM_Base_Init  stm32l4xx_hal_tim.o
    0x08003b52   0x08003b52   0x00000002   Code   RO         3317    i.HAL_TIM_Base_MspInit  stm32l4xx_hal_tim.o
    0x08003b54   0x08003b54   0x00000080   Code   RO         3320    i.HAL_TIM_Base_Start_IT  stm32l4xx_hal_tim.o
    0x08003bd4   0x08003bd4   0x00000002   Code   RO         3349    i.HAL_TIM_IC_CaptureCallback  stm32l4xx_hal_tim.o
    0x08003bd6   0x08003bd6   0x0000014a   Code   RO         3363    i.HAL_TIM_IRQHandler  stm32l4xx_hal_tim.o
    0x08003d20   0x08003d20   0x00000084   Code   RO          474    i.HAL_TIM_MspPostInit  tim.o
    0x08003da4   0x08003da4   0x00000002   Code   RO         3366    i.HAL_TIM_OC_DelayElapsedCallback  stm32l4xx_hal_tim.o
    0x08003da6   0x08003da6   0x00000124   Code   RO         3387    i.HAL_TIM_PWM_ConfigChannel  stm32l4xx_hal_tim.o
    0x08003eca   0x08003eca   0x00000062   Code   RO         3390    i.HAL_TIM_PWM_Init  stm32l4xx_hal_tim.o
    0x08003f2c   0x08003f2c   0x00000040   Code   RO          476    i.HAL_TIM_PWM_MspInit  tim.o
    0x08003f6c   0x08003f6c   0x00000002   Code   RO         3393    i.HAL_TIM_PWM_PulseFinishedCallback  stm32l4xx_hal_tim.o
    0x08003f6e   0x08003f6e   0x00000002   PAD
    0x08003f70   0x08003f70   0x00000104   Code   RO         3395    i.HAL_TIM_PWM_Start  stm32l4xx_hal_tim.o
    0x08004074   0x08004074   0x00000014   Code   RO           14    i.HAL_TIM_PeriodElapsedCallback  main.o
    0x08004088   0x08004088   0x00000002   Code   RO         3406    i.HAL_TIM_TriggerCallback  stm32l4xx_hal_tim.o
    0x0800408a   0x0800408a   0x0000003e   Code   RO         3195    i.HAL_UARTEx_DisableFifoMode  stm32l4xx_hal_uart_ex.o
    0x080040c8   0x080040c8   0x0000004a   Code   RO         3201    i.HAL_UARTEx_ReceiveToIdle_DMA  stm32l4xx_hal_uart_ex.o
    0x08004112   0x08004112   0x00000002   PAD
    0x08004114   0x08004114   0x00000030   Code   RO         6750    i.HAL_UARTEx_RxEventCallback  driver_irq.o
    0x08004144   0x08004144   0x00000002   Code   RO         3203    i.HAL_UARTEx_RxFifoFullCallback  stm32l4xx_hal_uart_ex.o
    0x08004146   0x08004146   0x0000004c   Code   RO         3204    i.HAL_UARTEx_SetRxFifoThreshold  stm32l4xx_hal_uart_ex.o
    0x08004192   0x08004192   0x0000004c   Code   RO         3205    i.HAL_UARTEx_SetTxFifoThreshold  stm32l4xx_hal_uart_ex.o
    0x080041de   0x080041de   0x00000002   Code   RO         3207    i.HAL_UARTEx_TxFifoEmptyCallback  stm32l4xx_hal_uart_ex.o
    0x080041e0   0x080041e0   0x00000002   Code   RO         3208    i.HAL_UARTEx_WakeupCallback  stm32l4xx_hal_uart_ex.o
    0x080041e2   0x080041e2   0x00000002   Code   RO         2800    i.HAL_UART_ErrorCallback  stm32l4xx_hal_uart.o
    0x080041e4   0x080041e4   0x0000031c   Code   RO         2803    i.HAL_UART_IRQHandler  stm32l4xx_hal_uart.o
    0x08004500   0x08004500   0x0000006a   Code   RO         2804    i.HAL_UART_Init     stm32l4xx_hal_uart.o
    0x0800456a   0x0800456a   0x00000002   PAD
    0x0800456c   0x0800456c   0x0000019c   Code   RO          421    i.HAL_UART_MspInit  usart.o
    0x08004708   0x08004708   0x00000048   Code   RO         2809    i.HAL_UART_Receive_IT  stm32l4xx_hal_uart.o
    0x08004750   0x08004750   0x0000000c   Code   RO         6751    i.HAL_UART_RxCpltCallback  driver_irq.o
    0x0800475c   0x0800475c   0x00000002   Code   RO         2812    i.HAL_UART_RxHalfCpltCallback  stm32l4xx_hal_uart.o
    0x0800475e   0x0800475e   0x00000002   PAD
    0x08004760   0x08004760   0x000000bc   Code   RO         2813    i.HAL_UART_Transmit  stm32l4xx_hal_uart.o
    0x0800481c   0x0800481c   0x00000002   Code   RO         2816    i.HAL_UART_TxCpltCallback  stm32l4xx_hal_uart.o
    0x0800481e   0x0800481e   0x00000002   Code   RO          574    i.HardFault_Handler  stm32l4xx_it.o
    0x08004820   0x08004820   0x0000000c   Code   RO          756    i.LL_ADC_GetOffsetChannel  stm32l4xx_hal_adc.o
    0x0800482c   0x0800482c   0x00000008   Code   RO          757    i.LL_ADC_INJ_IsConversionOngoing  stm32l4xx_hal_adc.o
    0x08004834   0x08004834   0x00000008   Code   RO          758    i.LL_ADC_REG_IsConversionOngoing  stm32l4xx_hal_adc.o
    0x0800483c   0x0800483c   0x00000010   Code   RO          759    i.LL_ADC_REG_IsTriggerSourceSWStart  stm32l4xx_hal_adc.o
    0x0800484c   0x0800484c   0x0000001e   Code   RO          761    i.LL_ADC_SetChannelSamplingTime  stm32l4xx_hal_adc.o
    0x0800486a   0x0800486a   0x00000010   Code   RO          762    i.LL_ADC_SetOffsetState  stm32l4xx_hal_adc.o
    0x0800487a   0x0800487a   0x00000002   PAD
    0x0800487c   0x0800487c   0x0000000c   Code   RO          575    i.LPUART1_IRQHandler  stm32l4xx_it.o
    0x08004888   0x08004888   0x000000d0   Code   RO          356    i.MX_ADC1_Init      adc.o
    0x08004958   0x08004958   0x0000003c   Code   RO          396    i.MX_DMA_Init       dma.o
    0x08004994   0x08004994   0x00000170   Code   RO          296    i.MX_FREERTOS_Init  freertos.o
    0x08004b04   0x08004b04   0x0000011c   Code   RO          271    i.MX_GPIO_Init      gpio.o
    0x08004c20   0x08004c20   0x00000068   Code   RO          422    i.MX_LPUART1_UART_Init  usart.o
    0x08004c88   0x08004c88   0x000000a4   Code   RO          477    i.MX_TIM4_Init      tim.o
    0x08004d2c   0x08004d2c   0x000000a4   Code   RO          478    i.MX_TIM5_Init      tim.o
    0x08004dd0   0x08004dd0   0x00000068   Code   RO          423    i.MX_UART4_Init     usart.o
    0x08004e38   0x08004e38   0x00000068   Code   RO          424    i.MX_USART1_UART_Init  usart.o
    0x08004ea0   0x08004ea0   0x0000003c   Code   RO          530    i.MX_USB_OTG_FS_PCD_Init  usb_otg.o
    0x08004edc   0x08004edc   0x00000002   Code   RO          576    i.MemManage_Handler  stm32l4xx_it.o
    0x08004ede   0x08004ede   0x00000002   Code   RO          577    i.NMI_Handler       stm32l4xx_it.o
    0x08004ee0   0x08004ee0   0x000000d8   Code   RO         7075    i.PID_Compute       alg_pid.o
    0x08004fb8   0x08004fb8   0x0000004c   Code   RO         7076    i.PID_Init          alg_pid.o
    0x08005004   0x08005004   0x0000000a   Code   RO         7077    i.PID_SetTarget     alg_pid.o
    0x0800500e   0x0800500e   0x00000002   PAD
    0x08005010   0x08005010   0x00000128   Code   RO         1509    i.RCCEx_PLLSAI1_Config  stm32l4xx_hal_rcc_ex.o
    0x08005138   0x08005138   0x00000128   Code   RO         1510    i.RCCEx_PLLSAI2_Config  stm32l4xx_hal_rcc_ex.o
    0x08005260   0x08005260   0x00000070   Code   RO         1382    i.RCC_GetSysClockFreqFromPLLSource  stm32l4xx_hal_rcc.o
    0x080052d0   0x080052d0   0x00000074   Code   RO         1383    i.RCC_SetFlashLatencyFromMSIRange  stm32l4xx_hal_rcc.o
    0x08005344   0x08005344   0x000000aa   Code   RO         6851    i.Shell_Exec        driver_shell.o
    0x080053ee   0x080053ee   0x00000002   PAD
    0x080053f0   0x080053f0   0x00000038   Code   RO         6852    i.Shell_GetArgsFromISR  driver_shell.o
    0x08005428   0x08005428   0x000000a0   Code   RO          297    i.StartDefaultTask  freertos.o
    0x080054c8   0x080054c8   0x0000001a   Code   RO         6065    i.SysTick_Handler   cmsis_os2.o
    0x080054e2   0x080054e2   0x00000078   Code   RO           15    i.SystemClock_Config  main.o
    0x0800555a   0x0800555a   0x00000002   PAD
    0x0800555c   0x0800555c   0x00000010   Code   RO         4886    i.SystemInit        system_stm32l4xx.o
    0x0800556c   0x0800556c   0x0000000c   Code   RO          578    i.TIM6_DAC_IRQHandler  stm32l4xx_it.o
    0x08005578   0x08005578   0x000000c8   Code   RO         3408    i.TIM_Base_SetConfig  stm32l4xx_hal_tim.o
    0x08005640   0x08005640   0x0000001a   Code   RO         3409    i.TIM_CCxChannelCmd  stm32l4xx_hal_tim.o
    0x0800565a   0x0800565a   0x00000002   PAD
    0x0800565c   0x0800565c   0x000000a4   Code   RO         3421    i.TIM_OC1_SetConfig  stm32l4xx_hal_tim.o
    0x08005700   0x08005700   0x00000094   Code   RO         3422    i.TIM_OC2_SetConfig  stm32l4xx_hal_tim.o
    0x08005794   0x08005794   0x00000094   Code   RO         3423    i.TIM_OC3_SetConfig  stm32l4xx_hal_tim.o
    0x08005828   0x08005828   0x00000074   Code   RO         3424    i.TIM_OC4_SetConfig  stm32l4xx_hal_tim.o
    0x0800589c   0x0800589c   0x00000070   Code   RO         3425    i.TIM_OC5_SetConfig  stm32l4xx_hal_tim.o
    0x0800590c   0x0800590c   0x00000070   Code   RO         3426    i.TIM_OC6_SetConfig  stm32l4xx_hal_tim.o
    0x0800597c   0x0800597c   0x0000000c   Code   RO          579    i.UART4_IRQHandler  stm32l4xx_it.o
    0x08005988   0x08005988   0x00000044   Code   RO         3209    i.UARTEx_SetNbDataToProcess  stm32l4xx_hal_uart_ex.o
    0x080059cc   0x080059cc   0x000000c8   Code   RO         2818    i.UART_AdvFeatureConfig  stm32l4xx_hal_uart.o
    0x08005a94   0x08005a94   0x000000ac   Code   RO         2819    i.UART_CheckIdleState  stm32l4xx_hal_uart.o
    0x08005b40   0x08005b40   0x0000000a   Code   RO         2820    i.UART_DMAAbortOnError  stm32l4xx_hal_uart.o
    0x08005b4a   0x08005b4a   0x00000044   Code   RO         2821    i.UART_DMAError     stm32l4xx_hal_uart.o
    0x08005b8e   0x08005b8e   0x00000096   Code   RO         2822    i.UART_DMAReceiveCplt  stm32l4xx_hal_uart.o
    0x08005c24   0x08005c24   0x0000003c   Code   RO         2824    i.UART_DMARxHalfCplt  stm32l4xx_hal_uart.o
    0x08005c60   0x08005c60   0x00000054   Code   RO         2830    i.UART_EndRxTransfer  stm32l4xx_hal_uart.o
    0x08005cb4   0x08005cb4   0x0000002e   Code   RO         2831    i.UART_EndTxTransfer  stm32l4xx_hal_uart.o
    0x08005ce2   0x08005ce2   0x00000002   PAD
    0x08005ce4   0x08005ce4   0x000000c8   Code   RO         2832    i.UART_RxISR_16BIT  stm32l4xx_hal_uart.o
    0x08005dac   0x08005dac   0x000001a0   Code   RO         2833    i.UART_RxISR_16BIT_FIFOEN  stm32l4xx_hal_uart.o
    0x08005f4c   0x08005f4c   0x000000c8   Code   RO         2834    i.UART_RxISR_8BIT   stm32l4xx_hal_uart.o
    0x08006014   0x08006014   0x000001a0   Code   RO         2835    i.UART_RxISR_8BIT_FIFOEN  stm32l4xx_hal_uart.o
    0x080061b4   0x080061b4   0x00000298   Code   RO         2836    i.UART_SetConfig    stm32l4xx_hal_uart.o
    0x0800644c   0x0800644c   0x000000a8   Code   RO         2837    i.UART_Start_Receive_DMA  stm32l4xx_hal_uart.o
    0x080064f4   0x080064f4   0x00000110   Code   RO         2838    i.UART_Start_Receive_IT  stm32l4xx_hal_uart.o
    0x08006604   0x08006604   0x00000094   Code   RO         2843    i.UART_WaitOnFlagUntilTimeout  stm32l4xx_hal_uart.o
    0x08006698   0x08006698   0x0000001c   Code   RO          580    i.USART1_IRQHandler  stm32l4xx_it.o
    0x080066b4   0x080066b4   0x00000064   Code   RO         4612    i.USB_CoreInit      stm32l4xx_ll_usb.o
    0x08006718   0x08006718   0x0000001c   Code   RO         4617    i.USB_DevDisconnect  stm32l4xx_ll_usb.o
    0x08006734   0x08006734   0x0000014c   Code   RO         4618    i.USB_DevInit       stm32l4xx_ll_usb.o
    0x08006880   0x08006880   0x0000000c   Code   RO         4619    i.USB_DisableGlobalInt  stm32l4xx_ll_usb.o
    0x0800688c   0x0800688c   0x00000038   Code   RO         4628    i.USB_FlushRxFifo   stm32l4xx_ll_usb.o
    0x080068c4   0x080068c4   0x0000003c   Code   RO         4629    i.USB_FlushTxFifo   stm32l4xx_ll_usb.o
    0x08006900   0x08006900   0x0000005c   Code   RO         4644    i.USB_SetCurrentMode  stm32l4xx_ll_usb.o
    0x0800695c   0x0800695c   0x00000062   Code   RO         7001    i.Upload_Data       driver_esp01s.o
    0x080069be   0x080069be   0x00000002   Code   RO          581    i.UsageFault_Handler  stm32l4xx_it.o
    0x080069c0   0x080069c0   0x00000020   Code   RO         7368    i.__0printf         mc_w.l(printfa.o)
    0x080069e0   0x080069e0   0x00000028   Code   RO         7370    i.__0sprintf        mc_w.l(printfa.o)
    0x08006a08   0x08006a08   0x00000020   Code   RO         2576    i.__NVIC_SetPriority  stm32l4xx_hal_cortex.o
    0x08006a28   0x08006a28   0x00000008   Code   RO         7428    i.__aeabi_errno_addr  mc_w.l(errno.o)
    0x08006a30   0x08006a30   0x00000038   Code   RO         7106    i.__hardfp_atof     m_wm.l(atof.o)
    0x08006a68   0x08006a68   0x0000000c   Code   RO         7429    i.__read_errno      mc_w.l(errno.o)
    0x08006a74   0x08006a74   0x0000000e   Code   RO         7500    i.__scatterload_copy  mc_w.l(handlers.o)
    0x08006a82   0x08006a82   0x00000002   Code   RO         7501    i.__scatterload_null  mc_w.l(handlers.o)
    0x08006a84   0x08006a84   0x0000000e   Code   RO         7502    i.__scatterload_zeroinit  mc_w.l(handlers.o)
    0x08006a92   0x08006a92   0x00000002   PAD
    0x08006a94   0x08006a94   0x0000000c   Code   RO         7430    i.__set_errno       mc_w.l(errno.o)
    0x08006aa0   0x08006aa0   0x0000018a   Code   RO         7375    i._fp_digits        mc_w.l(printfa.o)
    0x08006c2a   0x08006c2a   0x0000000e   Code   RO         7486    i._is_digit         mc_w.l(scanf_fp.o)
    0x08006c38   0x08006c38   0x000006ba   Code   RO         7376    i._printf_core      mc_w.l(printfa.o)
    0x080072f2   0x080072f2   0x00000024   Code   RO         7377    i._printf_post_padding  mc_w.l(printfa.o)
    0x08007316   0x08007316   0x0000002e   Code   RO         7378    i._printf_pre_padding  mc_w.l(printfa.o)
    0x08007344   0x08007344   0x0000000a   Code   RO         7380    i._sputc            mc_w.l(printfa.o)
    0x0800734e   0x0800734e   0x00000002   PAD
    0x08007350   0x08007350   0x0000003c   Code   RO         6796    i.fputc             driver_log.o
    0x0800738c   0x0800738c   0x0000000c   Code   RO         6929    i.get_FrameQueueHandle  driver_frame.o
    0x08007398   0x08007398   0x0000000c   Code   RO         6853    i.get_shellQueueHandle  driver_shell.o
    0x080073a4   0x080073a4   0x0000004c   Code   RO           16    i.main              main.o
    0x080073f0   0x080073f0   0x00000024   Code   RO         6081    i.osKernelInitialize  cmsis_os2.o
    0x08007414   0x08007414   0x00000038   Code   RO         6084    i.osKernelStart     cmsis_os2.o
    0x0800744c   0x0800744c   0x0000008a   Code   RO         6126    i.osThreadNew       cmsis_os2.o
    0x080074d6   0x080074d6   0x00000002   PAD
    0x080074d8   0x080074d8   0x00000020   Code   RO         5528    i.pcTaskGetName     tasks.o
    0x080074f8   0x080074f8   0x0000005c   Code   RO         5529    i.prvAddCurrentTaskToDelayedList  tasks.o
    0x08007554   0x08007554   0x000000d0   Code   RO         5530    i.prvAddNewTaskToReadyList  tasks.o
    0x08007624   0x08007624   0x00000058   Code   RO         5894    i.prvCheckForValidListAndQueue  timers.o
    0x0800767c   0x0800767c   0x00000026   Code   RO         5091    i.prvCopyDataFromQueue  queue.o
    0x080076a2   0x080076a2   0x0000006c   Code   RO         5092    i.prvCopyDataToQueue  queue.o
    0x0800770e   0x0800770e   0x00000034   Code   RO         5531    i.prvDeleteTCB      tasks.o
    0x08007742   0x08007742   0x00000002   PAD
    0x08007744   0x08007744   0x0000004c   Code   RO         6575    i.prvHeapInit       heap_4.o
    0x08007790   0x08007790   0x00000060   Code   RO         5532    i.prvIdleTask       tasks.o
    0x080077f0   0x080077f0   0x00000026   Code   RO         5094    i.prvInitialiseNewQueue  queue.o
    0x08007816   0x08007816   0x00000002   PAD
    0x08007818   0x08007818   0x000000b6   Code   RO         5533    i.prvInitialiseNewTask  tasks.o
    0x080078ce   0x080078ce   0x00000002   PAD
    0x080078d0   0x080078d0   0x0000004c   Code   RO         6576    i.prvInsertBlockIntoFreeList  heap_4.o
    0x0800791c   0x0800791c   0x00000038   Code   RO         5896    i.prvInsertTimerInActiveList  timers.o
    0x08007954   0x08007954   0x0000001c   Code   RO         5095    i.prvIsQueueEmpty   queue.o
    0x08007970   0x08007970   0x0000006c   Code   RO         5096    i.prvNotifyQueueSetContainer  queue.o
    0x080079dc   0x080079dc   0x000000fc   Code   RO         5897    i.prvProcessReceivedCommands  timers.o
    0x08007ad8   0x08007ad8   0x000000c0   Code   RO         5898    i.prvProcessTimerOrBlockTask  timers.o
    0x08007b98   0x08007b98   0x00000020   Code   RO         5535    i.prvResetNextTaskUnblockTime  tasks.o
    0x08007bb8   0x08007bb8   0x00000028   Code   RO         5899    i.prvSampleTimeNow  timers.o
    0x08007be0   0x08007be0   0x0000006c   Code   RO         5900    i.prvSwitchTimerLists  timers.o
    0x08007c4c   0x08007c4c   0x00000028   Code   RO         6631    i.prvTaskExitError  port.o
    0x08007c74   0x08007c74   0x00000024   Code   RO         5901    i.prvTimerTask      timers.o
    0x08007c98   0x08007c98   0x00000076   Code   RO         5097    i.prvUnlockQueue    queue.o
    0x08007d0e   0x08007d0e   0x00000002   PAD
    0x08007d10   0x08007d10   0x000000dc   Code   RO         6577    i.pvPortMalloc      heap_4.o
    0x08007dec   0x08007dec   0x00000018   Code   RO         5538    i.pvTaskIncrementMutexHeldCount  tasks.o
    0x08007e04   0x08007e04   0x0000002c   Code   RO         6632    i.pxPortInitialiseStack  port.o
    0x08007e30   0x08007e30   0x00000034   Code   RO         6854    i.shell_cmd_lb      driver_shell.o
    0x08007e64   0x08007e64   0x00000034   Code   RO         6855    i.shell_cmd_lf      driver_shell.o
    0x08007e98   0x08007e98   0x00000034   Code   RO         6856    i.shell_cmd_rb      driver_shell.o
    0x08007ecc   0x08007ecc   0x00000034   Code   RO         6857    i.shell_cmd_rf      driver_shell.o
    0x08007f00   0x08007f00   0x00000026   Code   RO         5051    i.uxListRemove      list.o
    0x08007f26   0x08007f26   0x00000002   PAD
    0x08007f28   0x08007f28   0x00000014   Code   RO         6138    i.vApplicationGetIdleTaskMemory  cmsis_os2.o
    0x08007f3c   0x08007f3c   0x00000018   Code   RO         6139    i.vApplicationGetTimerTaskMemory  cmsis_os2.o
    0x08007f54   0x08007f54   0x000000a4   Code   RO         6930    i.vFrameExecTask    driver_frame.o
    0x08007ff8   0x08007ff8   0x00000016   Code   RO         5052    i.vListInitialise   list.o
    0x0800800e   0x0800800e   0x00000006   Code   RO         5053    i.vListInitialiseItem  list.o
    0x08008014   0x08008014   0x00000030   Code   RO         5054    i.vListInsert       list.o
    0x08008044   0x08008044   0x00000018   Code   RO         5055    i.vListInsertEnd    list.o
    0x0800805c   0x0800805c   0x00000040   Code   RO         6634    i.vPortEnterCritical  port.o
    0x0800809c   0x0800809c   0x00000028   Code   RO         6635    i.vPortExitCritical  port.o
    0x080080c4   0x080080c4   0x00000064   Code   RO         6578    i.vPortFree         heap_4.o
    0x08008128   0x08008128   0x00000024   Code   RO         6636    i.vPortSetupTimerInterrupt  port.o
    0x0800814c   0x0800814c   0x00000054   Code   RO         6637    i.vPortValidateInterruptPriority  port.o
    0x080081a0   0x080081a0   0x00000028   Code   RO         5103    i.vQueueAddToRegistry  queue.o
    0x080081c8   0x080081c8   0x0000002e   Code   RO         5104    i.vQueueDelete      queue.o
    0x080081f6   0x080081f6   0x00000002   PAD
    0x080081f8   0x080081f8   0x00000028   Code   RO         5106    i.vQueueUnregisterQueue  queue.o
    0x08008220   0x08008220   0x00000044   Code   RO         5107    i.vQueueWaitForMessageRestricted  queue.o
    0x08008264   0x08008264   0x00000064   Code   RO         6858    i.vShellExecTask    driver_shell.o
    0x080082c8   0x080082c8   0x00000034   Code   RO         6799    i.vStartPrintTask   driver_log.o
    0x080082fc   0x080082fc   0x0000004c   Code   RO         5548    i.vTaskDelay        tasks.o
    0x08008348   0x08008348   0x0000008c   Code   RO         5549    i.vTaskDelayUntil   tasks.o
    0x080083d4   0x080083d4   0x00000010   Code   RO         5553    i.vTaskInternalSetTimeOutState  tasks.o
    0x080083e4   0x080083e4   0x0000000c   Code   RO         5554    i.vTaskMissedYield  tasks.o
    0x080083f0   0x080083f0   0x00000030   Code   RO         5556    i.vTaskPlaceOnEventList  tasks.o
    0x08008420   0x08008420   0x00000038   Code   RO         5557    i.vTaskPlaceOnEventListRestricted  tasks.o
    0x08008458   0x08008458   0x00000090   Code   RO         5559    i.vTaskPriorityDisinheritAfterTimeout  tasks.o
    0x080084e8   0x080084e8   0x00000088   Code   RO         5565    i.vTaskStartScheduler  tasks.o
    0x08008570   0x08008570   0x00000010   Code   RO         5567    i.vTaskSuspendAll   tasks.o
    0x08008580   0x08008580   0x00000064   Code   RO         5568    i.vTaskSwitchContext  tasks.o
    0x080085e4   0x080085e4   0x000000b4   Code   RO         6931    i.xFrameInit        driver_frame.o
    0x08008698   0x08008698   0x000000f4   Code   RO         6638    i.xPortStartScheduler  port.o
    0x0800878c   0x0800878c   0x0000002c   Code   RO         6639    i.xPortSysTickHandler  port.o
    0x080087b8   0x080087b8   0x00000080   Code   RO         6800    i.xPrintInit        driver_log.o
    0x08008838   0x08008838   0x00000022   Code   RO         5108    i.xQueueAddToSet    queue.o
    0x0800885a   0x0800885a   0x00000008   Code   RO         5113    i.xQueueCreateSet   queue.o
    0x08008862   0x08008862   0x00000042   Code   RO         5114    i.xQueueGenericCreate  queue.o
    0x080088a4   0x080088a4   0x00000066   Code   RO         5115    i.xQueueGenericCreateStatic  queue.o
    0x0800890a   0x0800890a   0x00000002   PAD
    0x0800890c   0x0800890c   0x00000088   Code   RO         5116    i.xQueueGenericReset  queue.o
    0x08008994   0x08008994   0x00000178   Code   RO         5117    i.xQueueGenericSend  queue.o
    0x08008b0c   0x08008b0c   0x000000d6   Code   RO         5118    i.xQueueGenericSendFromISR  queue.o
    0x08008be2   0x08008be2   0x000000ac   Code   RO         5121    i.xQueueGiveFromISR  queue.o
    0x08008c8e   0x08008c8e   0x00000002   PAD
    0x08008c90   0x08008c90   0x00000138   Code   RO         5127    i.xQueueReceive     queue.o
    0x08008dc8   0x08008dc8   0x00000012   Code   RO         5130    i.xQueueSelectFromSet  queue.o
    0x08008dda   0x08008dda   0x00000002   PAD
    0x08008ddc   0x08008ddc   0x00000178   Code   RO         5132    i.xQueueSemaphoreTake  queue.o
    0x08008f54   0x08008f54   0x000000b4   Code   RO         6859    i.xShellInit        driver_shell.o
    0x08009008   0x08009008   0x00000074   Code   RO         5570    i.xTaskCheckForTimeOut  tasks.o
    0x0800907c   0x0800907c   0x00000060   Code   RO         5571    i.xTaskCreate       tasks.o
    0x080090dc   0x080090dc   0x00000056   Code   RO         5572    i.xTaskCreateStatic  tasks.o
    0x08009132   0x08009132   0x00000002   PAD
    0x08009134   0x08009134   0x0000001c   Code   RO         5576    i.xTaskGetSchedulerState  tasks.o
    0x08009150   0x08009150   0x0000000c   Code   RO         5577    i.xTaskGetTickCount  tasks.o
    0x0800915c   0x0800915c   0x000000c8   Code   RO         5579    i.xTaskIncrementTick  tasks.o
    0x08009224   0x08009224   0x00000080   Code   RO         5582    i.xTaskPriorityDisinherit  tasks.o
    0x080092a4   0x080092a4   0x00000078   Code   RO         5583    i.xTaskPriorityInherit  tasks.o
    0x0800931c   0x0800931c   0x00000070   Code   RO         5584    i.xTaskRemoveFromEventList  tasks.o
    0x0800938c   0x0800938c   0x000000c4   Code   RO         5585    i.xTaskResumeAll    tasks.o
    0x08009450   0x08009450   0x00000060   Code   RO         5910    i.xTimerCreateTimerTask  timers.o
    0x080094b0   0x080094b0   0x00000068   Code   RO         5911    i.xTimerGenericCommand  timers.o
    0x08009518   0x08009518   0x00000064   Data   RO          299    .constdata          freertos.o
    0x0800957c   0x0800957c   0x00000018   Data   RO         2844    .constdata          stm32l4xx_hal_uart.o
    0x08009594   0x08009594   0x00000010   Data   RO         3210    .constdata          stm32l4xx_hal_uart_ex.o
    0x080095a4   0x080095a4   0x00000040   Data   RO         4887    .constdata          system_stm32l4xx.o
    0x080095e4   0x080095e4   0x00000008   Data   RO         4888    .constdata          system_stm32l4xx.o
    0x080095ec   0x080095ec   0x00000030   Data   RO         6861    .constdata          driver_shell.o
    0x0800961c   0x0800961c   0x00000081   Data   RO         7457    .constdata          mc_w.l(ctype_o.o)
    0x0800969d   0x0800969d   0x00000003   PAD
    0x080096a0   0x080096a0   0x00000004   Data   RO         7458    .constdata          mc_w.l(ctype_o.o)
    0x080096a4   0x080096a4   0x00000033   Data   RO          300    .conststring        freertos.o
    0x080096d7   0x080096d7   0x00000001   PAD
    0x080096d8   0x080096d8   0x0000009f   Data   RO         6862    .conststring        driver_shell.o
    0x08009777   0x08009777   0x00000001   PAD
    0x08009778   0x08009778   0x00000020   Data   RO         7498    Region$$Table       anon$$obj.o


    Execution Region RW_IRAM1 (Exec base: 0x20000000, Load base: 0x08009798, Size: 0x0000e5e8, Max: 0x000a0000, ABSOLUTE)

    Exec Addr    Load Addr    Size         Type   Attr      Idx    E Section Name        Object

    0x20000000   0x08009798   0x00000014   Data   RW          301    .data               freertos.o
    0x20000014   0x080097ac   0x0000000c   Data   RW         1169    .data               stm32l4xx_hal.o
    0x20000020   0x080097b8   0x00000004   Data   RW         4889    .data               system_stm32l4xx.o
    0x20000024   0x080097bc   0x0000003c   Data   RW         5588    .data               tasks.o
    0x20000060   0x080097f8   0x00000014   Data   RW         5919    .data               timers.o
    0x20000074   0x0800980c   0x00000004   Data   RW         6141    .data               cmsis_os2.o
    0x20000078   0x08009810   0x00000020   Data   RW         6584    .data               heap_4.o
    0x20000098   0x08009830   0x0000000c   Data   RW         6640    .data               port.o
    0x200000a4   0x0800983c   0x0000000c   Data   RW         6802    .data               driver_log.o
    0x200000b0   0x08009848   0x00000010   Data   RW         6863    .data               driver_shell.o
    0x200000c0   0x08009858   0x00000010   Data   RW         6933    .data               driver_frame.o
    0x200000d0   0x08009868   0x00000004   Data   RW         7418    .data               mc_w.l(stdout.o)
    0x200000d4   0x0800986c   0x00000004   Data   RW         7431    .data               mc_w.l(errno.o)
    0x200000d8        -       0x00000040   Zero   RW           17    .bss                main.o
    0x20000118        -       0x00000260   Zero   RW          298    .bss                freertos.o
    0x20000378        -       0x000000c8   Zero   RW          357    .bss                adc.o
    0x20000440        -       0x0000021c   Zero   RW          425    .bss                usart.o
    0x2000065c        -       0x00000098   Zero   RW          479    .bss                tim.o
    0x200006f4        -       0x000004e4   Zero   RW          531    .bss                usb_otg.o
    0x20000bd8        -       0x0000004c   Zero   RW          691    .bss                stm32l4xx_hal_timebase_tim.o
    0x20000c24        -       0x00000040   Zero   RW         5134    .bss                queue.o
    0x20000c64        -       0x000004c4   Zero   RW         5587    .bss                tasks.o
    0x20001128        -       0x0000011c   Zero   RW         5918    .bss                timers.o
    0x20001244        -       0x000006b8   Zero   RW         6140    .bss                cmsis_os2.o
    0x200018fc        -       0x0000c800   Zero   RW         6583    .bss                heap_4.o
    0x2000e0fc        -       0x00000082   Zero   RW         6801    .bss                driver_log.o
    0x2000e17e   0x08009870   0x00000002   PAD
    0x2000e180        -       0x00000050   Zero   RW         6860    .bss                driver_shell.o
    0x2000e1d0        -       0x00000015   Zero   RW         6932    .bss                driver_frame.o
    0x2000e1e5   0x08009870   0x00000003   PAD
    0x2000e1e8        -       0x00000400   Zero   RW            1    STACK               startup_stm32l4r5xx.o


==============================================================================

Image component sizes


      Code (inc. data)   RO Data    RW Data    ZI Data      Debug   Object Name

       456         44          0          0        200       1975   adc.o
       302         12          0          0          0       2969   alg_pid.o
       300         22          0          4       1720      61537   cmsis_os2.o
        60          4          0          0          0        798   dma.o
       586         14          0          0          0       3797   driver_actuator.o
      1012        180          0          0          0       8919   driver_esp01s.o
       558        182          0         16         21       5774   driver_frame.o
       132         42          0          0          0       4286   driver_irq.o
       240         66          0         12        130       3508   driver_log.o
       726        184        207         16         80       6802   driver_shell.o
         0          0          0          0          0      19408   event_groups.o
      1112        226        151         20        608       5291   freertos.o
       284         20          0          0          0       1103   gpio.o
       472         24          0         32      51200       4827   heap_4.o
       138          0          0          0          0       3510   list.o
       220         14          0          0         64     989702   main.o
       818         82          0         12          0      11433   port.o
      2446         26          0          0         64      26140   queue.o
        36          8        444          0       1024        828   startup_stm32l4r5xx.o
        94         14          0         12          0      15658   stm32l4xx_hal.o
      2568        114          0          0          0      66698   stm32l4xx_hal_adc.o
        10          0          0          0          0       3429   stm32l4xx_hal_adc_ex.o
       158         14          0          0          0      33014   stm32l4xx_hal_cortex.o
       948         36          0          0          0       6474   stm32l4xx_hal_dma.o
       624         40          0          0          0       2929   stm32l4xx_hal_gpio.o
        52          4          0          0          0        850   stm32l4xx_hal_msp.o
       208          0          0          0          0       1779   stm32l4xx_hal_pcd.o
        40          6          0          0          0       1114   stm32l4xx_hal_pcd_ex.o
       260         26          0          0          0       2576   stm32l4xx_hal_pwr_ex.o
      2320        128          0          0          0       8469   stm32l4xx_hal_rcc.o
      1646         52          0          0          0       4180   stm32l4xx_hal_rcc_ex.o
      2242        244          0          0          0      14899   stm32l4xx_hal_tim.o
       162         26          0          0          0       3080   stm32l4xx_hal_tim_ex.o
       152         20          0          0         76       1463   stm32l4xx_hal_timebase_tim.o
      4442        160         24          0          0      40340   stm32l4xx_hal_uart.o
       362          6         16          0          0       6221   stm32l4xx_hal_uart_ex.o
       100         40          0          0          0       5584   stm32l4xx_it.o
       680         10          0          0          0       6413   stm32l4xx_ll_usb.o
         0          0          0          0          0        388   stream_buffer.o
        16          4         72          4          0       1165   system_stm32l4xx.o
      2556        204          0         60       1220      31223   tasks.o
       524         52          0          0        152       3116   tim.o
       972         80          0         20        284      29535   timers.o
       724         60          0          0        540       3381   usart.o
       244         12          0          0       1252       1873   usb_otg.o

    ----------------------------------------------------------------------
     32068       2502        948        208      58640    1458458   Object Totals
         0          0         32          0          0          0   (incl. Generated)
        66          0          2          0          5          0   (incl. Padding)

    ----------------------------------------------------------------------

      Code (inc. data)   RO Data    RW Data    ZI Data      Debug   Library Member Name

        56         12          0          0          0        132   atof.o
        28          0          0          0          0         68   _chval.o
        64          0          0          0          0         84   _sgetc.o
       164          0          0          0          0         92   _strtoul.o
        26          0          0          0          0         80   atoi.o
         8          4        133          0          0         68   ctype_o.o
         0          0          0          0          0          0   entry.o
         0          0          0          0          0          0   entry10a.o
         0          0          0          0          0          0   entry11a.o
         4          0          0          0          0          0   entry12b.o
         8          4          0          0          0          0   entry2.o
         4          0          0          0          0          0   entry5.o
         0          0          0          0          0          0   entry7b.o
         0          0          0          0          0          0   entry8b.o
         8          4          0          0          0          0   entry9a.o
        32         16          0          4          0        204   errno.o
        30          0          0          0          0          0   handlers.o
        36          8          0          0          0         68   init.o
        18          0          0          0          0         76   isspace_o.o
         0          0          0          0          0          0   iusefp.o
        30          0          0          0          0         68   llshl.o
        36          0          0          0          0         68   llsshr.o
        32          0          0          0          0         68   llushr.o
        36          0          0          0          0         68   memcpya.o
        36          0          0          0          0        108   memseta.o
      2280         96          0          0          0        616   printfa.o
       884         12          0          0          0        216   scanf_fp.o
         0          0          0          4          0          0   stdout.o
        20          0          0          0          0         68   strchr.o
        28          0          0          0          0         76   strcmp.o
        14          0          0          0          0         68   strlen.o
        36          0          0          0          0         80   strstr.o
       156         12          0          0          0        120   strtod.o
       112          0          0          0          0         88   strtol.o
        44          0          0          0          0         80   uidiv.o
       104          0          0          0          0         92   uldiv.o
        48          0          0          0          0         68   cdrcmple.o
        56          0          0          0          0         88   d2f.o
       350          0          0          0          0        148   dadd.o
       222          0          0          0          0        100   ddiv.o
       186          0          0          0          0        176   depilogue.o
        48          0          0          0          0         68   dfixul.o
        24          0          0          0          0         76   dfltul.o
       234          0          0          0          0         96   dmul.o
        38          0          0          0          0         68   f2d.o
       110          0          0          0          0        168   fepilogue.o

    ----------------------------------------------------------------------
      5656        168        136          8          0       3812   Library Totals
         6          0          3          0          0          0   (incl. Padding)

    ----------------------------------------------------------------------

      Code (inc. data)   RO Data    RW Data    ZI Data      Debug   Library Name

        56         12          0          0          0        132   m_wm.l
      4278        156        133          8          0       2624   mc_w.l
      1316          0          0          0          0       1056   mf_w.l

    ----------------------------------------------------------------------
      5656        168        136          8          0       3812   Library Totals

    ----------------------------------------------------------------------

==============================================================================


      Code (inc. data)   RO Data    RW Data    ZI Data      Debug   

     37724       2670       1084        216      58640    1433998   Grand Totals
     37724       2670       1084        216      58640    1433998   ELF Image Totals
     37724       2670       1084        216          0          0   ROM Totals

==============================================================================

    Total RO  Size (Code + RO Data)                38808 (  37.90kB)
    Total RW  Size (RW Data + ZI Data)             58856 (  57.48kB)
    Total ROM Size (Code + RO Data + RW Data)      39024 (  38.11kB)

==============================================================================

