Component: ARM Compiler 5.06 update 6 (build 750) Tool: armlink [4d35ed]

==============================================================================

Section Cross References

    startup_stm32l4r5xx.o(RESET) refers to startup_stm32l4r5xx.o(STACK) for __initial_sp
    startup_stm32l4r5xx.o(RESET) refers to startup_stm32l4r5xx.o(.text) for Reset_Handler
    startup_stm32l4r5xx.o(RESET) refers to stm32l4xx_it.o(i.NMI_Handler) for NMI_Handler
    startup_stm32l4r5xx.o(RESET) refers to stm32l4xx_it.o(i.HardFault_Handler) for HardFault_Handler
    startup_stm32l4r5xx.o(RESET) refers to stm32l4xx_it.o(i.MemManage_Handler) for MemManage_Handler
    startup_stm32l4r5xx.o(RESET) refers to stm32l4xx_it.o(i.BusFault_Handler) for BusFault_Handler
    startup_stm32l4r5xx.o(RESET) refers to stm32l4xx_it.o(i.UsageFault_Handler) for UsageFault_Handler
    startup_stm32l4r5xx.o(RESET) refers to port.o(.emb_text) for SVC_Handler
    startup_stm32l4r5xx.o(RESET) refers to stm32l4xx_it.o(i.DebugMon_Handler) for DebugMon_Handler
    startup_stm32l4r5xx.o(RESET) refers to cmsis_os2.o(i.SysTick_Handler) for SysTick_Handler
    startup_stm32l4r5xx.o(RESET) refers to stm32l4xx_it.o(i.DMA1_Channel1_IRQHandler) for DMA1_Channel1_IRQHandler
    startup_stm32l4r5xx.o(RESET) refers to stm32l4xx_it.o(i.UART4_IRQHandler) for UART4_IRQHandler
    startup_stm32l4r5xx.o(RESET) refers to stm32l4xx_it.o(i.TIM6_DAC_IRQHandler) for TIM6_DAC_IRQHandler
    startup_stm32l4r5xx.o(RESET) refers to stm32l4xx_it.o(i.LPUART1_IRQHandler) for LPUART1_IRQHandler
    startup_stm32l4r5xx.o(.text) refers to system_stm32l4xx.o(i.SystemInit) for SystemInit
    startup_stm32l4r5xx.o(.text) refers to entry.o(.ARM.Collect$$$$00000000) for __main
    main.o(i.HAL_TIM_PeriodElapsedCallback) refers to stm32l4xx_hal.o(i.HAL_IncTick) for HAL_IncTick
    main.o(i.SystemClock_Config) refers to memseta.o(.text) for __aeabi_memclr4
    main.o(i.SystemClock_Config) refers to stm32l4xx_hal_pwr_ex.o(i.HAL_PWREx_ControlVoltageScaling) for HAL_PWREx_ControlVoltageScaling
    main.o(i.SystemClock_Config) refers to stm32l4xx_hal_rcc.o(i.HAL_RCC_OscConfig) for HAL_RCC_OscConfig
    main.o(i.SystemClock_Config) refers to stm32l4xx_hal_rcc.o(i.HAL_RCC_ClockConfig) for HAL_RCC_ClockConfig
    main.o(i.main) refers to stm32l4xx_hal.o(i.HAL_Init) for HAL_Init
    main.o(i.main) refers to main.o(i.SystemClock_Config) for SystemClock_Config
    main.o(i.main) refers to gpio.o(i.MX_GPIO_Init) for MX_GPIO_Init
    main.o(i.main) refers to dma.o(i.MX_DMA_Init) for MX_DMA_Init
    main.o(i.main) refers to adc.o(i.MX_ADC1_Init) for MX_ADC1_Init
    main.o(i.main) refers to usart.o(i.MX_LPUART1_UART_Init) for MX_LPUART1_UART_Init
    main.o(i.main) refers to tim.o(i.MX_TIM4_Init) for MX_TIM4_Init
    main.o(i.main) refers to usb_otg.o(i.MX_USB_OTG_FS_PCD_Init) for MX_USB_OTG_FS_PCD_Init
    main.o(i.main) refers to usart.o(i.MX_UART4_Init) for MX_UART4_Init
    main.o(i.main) refers to stm32l4xx_hal_uart_ex.o(i.HAL_UARTEx_ReceiveToIdle_DMA) for HAL_UARTEx_ReceiveToIdle_DMA
    main.o(i.main) refers to cmsis_os2.o(i.osKernelInitialize) for osKernelInitialize
    main.o(i.main) refers to freertos.o(i.MX_FREERTOS_Init) for MX_FREERTOS_Init
    main.o(i.main) refers to cmsis_os2.o(i.osKernelStart) for osKernelStart
    main.o(i.main) refers to main.o(.bss) for .bss
    main.o(i.main) refers to usart.o(.bss) for hlpuart1
    gpio.o(i.MX_GPIO_Init) refers to memseta.o(.text) for __aeabi_memclr4
    gpio.o(i.MX_GPIO_Init) refers to stm32l4xx_hal_pwr_ex.o(i.HAL_PWREx_EnableVddIO2) for HAL_PWREx_EnableVddIO2
    gpio.o(i.MX_GPIO_Init) refers to stm32l4xx_hal_gpio.o(i.HAL_GPIO_WritePin) for HAL_GPIO_WritePin
    gpio.o(i.MX_GPIO_Init) refers to stm32l4xx_hal_gpio.o(i.HAL_GPIO_Init) for HAL_GPIO_Init
    freertos.o(i.ControlFunction) refers to tasks.o(i.xTaskGetTickCount) for xTaskGetTickCount
    freertos.o(i.ControlFunction) refers to queue.o(i.xQueueSelectFromSet) for xQueueSelectFromSet
    freertos.o(i.ControlFunction) refers to driver_shell.o(i.get_shellQueueHandle) for get_shellQueueHandle
    freertos.o(i.ControlFunction) refers to queue.o(i.xQueueReceive) for xQueueReceive
    freertos.o(i.ControlFunction) refers to tasks.o(i.pcTaskGetName) for pcTaskGetName
    freertos.o(i.ControlFunction) refers to f2d.o(.text) for __aeabi_f2d
    freertos.o(i.ControlFunction) refers to printfa.o(i.__0printf) for __2printf
    freertos.o(i.ControlFunction) refers to driver_frame.o(i.get_FrameQueueHandle) for get_FrameQueueHandle
    freertos.o(i.ControlFunction) refers to alg_pid.o(i.PID_SetTarget) for PID_SetTarget
    freertos.o(i.ControlFunction) refers to alg_pid.o(i.PID_Compute) for PID_Compute
    freertos.o(i.ControlFunction) refers to driver_actuator.o(i.Actuator_Control) for Actuator_Control
    freertos.o(i.ControlFunction) refers to tasks.o(i.vTaskDelayUntil) for vTaskDelayUntil
    freertos.o(i.ControlFunction) refers to freertos.o(.constdata) for .constdata
[...]
    __cpp_initialize__aeabi_                  - Undefined Weak Reference
    __cxa_finalize                            - Undefined Weak Reference
    __decompress                              - Undefined Weak Reference
    _clock_init                               - Undefined Weak Reference
    _microlib_exit                            - Undefined Weak Reference
    __Vectors_Size                           0x000001bc   Number         0  startup_stm32l4r5xx.o ABSOLUTE
    __Vectors                                0x08000000   Data           4  startup_stm32l4r5xx.o(RESET)
    __Vectors_End                            0x080001bc   Data           0  startup_stm32l4r5xx.o(RESET)
    __main                                   0x080001bd   Thumb Code     0  entry.o(.ARM.Collect$$$$00000000)
    _main_stk                                0x080001bd   Thumb Code     0  entry2.o(.ARM.Collect$$$$00000001)
    _main_scatterload                        0x080001c1   Thumb Code     0  entry5.o(.ARM.Collect$$$$00000004)
    __main_after_scatterload                 0x080001c5   Thumb Code     0  entry5.o(.ARM.Collect$$$$00000004)
    _main_clock                              0x080001c5   Thumb Code     0  entry7b.o(.ARM.Collect$$$$00000008)
    _main_cpp_init                           0x080001c5   Thumb Code     0  entry8b.o(.ARM.Collect$$$$0000000A)
    _main_init                               0x080001c5   Thumb Code     0  entry9a.o(.ARM.Collect$$$$0000000B)
    __rt_final_cpp                           0x080001cd   Thumb Code     0  entry10a.o(.ARM.Collect$$$$0000000D)
    __rt_final_exit                          0x080001cd   Thumb Code     0  entry11a.o(.ARM.Collect$$$$0000000F)
    SVC_Handler                              0x080001d1   Thumb Code    28  port.o(.emb_text)
    __asm___6_port_c_39a90d8d__prvStartFirstTask 0x080001f1   Thumb Code    36  port.o(.emb_text)
    __asm___6_port_c_39a90d8d__prvEnableVFP  0x08000219   Thumb Code    16  port.o(.emb_text)
    PendSV_Handler                           0x0800022d   Thumb Code    88  port.o(.emb_text)
    vPortGetIPSR                             0x08000289   Thumb Code     6  port.o(.emb_text)
    Reset_Handler                            0x080002b1   Thumb Code     8  startup_stm32l4r5xx.o(.text)
    ADC1_IRQHandler                          0x080002cb   Thumb Code     0  startup_stm32l4r5xx.o(.text)
    CAN1_RX0_IRQHandler                      0x080002cb   Thumb Code     0  startup_stm32l4r5xx.o(.text)
    CAN1_RX1_IRQHandler                      0x080002cb   Thumb Code     0  startup_stm32l4r5xx.o(.text)
    CAN1_SCE_IRQHandler                      0x080002cb   Thumb Code     0  startup_stm32l4r5xx.o(.text)
    CAN1_TX_IRQHandler                       0x080002cb   Thumb Code     0  startup_stm32l4r5xx.o(.text)
    COMP_IRQHandler                          0x080002cb   Thumb Code     0  startup_stm32l4r5xx.o(.text)
    CRS_IRQHandler                           0x080002cb   Thumb Code     0  startup_stm32l4r5xx.o(.text)
    DCMI_IRQHandler                          0x080002cb   Thumb Code     0  startup_stm32l4r5xx.o(.text)
    DFSDM1_FLT0_IRQHandler                   0x080002cb   Thumb Code     0  startup_stm32l4r5xx.o(.text)
    DFSDM1_FLT1_IRQHandler                   0x080002cb   Thumb Code     0  startup_stm32l4r5xx.o(.text)
    DFSDM1_FLT2_IRQHandler                   0x080002cb   Thumb Code     0  startup_stm32l4r5xx.o(.text)
    DFSDM1_FLT3_IRQHandler                   0x080002cb   Thumb Code     0  startup_stm32l4r5xx.o(.text)
    DMA1_Channel2_IRQHandler                 0x080002cb   Thumb Code     0  startup_stm32l4r5xx.o(.text)
    DMA1_Channel3_IRQHandler                 0x080002cb   Thumb Code     0  startup_stm32l4r5xx.o(.text)
    DMA1_Channel4_IRQHandler                 0x080002cb   Thumb Code     0  startup_stm32l4r5xx.o(.text)
    DMA1_Channel5_IRQHandler                 0x080002cb   Thumb Code     0  startup_stm32l4r5xx.o(.text)
    DMA1_Channel6_IRQHandler                 0x080002cb   Thumb Code     0  startup_stm32l4r5xx.o(.text)
    DMA1_Channel7_IRQHandler                 0x080002cb   Thumb Code     0  startup_stm32l4r5xx.o(.text)
    DMA2D_IRQHandler                         0x080002cb   Thumb Code     0  startup_stm32l4r5xx.o(.text)
    DMA2_Channel1_IRQHandler                 0x080002cb   Thumb Code     0  startup_stm32l4r5xx.o(.text)
    DMA2_Channel2_IRQHandler                 0x080002cb   Thumb Code     0  startup_stm32l4r5xx.o(.text)
    DMA2_Channel3_IRQHandler                 0x080002cb   Thumb Code     0  startup_stm32l4r5xx.o(.text)
    DMA2_Channel4_IRQHandler                 0x080002cb   Thumb Code     0  startup_stm32l4r5xx.o(.text)
    DMA2_Channel5_IRQHandler                 0x080002cb   Thumb Code     0  startup_stm32l4r5xx.o(.text)
    DMA2_Channel6_IRQHandler                 0x080002cb   Thumb Code     0  startup_stm32l4r5xx.o(.text)
    DMA2_Channel7_IRQHandler                 0x080002cb   Thumb Code     0  startup_stm32l4r5xx.o(.text)
    DMAMUX1_OVR_IRQHandler                   0x080002cb   Thumb Code     0  startup_stm32l4r5xx.o(.text)
    EXTI0_IRQHandler                         0x080002cb   Thumb Code     0  startup_stm32l4r5xx.o(.text)
    EXTI15_10_IRQHandler                     0x080002cb   Thumb Code     0  startup_stm32l4r5xx.o(.text)
    EXTI1_IRQHandler                         0x080002cb   Thumb Code     0  startup_stm32l4r5xx.o(.text)
    EXTI2_IRQHandler                         0x080002cb   Thumb Code     0  startup_stm32l4r5xx.o(.text)
    EXTI3_IRQHandler                         0x080002cb   Thumb Code     0  startup_stm32l4r5xx.o(.text)
    EXTI4_IRQHandler                         0x080002cb   Thumb Code     0  startup_stm32l4r5xx.o(.text)
    EXTI9_5_IRQHandler                       0x080002cb   Thumb Code     0  startup_stm32l4r5xx.o(.text)
    FLASH_IRQHandler                         0x080002cb   Thumb Code     0  startup_stm32l4r5xx.o(.text)
    FMC_IRQHandler                           0x080002cb   Thumb Code     0  startup_stm32l4r5xx.o(.text)
    FPU_IRQHandler                           0x080002cb   Thumb Code     0  startup_stm32l4r5xx.o(.text)
    GFXMMU_IRQHandler                        0x080002cb   Thumb Code     0  startup_stm32l4r5xx.o(.text)
    I2C1_ER_IRQHandler                       0x080002cb   Thumb Code     0  startup_stm32l4r5xx.o(.text)
    I2C1_EV_IRQHandler                       0x080002cb   Thumb Code     0  startup_stm32l4r5xx.o(.text)
    I2C2_ER_IRQHandler                       0x080002cb   Thumb Code     0  startup_stm32l4r5xx.o(.text)
    I2C2_EV_IRQHandler                       0x080002cb   Thumb Code     0  startup_stm32l4r5xx.o(.text)
    I2C3_ER_IRQHandler                       0x080002cb   Thumb Code     0  startup_stm32l4r5xx.o(.text)
    I2C3_EV_IRQHandler                       0x080002cb   Thumb Code     0  startup_stm32l4r5xx.o(.text)
    I2C4_ER_IRQHandler                       0x080002cb   Thumb Code     0  startup_stm32l4r5xx.o(.text)
    I2C4_EV_IRQHandler                       0x080002cb   Thumb Code     0  startup_stm32l4r5xx.o(.text)
    LPTIM1_IRQHandler                        0x080002cb   Thumb Code     0  startup_stm32l4r5xx.o(.text)
    LPTIM2_IRQHandler                        0x080002cb   Thumb Code     0  startup_stm32l4r5xx.o(.text)
    LTDC_ER_IRQHandler                       0x080002cb   Thumb Code     0  startup_stm32l4r5xx.o(.text)
    LTDC_IRQHandler                          0x080002cb   Thumb Code     0  startup_stm32l4r5xx.o(.text)
    OCTOSPI1_IRQHandler                      0x080002cb   Thumb Code     0  startup_stm32l4r5xx.o(.text)
    OCTOSPI2_IRQHandler                      0x080002cb   Thumb Code     0  startup_stm32l4r5xx.o(.text)
    OTG_FS_IRQHandler                        0x080002cb   Thumb Code     0  startup_stm32l4r5xx.o(.text)
    PVD_PVM_IRQHandler                       0x080002cb   Thumb Code     0  startup_stm32l4r5xx.o(.text)
    RCC_IRQHandler                           0x080002cb   Thumb Code     0  startup_stm32l4r5xx.o(.text)
    RNG_IRQHandler                           0x080002cb   Thumb Code     0  startup_stm32l4r5xx.o(.text)
    RTC_Alarm_IRQHandler                     0x080002cb   Thumb Code     0  startup_stm32l4r5xx.o(.text)
    RTC_WKUP_IRQHandler                      0x080002cb   Thumb Code     0  startup_stm32l4r5xx.o(.text)
    SAI1_IRQHandler                          0x080002cb   Thumb Code     0  startup_stm32l4r5xx.o(.text)
    SAI2_IRQHandler                          0x080002cb   Thumb Code     0  startup_stm32l4r5xx.o(.text)
    SDMMC1_IRQHandler                        0x080002cb   Thumb Code     0  startup_stm32l4r5xx.o(.text)
    SPI1_IRQHandler                          0x080002cb   Thumb Code     0  startup_stm32l4r5xx.o(.text)
    SPI2_IRQHandler                          0x080002cb   Thumb Code     0  startup_stm32l4r5xx.o(.text)
    SPI3_IRQHandler                          0x080002cb   Thumb Code     0  startup_stm32l4r5xx.o(.text)
    TAMP_STAMP_IRQHandler                    0x080002cb   Thumb Code     0  startup_stm32l4r5xx.o(.text)
    TIM1_BRK_TIM15_IRQHandler                0x080002cb   Thumb Code     0  startup_stm32l4r5xx.o(.text)
    TIM1_CC_IRQHandler                       0x080002cb   Thumb Code     0  startup_stm32l4r5xx.o(.text)
    TIM1_TRG_COM_TIM17_IRQHandler            0x080002cb   Thumb Code     0  startup_stm32l4r5xx.o(.text)
    TIM1_UP_TIM16_IRQHandler                 0x080002cb   Thumb Code     0  startup_stm32l4r5xx.o(.text)
    TIM2_IRQHandler                          0x080002cb   Thumb Code     0  startup_stm32l4r5xx.o(.text)
    TIM3_IRQHandler                          0x080002cb   Thumb Code     0  startup_stm32l4r5xx.o(.text)
    TIM4_IRQHandler                          0x080002cb   Thumb Code     0  startup_stm32l4r5xx.o(.text)
    TIM5_IRQHandler                          0x080002cb   Thumb Code     0  startup_stm32l4r5xx.o(.text)
    TIM7_IRQHandler                          0x080002cb   Thumb Code     0  startup_stm32l4r5xx.o(.text)
    TIM8_BRK_IRQHandler                      0x080002cb   Thumb Code     0  startup_stm32l4r5xx.o(.text)
    TIM8_CC_IRQHandler                       0x080002cb   Thumb Code     0  startup_stm32l4r5xx.o(.text)
    TIM8_TRG_COM_IRQHandler                  0x080002cb   Thumb Code     0  startup_stm32l4r5xx.o(.text)
    TIM8_UP_IRQHandler                       0x080002cb   Thumb Code     0  startup_stm32l4r5xx.o(.text)
    TSC_IRQHandler                           0x080002cb   Thumb Code     0  startup_stm32l4r5xx.o(.text)
    UART5_IRQHandler                         0x080002cb   Thumb Code     0  startup_stm32l4r5xx.o(.text)
    USART1_IRQHandler                        0x080002cb   Thumb Code     0  startup_stm32l4r5xx.o(.text)
    USART2_IRQHandler                        0x080002cb   Thumb Code     0  startup_stm32l4r5xx.o(.text)
    USART3_IRQHandler                        0x080002cb   Thumb Code     0  startup_stm32l4r5xx.o(.text)
    WWDG_IRQHandler                          0x080002cb   Thumb Code     0  startup_stm32l4r5xx.o(.text)
    __aeabi_uldivmod                         0x080002d5   Thumb Code    98  uldiv.o(.text)
    __aeabi_memcpy                           0x0800033d   Thumb Code    36  memcpya.o(.text)
    __aeabi_memcpy4                          0x0800033d   Thumb Code     0  memcpya.o(.text)
    __aeabi_memcpy8                          0x0800033d   Thumb Code     0  memcpya.o(.text)
    __aeabi_memset                           0x08000361   Thumb Code    14  memseta.o(.text)
    __aeabi_memset4                          0x08000361   Thumb Code     0  memseta.o(.text)
    __aeabi_memset8                          0x08000361   Thumb Code     0  memseta.o(.text)
    __aeabi_memclr                           0x0800036f   Thumb Code     4  memseta.o(.text)
    __aeabi_memclr4                          0x0800036f   Thumb Code     0  memseta.o(.text)
    __aeabi_memclr8                          0x0800036f   Thumb Code     0  memseta.o(.text)
    memset                                   0x08000373   Thumb Code    18  memseta.o(.text)
    strstr                                   0x08000385   Thumb Code    36  strstr.o(.text)
    strchr                                   0x080003a9   Thumb Code    20  strchr.o(.text)
    strlen                                   0x080003bd   Thumb Code    14  strlen.o(.text)
    strcmp                                   0x080003cb   Thumb Code    28  strcmp.o(.text)
    atoi                                     0x080003e7   Thumb Code    26  atoi.o(.text)
    __aeabi_f2d                              0x08000401   Thumb Code    38  f2d.o(.text)
    __aeabi_d2f                              0x08000427   Thumb Code    56  d2f.o(.text)
    __aeabi_uidiv                            0x0800045f   Thumb Code     0  uidiv.o(.text)
    __aeabi_uidivmod                         0x0800045f   Thumb Code    44  uidiv.o(.text)
    __aeabi_llsl                             0x0800048b   Thumb Code    30  llshl.o(.text)
    _ll_shift_l                              0x0800048b   Thumb Code     0  llshl.o(.text)
    __aeabi_llsr                             0x080004a9   Thumb Code    32  llushr.o(.text)
    _ll_ushift_r                             0x080004a9   Thumb Code     0  llushr.o(.text)
    __strtod_int                             0x080004ff   Thumb Code    90  strtod.o(.text)
    strtol                                   0x08000565   Thumb Code   112  strtol.o(.text)
    __I$use$fp                               0x080005d5   Thumb Code     0  iusefp.o(.text)
    _float_round                             0x080005d5   Thumb Code    18  fepilogue.o(.text)
    _float_epilogue                          0x080005e7   Thumb Code    92  fepilogue.o(.text)
    __aeabi_dadd                             0x08000643   Thumb Code   322  dadd.o(.text)
    __aeabi_dsub                             0x08000785   Thumb Code     6  dadd.o(.text)
    __aeabi_drsub                            0x0800078b   Thumb Code     6  dadd.o(.text)
    __aeabi_dmul                             0x080007a1   Thumb Code   228  dmul.o(.text)
    __aeabi_ddiv                             0x0800088b   Thumb Code   222  ddiv.o(.text)
    __aeabi_d2ulz                            0x08000969   Thumb Code    48  dfixul.o(.text)
    __aeabi_cdrcmple                         0x08000999   Thumb Code    48  cdrcmple.o(.text)
    __scatterload                            0x080009c9   Thumb Code    28  init.o(.text)
    __scatterload_rt2                        0x080009c9   Thumb Code     0  init.o(.text)
    __aeabi_lasr                             0x080009ed   Thumb Code    36  llsshr.o(.text)
    _ll_sshift_r                             0x080009ed   Thumb Code     0  llsshr.o(.text)
    __rt_ctype_table                         0x08000a11   Thumb Code     4  ctype_o.o(.text)
    isspace                                  0x08000a19   Thumb Code    18  isspace_o.o(.text)
    _scanf_real                              0x08000b55   Thumb Code     0  scanf_fp.o(.text)
    _scanf_really_real                       0x08000b55   Thumb Code   556  scanf_fp.o(.text)
    _sgetc                                   0x08000d93   Thumb Code    30  _sgetc.o(.text)
    _sbackspace                              0x08000db1   Thumb Code    34  _sgetc.o(.text)
    _strtoul                                 0x08000dd3   Thumb Code   158  _strtoul.o(.text)
    _double_round                            0x08000e77   Thumb Code    30  depilogue.o(.text)
    _double_epilogue                         0x08000e95   Thumb Code   156  depilogue.o(.text)
    _chval                                   0x08000f31   Thumb Code    28  _chval.o(.text)
    __aeabi_ul2d                             0x08000f4d   Thumb Code    24  dfltul.o(.text)
    ADC_DMAConvCplt                          0x08000f65   Thumb Code   104  stm32l4xx_hal_adc.o(i.ADC_DMAConvCplt)
    ADC_DMAError                             0x08000fcd   Thumb Code    26  stm32l4xx_hal_adc.o(i.ADC_DMAError)
    ADC_DMAHalfConvCplt                      0x08000fe7   Thumb Code    10  stm32l4xx_hal_adc.o(i.ADC_DMAHalfConvCplt)
    ADC_Enable                               0x08000ff1   Thumb Code   154  stm32l4xx_hal_adc.o(i.ADC_Enable)
    Actuator_Control                         0x0800109d   Thumb Code   378  driver_actuator.o(i.Actuator_Control)
    Actuator_Init                            0x08001221   Thumb Code   162  driver_actuator.o(i.Actuator_Init)
    Actuator_UpdateFeedback                  0x080012c5   Thumb Code    32  driver_actuator.o(i.Actuator_UpdateFeedback)
    BusFault_Handler                         0x080012e9   Thumb Code     2  stm32l4xx_it.o(i.BusFault_Handler)
    ControlFunction                          0x08001309   Thumb Code   248  freertos.o(i.ControlFunction)
    DMA1_Channel1_IRQHandler                 0x08001485   Thumb Code     6  stm32l4xx_it.o(i.DMA1_Channel1_IRQHandler)
    DebugMon_Handler                         0x0800153f   Thumb Code     2  stm32l4xx_it.o(i.DebugMon_Handler)
    Driver_Frame_ParseBuffer                 0x08001541   Thumb Code    88  driver_frame.o(i.Driver_Frame_ParseBuffer)
    ESP8266_CreateTCPServer                  0x080015b9   Thumb Code    48  driver_esp01s.o(i.ESP8266_CreateTCPServer)
    ESP8266_Init                             0x08001611   Thumb Code    72  driver_esp01s.o(i.ESP8266_Init)
    ESP8266_InitAP                           0x0800166d   Thumb Code    58  driver_esp01s.o(i.ESP8266_InitAP)
    ESP8266_OnDataReceived                   0x080016d9   Thumb Code     8  driver_esp01s.o(i.ESP8266_OnDataReceived)
    ESP8266_Receive_IT_Start                 0x080016e1   Thumb Code    26  driver_esp01s.o(i.ESP8266_Receive_IT_Start)
    ESP8266_RxCpltCallback                   0x080016fb   Thumb Code    50  driver_esp01s.o(i.ESP8266_RxCpltCallback)
    ESP8266_SendDataIdx                      0x080018e5   Thumb Code    76  driver_esp01s.o(i.ESP8266_SendDataIdx)
    ESP8266_UART_IDLE_Handler                0x08001951   Thumb Code   184  driver_esp01s.o(i.ESP8266_UART_IDLE_Handler)
    Error_Handler                            0x08001a2d   Thumb Code     4  main.o(i.Error_Handler)
    Frame_GetArgsFromISR                     0x08001a31   Thumb Code    64  driver_frame.o(i.Frame_GetArgsFromISR)
    HAL_ADC_ConfigChannel                    0x08001a7d   Thumb Code   988  stm32l4xx_hal_adc.o(i.HAL_ADC_ConfigChannel)
    HAL_ADC_ConvCpltCallback                 0x08001e8d   Thumb Code    32  driver_irq.o(i.HAL_ADC_ConvCpltCallback)
    HAL_ADC_ConvHalfCpltCallback             0x08001ebd   Thumb Code     2  stm32l4xx_hal_adc.o(i.HAL_ADC_ConvHalfCpltCallback)
    HAL_ADC_ErrorCallback                    0x08001ebf   Thumb Code     2  stm32l4xx_hal_adc.o(i.HAL_ADC_ErrorCallback)
    HAL_ADC_Init                             0x08001ec1   Thumb Code   394  stm32l4xx_hal_adc.o(i.HAL_ADC_Init)
    HAL_ADC_MspInit                          0x0800206d   Thumb Code   180  adc.o(i.HAL_ADC_MspInit)
    HAL_ADC_Start_DMA                        0x08002131   Thumb Code   162  stm32l4xx_hal_adc.o(i.HAL_ADC_Start_DMA)
    HAL_DMA_Abort                            0x080021e5   Thumb Code   110  stm32l4xx_hal_dma.o(i.HAL_DMA_Abort)
    HAL_DMA_Abort_IT                         0x08002253   Thumb Code   112  stm32l4xx_hal_dma.o(i.HAL_DMA_Abort_IT)
    HAL_DMA_IRQHandler                       0x080022c5   Thumb Code   204  stm32l4xx_hal_dma.o(i.HAL_DMA_IRQHandler)
    HAL_DMA_Init                             0x08002399   Thumb Code   184  stm32l4xx_hal_dma.o(i.HAL_DMA_Init)
    HAL_DMA_Start_IT                         0x0800245d   Thumb Code   144  stm32l4xx_hal_dma.o(i.HAL_DMA_Start_IT)
    HAL_Delay                                0x080024ed   Thumb Code    32  stm32l4xx_hal.o(i.HAL_Delay)
    HAL_GPIO_Init                            0x08002511   Thumb Code   552  stm32l4xx_hal_gpio.o(i.HAL_GPIO_Init)
    HAL_GPIO_TogglePin                       0x08002767   Thumb Code    16  stm32l4xx_hal_gpio.o(i.HAL_GPIO_TogglePin)
    HAL_GPIO_WritePin                        0x08002777   Thumb Code    10  stm32l4xx_hal_gpio.o(i.HAL_GPIO_WritePin)
    HAL_GetTick                              0x08002781   Thumb Code     6  stm32l4xx_hal.o(i.HAL_GetTick)
    HAL_IncTick                              0x0800278d   Thumb Code    12  stm32l4xx_hal.o(i.HAL_IncTick)
    HAL_Init                                 0x0800279d   Thumb Code    30  stm32l4xx_hal.o(i.HAL_Init)
    HAL_InitTick                             0x080027bd   Thumb Code   132  stm32l4xx_hal_timebase_tim.o(i.HAL_InitTick)
    HAL_MspInit                              0x08002855   Thumb Code    48  stm32l4xx_hal_msp.o(i.HAL_MspInit)
    HAL_NVIC_EnableIRQ                       0x08002889   Thumb Code    26  stm32l4xx_hal_cortex.o(i.HAL_NVIC_EnableIRQ)
    HAL_NVIC_SetPriority                     0x080028a5   Thumb Code    60  stm32l4xx_hal_cortex.o(i.HAL_NVIC_SetPriority)
    HAL_NVIC_SetPriorityGrouping             0x080028e5   Thumb Code    26  stm32l4xx_hal_cortex.o(i.HAL_NVIC_SetPriorityGrouping)
    HAL_PCDEx_ActivateLPM                    0x08002909   Thumb Code    34  stm32l4xx_hal_pcd_ex.o(i.HAL_PCDEx_ActivateLPM)
    HAL_PCD_Init                             0x08002931   Thumb Code   208  stm32l4xx_hal_pcd.o(i.HAL_PCD_Init)
    HAL_PCD_MspInit                          0x08002a01   Thumb Code   178  usb_otg.o(i.HAL_PCD_MspInit)
    HAL_PWREx_ControlVoltageScaling          0x08002ab9   Thumb Code   174  stm32l4xx_hal_pwr_ex.o(i.HAL_PWREx_ControlVoltageScaling)
    HAL_PWREx_EnableVddIO2                   0x08002b75   Thumb Code    12  stm32l4xx_hal_pwr_ex.o(i.HAL_PWREx_EnableVddIO2)
    HAL_PWREx_EnableVddUSB                   0x08002b85   Thumb Code    12  stm32l4xx_hal_pwr_ex.o(i.HAL_PWREx_EnableVddUSB)
    HAL_PWREx_GetVoltageRange                0x08002b95   Thumb Code    36  stm32l4xx_hal_pwr_ex.o(i.HAL_PWREx_GetVoltageRange)
    HAL_RCCEx_PeriphCLKConfig                0x08002bbd   Thumb Code  1048  stm32l4xx_hal_rcc_ex.o(i.HAL_RCCEx_PeriphCLKConfig)
    HAL_RCC_ClockConfig                      0x08002fdd   Thumb Code   384  stm32l4xx_hal_rcc.o(i.HAL_RCC_ClockConfig)
    HAL_RCC_GetClockConfig                   0x08003175   Thumb Code    54  stm32l4xx_hal_rcc.o(i.HAL_RCC_GetClockConfig)
    HAL_RCC_GetPCLK1Freq                     0x080031b5   Thumb Code    24  stm32l4xx_hal_rcc.o(i.HAL_RCC_GetPCLK1Freq)
    HAL_RCC_GetPCLK2Freq                     0x080031d9   Thumb Code    24  stm32l4xx_hal_rcc.o(i.HAL_RCC_GetPCLK2Freq)
    HAL_RCC_GetSysClockFreq                  0x080031fd   Thumb Code   150  stm32l4xx_hal_rcc.o(i.HAL_RCC_GetSysClockFreq)
    HAL_RCC_OscConfig                        0x080032a1   Thumb Code  1374  stm32l4xx_hal_rcc.o(i.HAL_RCC_OscConfig)
    HAL_TIMEx_Break2Callback                 0x08003809   Thumb Code     2  stm32l4xx_hal_tim_ex.o(i.HAL_TIMEx_Break2Callback)
    HAL_TIMEx_BreakCallback                  0x0800380b   Thumb Code     2  stm32l4xx_hal_tim_ex.o(i.HAL_TIMEx_BreakCallback)
    HAL_TIMEx_CommutCallback                 0x0800380d   Thumb Code     2  stm32l4xx_hal_tim_ex.o(i.HAL_TIMEx_CommutCallback)
    HAL_TIMEx_MasterConfigSynchronization    0x08003811   Thumb Code   130  stm32l4xx_hal_tim_ex.o(i.HAL_TIMEx_MasterConfigSynchronization)
    HAL_TIM_Base_Init                        0x080038ad   Thumb Code    98  stm32l4xx_hal_tim.o(i.HAL_TIM_Base_Init)
    HAL_TIM_Base_MspInit                     0x0800390f   Thumb Code     2  stm32l4xx_hal_tim.o(i.HAL_TIM_Base_MspInit)
    HAL_TIM_Base_Start_IT                    0x08003911   Thumb Code   100  stm32l4xx_hal_tim.o(i.HAL_TIM_Base_Start_IT)
    HAL_TIM_IC_CaptureCallback               0x08003991   Thumb Code     2  stm32l4xx_hal_tim.o(i.HAL_TIM_IC_CaptureCallback)
    HAL_TIM_IRQHandler                       0x08003993   Thumb Code   330  stm32l4xx_hal_tim.o(i.HAL_TIM_IRQHandler)
    HAL_TIM_MspPostInit                      0x08003add   Thumb Code    70  tim.o(i.HAL_TIM_MspPostInit)
    HAL_TIM_OC_DelayElapsedCallback          0x08003b31   Thumb Code     2  stm32l4xx_hal_tim.o(i.HAL_TIM_OC_DelayElapsedCallback)
    HAL_TIM_PWM_ConfigChannel                0x08003b33   Thumb Code   292  stm32l4xx_hal_tim.o(i.HAL_TIM_PWM_ConfigChannel)
    HAL_TIM_PWM_Init                         0x08003c57   Thumb Code    98  stm32l4xx_hal_tim.o(i.HAL_TIM_PWM_Init)
    HAL_TIM_PWM_MspInit                      0x08003cb9   Thumb Code    30  tim.o(i.HAL_TIM_PWM_MspInit)
    HAL_TIM_PWM_PulseFinishedCallback        0x08003ce1   Thumb Code     2  stm32l4xx_hal_tim.o(i.HAL_TIM_PWM_PulseFinishedCallback)
    HAL_TIM_PWM_Start                        0x08003ce5   Thumb Code   224  stm32l4xx_hal_tim.o(i.HAL_TIM_PWM_Start)
    HAL_TIM_PeriodElapsedCallback            0x08003de9   Thumb Code    14  main.o(i.HAL_TIM_PeriodElapsedCallback)
    HAL_TIM_TriggerCallback                  0x08003dfd   Thumb Code     2  stm32l4xx_hal_tim.o(i.HAL_TIM_TriggerCallback)
    HAL_UARTEx_DisableFifoMode               0x08003dff   Thumb Code    62  stm32l4xx_hal_uart_ex.o(i.HAL_UARTEx_DisableFifoMode)
    HAL_UARTEx_ReceiveToIdle_DMA             0x08003e3d   Thumb Code    74  stm32l4xx_hal_uart_ex.o(i.HAL_UARTEx_ReceiveToIdle_DMA)
    HAL_UARTEx_RxEventCallback               0x08003e89   Thumb Code    36  driver_irq.o(i.HAL_UARTEx_RxEventCallback)
    HAL_UARTEx_RxFifoFullCallback            0x08003eb9   Thumb Code     2  stm32l4xx_hal_uart_ex.o(i.HAL_UARTEx_RxFifoFullCallback)
    HAL_UARTEx_SetRxFifoThreshold            0x08003ebb   Thumb Code    76  stm32l4xx_hal_uart_ex.o(i.HAL_UARTEx_SetRxFifoThreshold)
    HAL_UARTEx_SetTxFifoThreshold            0x08003f07   Thumb Code    76  stm32l4xx_hal_uart_ex.o(i.HAL_UARTEx_SetTxFifoThreshold)
    HAL_UARTEx_TxFifoEmptyCallback           0x08003f53   Thumb Code     2  stm32l4xx_hal_uart_ex.o(i.HAL_UARTEx_TxFifoEmptyCallback)
    HAL_UARTEx_WakeupCallback                0x08003f55   Thumb Code     2  stm32l4xx_hal_uart_ex.o(i.HAL_UARTEx_WakeupCallback)
    HAL_UART_ErrorCallback                   0x08003f57   Thumb Code     2  stm32l4xx_hal_uart.o(i.HAL_UART_ErrorCallback)
    HAL_UART_IRQHandler                      0x08003f59   Thumb Code   782  stm32l4xx_hal_uart.o(i.HAL_UART_IRQHandler)
    HAL_UART_Init                            0x08004275   Thumb Code   106  stm32l4xx_hal_uart.o(i.HAL_UART_Init)
    HAL_UART_MspInit                         0x080042e1   Thumb Code   276  usart.o(i.HAL_UART_MspInit)
    HAL_UART_Receive_IT                      0x0800440d   Thumb Code    66  stm32l4xx_hal_uart.o(i.HAL_UART_Receive_IT)
    HAL_UART_RxCpltCallback                  0x08004455   Thumb Code     6  driver_irq.o(i.HAL_UART_RxCpltCallback)
    HAL_UART_RxHalfCpltCallback              0x08004461   Thumb Code     2  stm32l4xx_hal_uart.o(i.HAL_UART_RxHalfCpltCallback)
    HAL_UART_Transmit                        0x08004465   Thumb Code   182  stm32l4xx_hal_uart.o(i.HAL_UART_Transmit)
    HAL_UART_TxCpltCallback                  0x08004521   Thumb Code     2  stm32l4xx_hal_uart.o(i.HAL_UART_TxCpltCallback)
    HardFault_Handler                        0x08004523   Thumb Code     2  stm32l4xx_it.o(i.HardFault_Handler)
    LPUART1_IRQHandler                       0x08004581   Thumb Code     6  stm32l4xx_it.o(i.LPUART1_IRQHandler)
    MX_ADC1_Init                             0x0800458d   Thumb Code   140  adc.o(i.MX_ADC1_Init)
    MX_DMA_Init                              0x08004629   Thumb Code    56  dma.o(i.MX_DMA_Init)
    MX_FREERTOS_Init                         0x08004665   Thumb Code   210  freertos.o(i.MX_FREERTOS_Init)
    MX_GPIO_Init                             0x08004765   Thumb Code   248  gpio.o(i.MX_GPIO_Init)
    MX_LPUART1_UART_Init                     0x08004871   Thumb Code    92  usart.o(i.MX_LPUART1_UART_Init)
    MX_TIM4_Init                             0x080048d9   Thumb Code   154  tim.o(i.MX_TIM4_Init)
    MX_UART4_Init                            0x0800497d   Thumb Code    94  usart.o(i.MX_UART4_Init)
    MX_USB_OTG_FS_PCD_Init                   0x080049e5   Thumb Code    54  usb_otg.o(i.MX_USB_OTG_FS_PCD_Init)
    MemManage_Handler                        0x08004a21   Thumb Code     2  stm32l4xx_it.o(i.MemManage_Handler)
    NMI_Handler                              0x08004a23   Thumb Code     2  stm32l4xx_it.o(i.NMI_Handler)
    PID_Compute                              0x08004a25   Thumb Code   212  alg_pid.o(i.PID_Compute)
    PID_Init                                 0x08004afd   Thumb Code    68  alg_pid.o(i.PID_Init)
    PID_SetTarget                            0x08004b49   Thumb Code    10  alg_pid.o(i.PID_SetTarget)
    Shell_Exec                               0x08004e89   Thumb Code   130  driver_shell.o(i.Shell_Exec)
    Shell_GetArgsFromISR                     0x08004f21   Thumb Code    46  driver_shell.o(i.Shell_GetArgsFromISR)
    StartDefaultTask                         0x08004f59   Thumb Code   136  freertos.o(i.StartDefaultTask)
    SysTick_Handler                          0x08004ff9   Thumb Code    26  cmsis_os2.o(i.SysTick_Handler)
    SystemClock_Config                       0x08005013   Thumb Code   120  main.o(i.SystemClock_Config)
    SystemInit                               0x0800508d   Thumb Code    12  system_stm32l4xx.o(i.SystemInit)
    TIM6_DAC_IRQHandler                      0x0800509d   Thumb Code     6  stm32l4xx_it.o(i.TIM6_DAC_IRQHandler)
    TIM_Base_SetConfig                       0x080050a9   Thumb Code   168  stm32l4xx_hal_tim.o(i.TIM_Base_SetConfig)
    TIM_CCxChannelCmd                        0x08005171   Thumb Code    26  stm32l4xx_hal_tim.o(i.TIM_CCxChannelCmd)
    TIM_OC2_SetConfig                        0x08005231   Thumb Code   124  stm32l4xx_hal_tim.o(i.TIM_OC2_SetConfig)
    UART4_IRQHandler                         0x080054ad   Thumb Code    18  stm32l4xx_it.o(i.UART4_IRQHandler)
    UART_AdvFeatureConfig                    0x0800550d   Thumb Code   200  stm32l4xx_hal_uart.o(i.UART_AdvFeatureConfig)
    UART_CheckIdleState                      0x080055d5   Thumb Code   172  stm32l4xx_hal_uart.o(i.UART_CheckIdleState)
    UART_SetConfig                           0x08005cf5   Thumb Code   614  stm32l4xx_hal_uart.o(i.UART_SetConfig)
    UART_Start_Receive_DMA                   0x08005f8d   Thumb Code   156  stm32l4xx_hal_uart.o(i.UART_Start_Receive_DMA)
    UART_Start_Receive_IT                    0x08006035   Thumb Code   256  stm32l4xx_hal_uart.o(i.UART_Start_Receive_IT)
    UART_WaitOnFlagUntilTimeout              0x08006145   Thumb Code   148  stm32l4xx_hal_uart.o(i.UART_WaitOnFlagUntilTimeout)
    USB_CoreInit                             0x080061d9   Thumb Code   100  stm32l4xx_ll_usb.o(i.USB_CoreInit)
    USB_DevDisconnect                        0x0800623d   Thumb Code    28  stm32l4xx_ll_usb.o(i.USB_DevDisconnect)
    USB_DevInit                              0x08006259   Thumb Code   322  stm32l4xx_ll_usb.o(i.USB_DevInit)
    USB_DisableGlobalInt                     0x080063a5   Thumb Code    12  stm32l4xx_ll_usb.o(i.USB_DisableGlobalInt)
    USB_FlushRxFifo                          0x080063b1   Thumb Code    56  stm32l4xx_ll_usb.o(i.USB_FlushRxFifo)
    USB_FlushTxFifo                          0x080063e9   Thumb Code    60  stm32l4xx_ll_usb.o(i.USB_FlushTxFifo)
    USB_SetCurrentMode                       0x08006425   Thumb Code    92  stm32l4xx_ll_usb.o(i.USB_SetCurrentMode)
    Upload_Data                              0x08006481   Thumb Code    98  driver_esp01s.o(i.Upload_Data)
    UsageFault_Handler                       0x080064e3   Thumb Code     2  stm32l4xx_it.o(i.UsageFault_Handler)
    __0printf                                0x080064e5   Thumb Code    22  printfa.o(i.__0printf)
    __1printf                                0x080064e5   Thumb Code     0  printfa.o(i.__0printf)
    __2printf                                0x080064e5   Thumb Code     0  printfa.o(i.__0printf)
    __c89printf                              0x080064e5   Thumb Code     0  printfa.o(i.__0printf)
    printf                                   0x080064e5   Thumb Code     0  printfa.o(i.__0printf)
    __0sprintf                               0x08006505   Thumb Code    34  printfa.o(i.__0sprintf)
    __1sprintf                               0x08006505   Thumb Code     0  printfa.o(i.__0sprintf)
    __2sprintf                               0x08006505   Thumb Code     0  printfa.o(i.__0sprintf)
    __c89sprintf                             0x08006505   Thumb Code     0  printfa.o(i.__0sprintf)
    sprintf                                  0x08006505   Thumb Code     0  printfa.o(i.__0sprintf)
    __aeabi_errno_addr                       0x0800654d   Thumb Code     4  errno.o(i.__aeabi_errno_addr)
    __rt_errno_addr                          0x0800654d   Thumb Code     0  errno.o(i.__aeabi_errno_addr)
    __hardfp_atof                            0x08006559   Thumb Code    44  atof.o(i.__hardfp_atof)
    __read_errno                             0x08006591   Thumb Code     6  errno.o(i.__read_errno)
    __scatterload_copy                       0x0800659d   Thumb Code    14  handlers.o(i.__scatterload_copy)
    __scatterload_null                       0x080065ab   Thumb Code     2  handlers.o(i.__scatterload_null)
    __scatterload_zeroinit                   0x080065ad   Thumb Code    14  handlers.o(i.__scatterload_zeroinit)
    __set_errno                              0x080065bd   Thumb Code     6  errno.o(i.__set_errno)
    _is_digit                                0x08006753   Thumb Code    14  scanf_fp.o(i._is_digit)
    fputc                                    0x08006ea1   Thumb Code    52  driver_log.o(i.fputc)
    get_FrameQueueHandle                     0x08006edd   Thumb Code     6  driver_frame.o(i.get_FrameQueueHandle)
    get_shellQueueHandle                     0x08006ee9   Thumb Code     6  driver_shell.o(i.get_shellQueueHandle)
    main                                     0x08006ef5   Thumb Code    60  main.o(i.main)
    osKernelInitialize                       0x08006f39   Thumb Code    32  cmsis_os2.o(i.osKernelInitialize)
    osKernelStart                            0x08006f5d   Thumb Code    48  cmsis_os2.o(i.osKernelStart)
    osThreadNew                              0x08006f95   Thumb Code   138  cmsis_os2.o(i.osThreadNew)
    pcTaskGetName                            0x08007021   Thumb Code    28  tasks.o(i.pcTaskGetName)
    pvPortMalloc                             0x08007859   Thumb Code   216  heap_4.o(i.pvPortMalloc)
    pvTaskIncrementMutexHeldCount            0x08007935   Thumb Code    18  tasks.o(i.pvTaskIncrementMutexHeldCount)
    pxPortInitialiseStack                    0x0800794d   Thumb Code    40  port.o(i.pxPortInitialiseStack)
    uxListRemove                             0x080079a9   Thumb Code    38  list.o(i.uxListRemove)
    vApplicationGetIdleTaskMemory            0x080079d1   Thumb Code    16  cmsis_os2.o(i.vApplicationGetIdleTaskMemory)
    vApplicationGetTimerTaskMemory           0x080079e5   Thumb Code    18  cmsis_os2.o(i.vApplicationGetTimerTaskMemory)
    vApplicationStackOverflowHook            0x080079fd   Thumb Code    16  cmsis_os2.o(i.vApplicationStackOverflowHook)
    vListInitialise                          0x08007ab1   Thumb Code    22  list.o(i.vListInitialise)
    vListInitialiseItem                      0x08007ac7   Thumb Code     6  list.o(i.vListInitialiseItem)
    vListInsert                              0x08007acd   Thumb Code    48  list.o(i.vListInsert)
    vListInsertEnd                           0x08007afd   Thumb Code    24  list.o(i.vListInsertEnd)
    vPortEnterCritical                       0x08007b15   Thumb Code    54  port.o(i.vPortEnterCritical)
    vPortExitCritical                        0x08007b55   Thumb Code    34  port.o(i.vPortExitCritical)
    vPortFree                                0x08007b7d   Thumb Code    94  heap_4.o(i.vPortFree)
    vPortSetupTimerInterrupt                 0x08007be1   Thumb Code    32  port.o(i.vPortSetupTimerInterrupt)
    vPortValidateInterruptPriority           0x08007c05   Thumb Code    74  port.o(i.vPortValidateInterruptPriority)
    vQueueAddToRegistry                      0x08007c59   Thumb Code    34  queue.o(i.vQueueAddToRegistry)
    vQueueDelete                             0x08007c81   Thumb Code    46  queue.o(i.vQueueDelete)
    vQueueUnregisterQueue                    0x08007cb1   Thumb Code    36  queue.o(i.vQueueUnregisterQueue)
    vQueueWaitForMessageRestricted           0x08007cd9   Thumb Code    68  queue.o(i.vQueueWaitForMessageRestricted)
    vTaskDelay                               0x08007db5   Thumb Code    66  tasks.o(i.vTaskDelay)
    vTaskDelayUntil                          0x08007e01   Thumb Code   132  tasks.o(i.vTaskDelayUntil)
    vTaskInternalSetTimeOutState             0x08007e8d   Thumb Code    12  tasks.o(i.vTaskInternalSetTimeOutState)
    vTaskMissedYield                         0x08007e9d   Thumb Code     8  tasks.o(i.vTaskMissedYield)
    vTaskPlaceOnEventList                    0x08007ea9   Thumb Code    44  tasks.o(i.vTaskPlaceOnEventList)
    vTaskPlaceOnEventListRestricted          0x08007ed9   Thumb Code    52  tasks.o(i.vTaskPlaceOnEventListRestricted)
    vTaskPriorityDisinheritAfterTimeout      0x08007f11   Thumb Code   134  tasks.o(i.vTaskPriorityDisinheritAfterTimeout)
    vTaskStartScheduler                      0x08007fa1   Thumb Code   118  tasks.o(i.vTaskStartScheduler)
    vTaskSuspendAll                          0x08008029   Thumb Code    10  tasks.o(i.vTaskSuspendAll)
    vTaskSwitchContext                       0x08008039   Thumb Code   112  tasks.o(i.vTaskSwitchContext)
    xFrameInit                               0x080080b1   Thumb Code   104  driver_frame.o(i.xFrameInit)
    xPortStartScheduler                      0x08008165   Thumb Code   222  port.o(i.xPortStartScheduler)
    xPortSysTickHandler                      0x08008259   Thumb Code    38  port.o(i.xPortSysTickHandler)
    xPrintInit                               0x08008285   Thumb Code    78  driver_log.o(i.xPrintInit)
    xQueueAddToSet                           0x08008305   Thumb Code    34  queue.o(i.xQueueAddToSet)
    xQueueCreateSet                          0x08008327   Thumb Code     8  queue.o(i.xQueueCreateSet)
    xQueueGenericCreate                      0x0800832f   Thumb Code    66  queue.o(i.xQueueGenericCreate)
    xQueueGenericCreateStatic                0x08008371   Thumb Code   102  queue.o(i.xQueueGenericCreateStatic)
    xQueueGenericReset                       0x080083d9   Thumb Code   132  queue.o(i.xQueueGenericReset)
    xQueueGenericSend                        0x08008461   Thumb Code   372  queue.o(i.xQueueGenericSend)
    xQueueGenericSendFromISR                 0x080085d9   Thumb Code   214  queue.o(i.xQueueGenericSendFromISR)
    xQueueGiveFromISR                        0x080086af   Thumb Code   172  queue.o(i.xQueueGiveFromISR)
    xQueueReceive                            0x0800875d   Thumb Code   308  queue.o(i.xQueueReceive)
    xQueueSelectFromSet                      0x08008895   Thumb Code    18  queue.o(i.xQueueSelectFromSet)
    xQueueSemaphoreTake                      0x080088a9   Thumb Code   372  queue.o(i.xQueueSemaphoreTake)
    xShellInit                               0x08008a21   Thumb Code   104  driver_shell.o(i.xShellInit)
    xTaskCheckForTimeOut                     0x08008ad5   Thumb Code   112  tasks.o(i.xTaskCheckForTimeOut)
    xTaskCreate                              0x08008b49   Thumb Code    90  tasks.o(i.xTaskCreate)
    xTaskCreateStatic                        0x08008ba9   Thumb Code    86  tasks.o(i.xTaskCreateStatic)
    xTaskGetSchedulerState                   0x08008c01   Thumb Code    22  tasks.o(i.xTaskGetSchedulerState)
    xTaskGetTickCount                        0x08008c1d   Thumb Code     6  tasks.o(i.xTaskGetTickCount)
    xTaskIncrementTick                       0x08008c29   Thumb Code   192  tasks.o(i.xTaskIncrementTick)
    xTaskPriorityDisinherit                  0x08008cf1   Thumb Code   118  tasks.o(i.xTaskPriorityDisinherit)
    xTaskPriorityInherit                     0x08008d71   Thumb Code   112  tasks.o(i.xTaskPriorityInherit)
    xTaskRemoveFromEventList                 0x08008de9   Thumb Code    98  tasks.o(i.xTaskRemoveFromEventList)
    xTaskResumeAll                           0x08008e59   Thumb Code   182  tasks.o(i.xTaskResumeAll)
    xTimerCreateTimerTask                    0x08008f1d   Thumb Code    78  timers.o(i.xTimerCreateTimerTask)
    xTimerGenericCommand                     0x08008f7d   Thumb Code    98  timers.o(i.xTimerGenericCommand)
    defaultTask_attributes                   0x08008fe4   Data          36  freertos.o(.constdata)
    pidControlTask_attributes                0x08009008   Data          36  freertos.o(.constdata)
    UARTPrescTable                           0x08009048   Data          24  stm32l4xx_hal_uart.o(.constdata)
    AHBPrescTable                            0x08009070   Data          16  system_stm32l4xx.o(.constdata)
    MSIRangeTable                            0x08009080   Data          48  system_stm32l4xx.o(.constdata)
    APBPrescTable                            0x080090b0   Data           8  system_stm32l4xx.o(.constdata)
    __ctype_table                            0x080090c4   Data         129  ctype_o.o(.constdata)
    Region$$Table$$Base                      0x080091ac   Number         0  anon$$obj.o(Region$$Table)
    Region$$Table$$Limit                     0x080091cc   Number         0  anon$$obj.o(Region$$Table)
    AdcRec                                   0x20000000   Data           4  freertos.o(.data)
    g_control_set                            0x20000004   Data           4  freertos.o(.data)
    defaultTaskHandle                        0x20000008   Data           4  freertos.o(.data)
    pidControlTaskHandle                     0x2000000c   Data           4  freertos.o(.data)
    uwTickFreq                               0x20000010   Data           1  stm32l4xx_hal.o(.data)
    uwTickPrio                               0x20000014   Data           4  stm32l4xx_hal.o(.data)
    uwTick                                   0x20000018   Data           4  stm32l4xx_hal.o(.data)
    SystemCoreClock                          0x2000001c   Data           4  system_stm32l4xx.o(.data)
    pxCurrentTCB                             0x20000020   Data           4  tasks.o(.data)
    xPrintQueue                              0x200000a4   Data           4  driver_log.o(.data)
    xPrintTaskHandle                         0x200000a8   Data           4  driver_log.o(.data)
    cmd_len                                  0x200000ac   Data           2  driver_shell.o(.data)
    __stdout                                 0x200000dc   Data           4  stdout.o(.data)
    shell_buff                               0x200000e4   Data          64  main.o(.bss)
    ActuatorRF                               0x20000124   Data          32  freertos.o(.bss)
    ActuatorRB                               0x20000144   Data          32  freertos.o(.bss)
    ActuatorRf_Pid                           0x20000164   Data          52  freertos.o(.bss)
    ActuatorRb_Pid                           0x20000198   Data          52  freertos.o(.bss)
    esp8266                                  0x200001cc   Data         272  freertos.o(.bss)
    hadc1                                    0x200002dc   Data         104  adc.o(.bss)
    hdma_adc1                                0x20000344   Data          96  adc.o(.bss)
    hlpuart1                                 0x200003a4   Data         148  usart.o(.bss)
    huart4                                   0x20000438   Data         148  usart.o(.bss)
    hdma_lpuart1_rx                          0x200004cc   Data          96  usart.o(.bss)
    htim4                                    0x2000052c   Data          76  tim.o(.bss)
    hpcd_USB_OTG_FS                          0x20000578   Data        1252  usb_otg.o(.bss)
    htim6                                    0x20000a5c   Data          76  stm32l4xx_hal_timebase_tim.o(.bss)
    xQueueRegistry                           0x20000aa8   Data          64  queue.o(.bss)
    __initial_sp                             0x2000e458   Data           0  startup_stm32l4r5xx.o(STACK)



==============================================================================

Memory Map of the image

  Image Entry point : 0x080001bd

  Load Region LR_IROM1 (Base: 0x08000000, Size: 0x000092b0, Max: 0x00200000, ABSOLUTE)

    Execution Region ER_IROM1 (Exec base: 0x08000000, Load base: 0x08000000, Size: 0x000091cc, Max: 0x00200000, ABSOLUTE)

    Exec Addr    Load Addr    Size         Type   Attr      Idx    E Section Name        Object

    0x08000000   0x08000000   0x000001bc   Data   RO            3    RESET               startup_stm32l4r5xx.o
    0x080001bc   0x080001bc   0x00000000   Code   RO         7072  * .ARM.Collect$$$$00000000  mc_w.l(entry.o)
    0x080001bc   0x080001bc   0x00000004   Code   RO         7362    .ARM.Collect$$$$00000001  mc_w.l(entry2.o)
    0x080001c0   0x080001c0   0x00000004   Code   RO         7365    .ARM.Collect$$$$00000004  mc_w.l(entry5.o)
    0x080001c4   0x080001c4   0x00000000   Code   RO         7367    .ARM.Collect$$$$00000008  mc_w.l(entry7b.o)
    0x080001c4   0x080001c4   0x00000000   Code   RO         7369    .ARM.Collect$$$$0000000A  mc_w.l(entry8b.o)
    0x080001c4   0x080001c4   0x00000008   Code   RO         7370    .ARM.Collect$$$$0000000B  mc_w.l(entry9a.o)
    0x080001cc   0x080001cc   0x00000000   Code   RO         7372    .ARM.Collect$$$$0000000D  mc_w.l(entry10a.o)
    0x080001cc   0x080001cc   0x00000000   Code   RO         7374    .ARM.Collect$$$$0000000F  mc_w.l(entry11a.o)
    0x080001cc   0x080001cc   0x00000004   Code   RO         7363    .ARM.Collect$$$$00002712  mc_w.l(entry2.o)
    0x080001d0   0x080001d0   0x000000de   Code   RO         6600    .emb_text           port.o
    0x080002ae   0x080002ae   0x00000002   PAD
    0x080002b0   0x080002b0   0x00000024   Code   RO            4    .text               startup_stm32l4r5xx.o
    0x080002d4   0x080002d4   0x00000068   Code   RO         7075    .text               mc_w.l(uldiv.o)
    0x0800033c   0x0800033c   0x00000024   Code   RO         7079    .text               mc_w.l(memcpya.o)
    0x08000360   0x08000360   0x00000024   Code   RO         7083    .text               mc_w.l(memseta.o)
    0x08000384   0x08000384   0x00000024   Code   RO         7085    .text               mc_w.l(strstr.o)
    0x080003a8   0x080003a8   0x00000014   Code   RO         7087    .text               mc_w.l(strchr.o)
    0x080003bc   0x080003bc   0x0000000e   Code   RO         7089    .text               mc_w.l(strlen.o)
    0x080003ca   0x080003ca   0x0000001c   Code   RO         7091    .text               mc_w.l(strcmp.o)
    0x080003e6   0x080003e6   0x0000001a   Code   RO         7356    .text               mc_w.l(atoi.o)
    0x08000400   0x08000400   0x00000026   Code   RO         7358    .text               mf_w.l(f2d.o)
    0x08000426   0x08000426   0x00000038   Code   RO         7360    .text               mf_w.l(d2f.o)
    0x0800045e   0x0800045e   0x0000002c   Code   RO         7377    .text               mc_w.l(uidiv.o)
    0x0800048a   0x0800048a   0x0000001e   Code   RO         7379    .text               mc_w.l(llshl.o)
    0x080004a8   0x080004a8   0x00000020   Code   RO         7381    .text               mc_w.l(llushr.o)
    0x080004c8   0x080004c8   0x0000009c   Code   RO         7393    .text               mc_w.l(strtod.o)
    0x08000564   0x08000564   0x00000070   Code   RO         7395    .text               mc_w.l(strtol.o)
    0x080005d4   0x080005d4   0x00000000   Code   RO         7397    .text               mc_w.l(iusefp.o)
    0x080005d4   0x080005d4   0x0000006e   Code   RO         7398    .text               mf_w.l(fepilogue.o)
    0x08000642   0x08000642   0x0000015e   Code   RO         7400    .text               mf_w.l(dadd.o)
    0x080007a0   0x080007a0   0x000000ea   Code   RO         7402    .text               mf_w.l(dmul.o)
    0x0800088a   0x0800088a   0x000000de   Code   RO         7404    .text               mf_w.l(ddiv.o)
    0x08000968   0x08000968   0x00000030   Code   RO         7406    .text               mf_w.l(dfixul.o)
    0x08000998   0x08000998   0x00000030   Code   RO         7408    .text               mf_w.l(cdrcmple.o)
    0x080009c8   0x080009c8   0x00000024   Code   RO         7410    .text               mc_w.l(init.o)
    0x080009ec   0x080009ec   0x00000024   Code   RO         7412    .text               mc_w.l(llsshr.o)
    0x08000a10   0x08000a10   0x00000008   Code   RO         7414    .text               mc_w.l(ctype_o.o)
    0x08000a18   0x08000a18   0x00000012   Code   RO         7436    .text               mc_w.l(isspace_o.o)
    0x08000a2a   0x08000a2a   0x00000002   PAD
    0x08000a2c   0x08000a2c   0x00000366   Code   RO         7442    .text               mc_w.l(scanf_fp.o)
    0x08000d92   0x08000d92   0x00000040   Code   RO         7446    .text               mc_w.l(_sgetc.o)
    0x08000dd2   0x08000dd2   0x000000a4   Code   RO         7448    .text               mc_w.l(_strtoul.o)
    0x08000e76   0x08000e76   0x000000ba   Code   RO         7450    .text               mf_w.l(depilogue.o)
    0x08000f30   0x08000f30   0x0000001c   Code   RO         7452    .text               mc_w.l(_chval.o)
    0x08000f4c   0x08000f4c   0x00000018   Code   RO         7454    .text               mf_w.l(dfltul.o)
    0x08000f64   0x08000f64   0x00000068   Code   RO          704    i.ADC_DMAConvCplt   stm32l4xx_hal_adc.o
    0x08000fcc   0x08000fcc   0x0000001a   Code   RO          705    i.ADC_DMAError      stm32l4xx_hal_adc.o
    0x08000fe6   0x08000fe6   0x0000000a   Code   RO          706    i.ADC_DMAHalfConvCplt  stm32l4xx_hal_adc.o
    0x08000ff0   0x08000ff0   0x000000ac   Code   RO          708    i.ADC_Enable        stm32l4xx_hal_adc.o
    0x0800109c   0x0800109c   0x00000184   Code   RO         6680    i.Actuator_Control  driver_actuator.o
    0x08001220   0x08001220   0x000000a2   Code   RO         6681    i.Actuator_Init     driver_actuator.o
    0x080012c2   0x080012c2   0x00000002   PAD
    0x080012c4   0x080012c4   0x00000024   Code   RO         6682    i.Actuator_UpdateFeedback  driver_actuator.o
    0x080012e8   0x080012e8   0x00000002   Code   RO          558    i.BusFault_Handler  stm32l4xx_it.o
    0x080012ea   0x080012ea   0x0000001e   Code   RO         6880    i.Calculate_Checksum  driver_frame.o
    0x08001308   0x08001308   0x0000017c   Code   RO          295    i.ControlFunction   freertos.o
    0x08001484   0x08001484   0x0000000c   Code   RO          559    i.DMA1_Channel1_IRQHandler  stm32l4xx_it.o
    0x08001490   0x08001490   0x0000004c   Code   RO         1989    i.DMA_CalcDMAMUXChannelBaseAndMask  stm32l4xx_hal_dma.o
    0x080014dc   0x080014dc   0x00000024   Code   RO         1990    i.DMA_CalcDMAMUXRequestGenBaseAndMask  stm32l4xx_hal_dma.o
    0x08001500   0x08001500   0x0000003e   Code   RO         1991    i.DMA_SetConfig     stm32l4xx_hal_dma.o
    0x0800153e   0x0800153e   0x00000002   Code   RO          560    i.DebugMon_Handler  stm32l4xx_it.o
    0x08001540   0x08001540   0x00000060   Code   RO         6882    i.Driver_Frame_ParseBuffer  driver_frame.o
    0x080015a0   0x080015a0   0x00000016   Code   RO         6945    i.ESP8266_ClearRxBuffer  driver_esp01s.o
    0x080015b6   0x080015b6   0x00000002   PAD
    0x080015b8   0x080015b8   0x00000058   Code   RO         6946    i.ESP8266_CreateTCPServer  driver_esp01s.o
    0x08001610   0x08001610   0x0000005c   Code   RO         6947    i.ESP8266_Init      driver_esp01s.o
    0x0800166c   0x0800166c   0x0000006c   Code   RO         6948    i.ESP8266_InitAP    driver_esp01s.o
    0x080016d8   0x080016d8   0x00000008   Code   RO         6949    i.ESP8266_OnDataReceived  driver_esp01s.o
    0x080016e0   0x080016e0   0x0000001a   Code   RO         6950    i.ESP8266_Receive_IT_Start  driver_esp01s.o
    0x080016fa   0x080016fa   0x00000032   Code   RO         6951    i.ESP8266_RxCpltCallback  driver_esp01s.o
    0x0800172c   0x0800172c   0x000000dc   Code   RO         6952    i.ESP8266_SendATCommand  driver_esp01s.o
    0x08001808   0x08001808   0x000000dc   Code   RO         6953    i.ESP8266_SendATCommandIdx  driver_esp01s.o
    0x080018e4   0x080018e4   0x0000006c   Code   RO         6955    i.ESP8266_SendDataIdx  driver_esp01s.o
    0x08001950   0x08001950   0x000000dc   Code   RO         6956    i.ESP8266_UART_IDLE_Handler  driver_esp01s.o
    0x08001a2c   0x08001a2c   0x00000004   Code   RO           13    i.Error_Handler     main.o
    0x08001a30   0x08001a30   0x0000004c   Code   RO         6883    i.Frame_GetArgsFromISR  driver_frame.o
    0x08001a7c   0x08001a7c   0x0000040e   Code   RO          710    i.HAL_ADC_ConfigChannel  stm32l4xx_hal_adc.o
    0x08001e8a   0x08001e8a   0x00000002   PAD
    0x08001e8c   0x08001e8c   0x00000030   Code   RO         6719    i.HAL_ADC_ConvCpltCallback  driver_irq.o
    0x08001ebc   0x08001ebc   0x00000002   Code   RO          712    i.HAL_ADC_ConvHalfCpltCallback  stm32l4xx_hal_adc.o
    0x08001ebe   0x08001ebe   0x00000002   Code   RO          714    i.HAL_ADC_ErrorCallback  stm32l4xx_hal_adc.o
    0x08001ec0   0x08001ec0   0x000001ac   Code   RO          719    i.HAL_ADC_Init      stm32l4xx_hal_adc.o
    0x0800206c   0x0800206c   0x000000c4   Code   RO          355    i.HAL_ADC_MspInit   adc.o
    0x08002130   0x08002130   0x000000b4   Code   RO          726    i.HAL_ADC_Start_DMA  stm32l4xx_hal_adc.o
    0x080021e4   0x080021e4   0x0000006e   Code   RO         1992    i.HAL_DMA_Abort     stm32l4xx_hal_dma.o
    0x08002252   0x08002252   0x00000070   Code   RO         1993    i.HAL_DMA_Abort_IT  stm32l4xx_hal_dma.o
    0x080022c2   0x080022c2   0x00000002   PAD
    0x080022c4   0x080022c4   0x000000d4   Code   RO         1997    i.HAL_DMA_IRQHandler  stm32l4xx_hal_dma.o
    0x08002398   0x08002398   0x000000c4   Code   RO         1998    i.HAL_DMA_Init      stm32l4xx_hal_dma.o
    0x0800245c   0x0800245c   0x00000090   Code   RO         2002    i.HAL_DMA_Start_IT  stm32l4xx_hal_dma.o
    0x080024ec   0x080024ec   0x00000024   Code   RO         1117    i.HAL_Delay         stm32l4xx_hal.o
    0x08002510   0x08002510   0x00000256   Code   RO         1890    i.HAL_GPIO_Init     stm32l4xx_hal_gpio.o
    0x08002766   0x08002766   0x00000010   Code   RO         1893    i.HAL_GPIO_TogglePin  stm32l4xx_hal_gpio.o
    0x08002776   0x08002776   0x0000000a   Code   RO         1894    i.HAL_GPIO_WritePin  stm32l4xx_hal_gpio.o
    0x08002780   0x08002780   0x0000000c   Code   RO         1121    i.HAL_GetTick       stm32l4xx_hal.o
    0x0800278c   0x0800278c   0x00000010   Code   RO         1127    i.HAL_IncTick       stm32l4xx_hal.o
    0x0800279c   0x0800279c   0x0000001e   Code   RO         1128    i.HAL_Init          stm32l4xx_hal.o
    0x080027ba   0x080027ba   0x00000002   PAD
    0x080027bc   0x080027bc   0x00000098   Code   RO          664    i.HAL_InitTick      stm32l4xx_hal_timebase_tim.o
    0x08002854   0x08002854   0x00000034   Code   RO          640    i.HAL_MspInit       stm32l4xx_hal_msp.o
    0x08002888   0x08002888   0x0000001a   Code   RO         2539    i.HAL_NVIC_EnableIRQ  stm32l4xx_hal_cortex.o
    0x080028a2   0x080028a2   0x00000002   PAD
    0x080028a4   0x080028a4   0x00000040   Code   RO         2545    i.HAL_NVIC_SetPriority  stm32l4xx_hal_cortex.o
    0x080028e4   0x080028e4   0x00000024   Code   RO         2546    i.HAL_NVIC_SetPriorityGrouping  stm32l4xx_hal_cortex.o
    0x08002908   0x08002908   0x00000028   Code   RO         4512    i.HAL_PCDEx_ActivateLPM  stm32l4xx_hal_pcd_ex.o
    0x08002930   0x08002930   0x000000d0   Code   RO         4312    i.HAL_PCD_Init      stm32l4xx_hal_pcd.o
    0x08002a00   0x08002a00   0x000000b8   Code   RO          517    i.HAL_PCD_MspInit   usb_otg.o
    0x08002ab8   0x08002ab8   0x000000bc   Code   RO         2257    i.HAL_PWREx_ControlVoltageScaling  stm32l4xx_hal_pwr_ex.o
    0x08002b74   0x08002b74   0x00000010   Code   RO         2286    i.HAL_PWREx_EnableVddIO2  stm32l4xx_hal_pwr_ex.o
    0x08002b84   0x08002b84   0x00000010   Code   RO         2287    i.HAL_PWREx_EnableVddUSB  stm32l4xx_hal_pwr_ex.o
    0x08002b94   0x08002b94   0x00000028   Code   RO         2292    i.HAL_PWREx_GetVoltageRange  stm32l4xx_hal_pwr_ex.o
    0x08002bbc   0x08002bbc   0x0000041e   Code   RO         1481    i.HAL_RCCEx_PeriphCLKConfig  stm32l4xx_hal_rcc_ex.o
    0x08002fda   0x08002fda   0x00000002   PAD
    0x08002fdc   0x08002fdc   0x00000198   Code   RO         1345    i.HAL_RCC_ClockConfig  stm32l4xx_hal_rcc.o
    0x08003174   0x08003174   0x00000040   Code   RO         1348    i.HAL_RCC_GetClockConfig  stm32l4xx_hal_rcc.o
    0x080031b4   0x080031b4   0x00000024   Code   RO         1351    i.HAL_RCC_GetPCLK1Freq  stm32l4xx_hal_rcc.o
    0x080031d8   0x080031d8   0x00000024   Code   RO         1352    i.HAL_RCC_GetPCLK2Freq  stm32l4xx_hal_rcc.o
    0x080031fc   0x080031fc   0x000000a4   Code   RO         1354    i.HAL_RCC_GetSysClockFreq  stm32l4xx_hal_rcc.o
    0x080032a0   0x080032a0   0x00000568   Code   RO         1357    i.HAL_RCC_OscConfig  stm32l4xx_hal_rcc.o
    0x08003808   0x08003808   0x00000002   Code   RO         4005    i.HAL_TIMEx_Break2Callback  stm32l4xx_hal_tim_ex.o
    0x0800380a   0x0800380a   0x00000002   Code   RO         4006    i.HAL_TIMEx_BreakCallback  stm32l4xx_hal_tim_ex.o
    0x0800380c   0x0800380c   0x00000002   Code   RO         4007    i.HAL_TIMEx_CommutCallback  stm32l4xx_hal_tim_ex.o
    0x0800380e   0x0800380e   0x00000002   PAD
    0x08003810   0x08003810   0x0000009c   Code   RO         4027    i.HAL_TIMEx_MasterConfigSynchronization  stm32l4xx_hal_tim_ex.o
    0x080038ac   0x080038ac   0x00000062   Code   RO         3291    i.HAL_TIM_Base_Init  stm32l4xx_hal_tim.o
    0x0800390e   0x0800390e   0x00000002   Code   RO         3293    i.HAL_TIM_Base_MspInit  stm32l4xx_hal_tim.o
    0x08003910   0x08003910   0x00000080   Code   RO         3296    i.HAL_TIM_Base_Start_IT  stm32l4xx_hal_tim.o
    0x08003990   0x08003990   0x00000002   Code   RO         3325    i.HAL_TIM_IC_CaptureCallback  stm32l4xx_hal_tim.o
    0x08003992   0x08003992   0x0000014a   Code   RO         3339    i.HAL_TIM_IRQHandler  stm32l4xx_hal_tim.o
    0x08003adc   0x08003adc   0x00000054   Code   RO          468    i.HAL_TIM_MspPostInit  tim.o
    0x08003b30   0x08003b30   0x00000002   Code   RO         3342    i.HAL_TIM_OC_DelayElapsedCallback  stm32l4xx_hal_tim.o
    0x08003b32   0x08003b32   0x00000124   Code   RO         3363    i.HAL_TIM_PWM_ConfigChannel  stm32l4xx_hal_tim.o
    0x08003c56   0x08003c56   0x00000062   Code   RO         3366    i.HAL_TIM_PWM_Init  stm32l4xx_hal_tim.o
    0x08003cb8   0x08003cb8   0x00000028   Code   RO          470    i.HAL_TIM_PWM_MspInit  tim.o
    0x08003ce0   0x08003ce0   0x00000002   Code   RO         3369    i.HAL_TIM_PWM_PulseFinishedCallback  stm32l4xx_hal_tim.o
    0x08003ce2   0x08003ce2   0x00000002   PAD
    0x08003ce4   0x08003ce4   0x00000104   Code   RO         3371    i.HAL_TIM_PWM_Start  stm32l4xx_hal_tim.o
    0x08003de8   0x08003de8   0x00000014   Code   RO           14    i.HAL_TIM_PeriodElapsedCallback  main.o
    0x08003dfc   0x08003dfc   0x00000002   Code   RO         3382    i.HAL_TIM_TriggerCallback  stm32l4xx_hal_tim.o
    0x08003dfe   0x08003dfe   0x0000003e   Code   RO         3171    i.HAL_UARTEx_DisableFifoMode  stm32l4xx_hal_uart_ex.o
    0x08003e3c   0x08003e3c   0x0000004a   Code   RO         3177    i.HAL_UARTEx_ReceiveToIdle_DMA  stm32l4xx_hal_uart_ex.o
    0x08003e86   0x08003e86   0x00000002   PAD
    0x08003e88   0x08003e88   0x00000030   Code   RO         6720    i.HAL_UARTEx_RxEventCallback  driver_irq.o
    0x08003eb8   0x08003eb8   0x00000002   Code   RO         3179    i.HAL_UARTEx_RxFifoFullCallback  stm32l4xx_hal_uart_ex.o
    0x08003eba   0x08003eba   0x0000004c   Code   RO         3180    i.HAL_UARTEx_SetRxFifoThreshold  stm32l4xx_hal_uart_ex.o
    0x08003f06   0x08003f06   0x0000004c   Code   RO         3181    i.HAL_UARTEx_SetTxFifoThreshold  stm32l4xx_hal_uart_ex.o
    0x08003f52   0x08003f52   0x00000002   Code   RO         3183    i.HAL_UARTEx_TxFifoEmptyCallback  stm32l4xx_hal_uart_ex.o
    0x08003f54   0x08003f54   0x00000002   Code   RO         3184    i.HAL_UARTEx_WakeupCallback  stm32l4xx_hal_uart_ex.o
    0x08003f56   0x08003f56   0x00000002   Code   RO         2776    i.HAL_UART_ErrorCallback  stm32l4xx_hal_uart.o
    0x08003f58   0x08003f58   0x0000031c   Code   RO         2779    i.HAL_UART_IRQHandler  stm32l4xx_hal_uart.o
    0x08004274   0x08004274   0x0000006a   Code   RO         2780    i.HAL_UART_Init     stm32l4xx_hal_uart.o
    0x080042de   0x080042de   0x00000002   PAD
    0x080042e0   0x080042e0   0x0000012c   Code   RO          421    i.HAL_UART_MspInit  usart.o
    0x0800440c   0x0800440c   0x00000048   Code   RO         2785    i.HAL_UART_Receive_IT  stm32l4xx_hal_uart.o
    0x08004454   0x08004454   0x0000000c   Code   RO         6721    i.HAL_UART_RxCpltCallback  driver_irq.o
    0x08004460   0x08004460   0x00000002   Code   RO         2788    i.HAL_UART_RxHalfCpltCallback  stm32l4xx_hal_uart.o
    0x08004462   0x08004462   0x00000002   PAD
    0x08004464   0x08004464   0x000000bc   Code   RO         2789    i.HAL_UART_Transmit  stm32l4xx_hal_uart.o
    0x08004520   0x08004520   0x00000002   Code   RO         2792    i.HAL_UART_TxCpltCallback  stm32l4xx_hal_uart.o
    0x08004522   0x08004522   0x00000002   Code   RO          561    i.HardFault_Handler  stm32l4xx_it.o
    0x08004524   0x08004524   0x0000000c   Code   RO          732    i.LL_ADC_GetOffsetChannel  stm32l4xx_hal_adc.o
    0x08004530   0x08004530   0x00000008   Code   RO          733    i.LL_ADC_INJ_IsConversionOngoing  stm32l4xx_hal_adc.o
    0x08004538   0x08004538   0x00000008   Code   RO          734    i.LL_ADC_REG_IsConversionOngoing  stm32l4xx_hal_adc.o
    0x08004540   0x08004540   0x00000010   Code   RO          735    i.LL_ADC_REG_IsTriggerSourceSWStart  stm32l4xx_hal_adc.o
    0x08004550   0x08004550   0x0000001e   Code   RO          737    i.LL_ADC_SetChannelSamplingTime  stm32l4xx_hal_adc.o
    0x0800456e   0x0800456e   0x00000010   Code   RO          738    i.LL_ADC_SetOffsetState  stm32l4xx_hal_adc.o
    0x0800457e   0x0800457e   0x00000002   PAD
    0x08004580   0x08004580   0x0000000c   Code   RO          562    i.LPUART1_IRQHandler  stm32l4xx_it.o
    0x0800458c   0x0800458c   0x0000009c   Code   RO          356    i.MX_ADC1_Init      adc.o
    0x08004628   0x08004628   0x0000003c   Code   RO          396    i.MX_DMA_Init       dma.o
    0x08004664   0x08004664   0x00000100   Code   RO          296    i.MX_FREERTOS_Init  freertos.o
    0x08004764   0x08004764   0x0000010c   Code   RO          271    i.MX_GPIO_Init      gpio.o
    0x08004870   0x08004870   0x00000068   Code   RO          422    i.MX_LPUART1_UART_Init  usart.o
    0x080048d8   0x080048d8   0x000000a4   Code   RO          471    i.MX_TIM4_Init      tim.o
    0x0800497c   0x0800497c   0x00000068   Code   RO          423    i.MX_UART4_Init     usart.o
    0x080049e4   0x080049e4   0x0000003c   Code   RO          518    i.MX_USB_OTG_FS_PCD_Init  usb_otg.o
    0x08004a20   0x08004a20   0x00000002   Code   RO          563    i.MemManage_Handler  stm32l4xx_it.o
    0x08004a22   0x08004a22   0x00000002   Code   RO          564    i.NMI_Handler       stm32l4xx_it.o
    0x08004a24   0x08004a24   0x000000d8   Code   RO         7035    i.PID_Compute       alg_pid.o
    0x08004afc   0x08004afc   0x0000004c   Code   RO         7036    i.PID_Init          alg_pid.o
    0x08004b48   0x08004b48   0x0000000a   Code   RO         7037    i.PID_SetTarget     alg_pid.o
    0x08004b52   0x08004b52   0x00000002   PAD
    0x08004b54   0x08004b54   0x00000128   Code   RO         1485    i.RCCEx_PLLSAI1_Config  stm32l4xx_hal_rcc_ex.o
    0x08004c7c   0x08004c7c   0x00000128   Code   RO         1486    i.RCCEx_PLLSAI2_Config  stm32l4xx_hal_rcc_ex.o
    0x08004da4   0x08004da4   0x00000070   Code   RO         1358    i.RCC_GetSysClockFreqFromPLLSource  stm32l4xx_hal_rcc.o
    0x08004e14   0x08004e14   0x00000074   Code   RO         1359    i.RCC_SetFlashLatencyFromMSIRange  stm32l4xx_hal_rcc.o
    0x08004e88   0x08004e88   0x00000096   Code   RO         6821    i.Shell_Exec        driver_shell.o
    0x08004f1e   0x08004f1e   0x00000002   PAD
    0x08004f20   0x08004f20   0x00000038   Code   RO         6822    i.Shell_GetArgsFromISR  driver_shell.o
    0x08004f58   0x08004f58   0x000000a0   Code   RO          297    i.StartDefaultTask  freertos.o
    0x08004ff8   0x08004ff8   0x0000001a   Code   RO         6041    i.SysTick_Handler   cmsis_os2.o
    0x08005012   0x08005012   0x00000078   Code   RO           15    i.SystemClock_Config  main.o
    0x0800508a   0x0800508a   0x00000002   PAD
    0x0800508c   0x0800508c   0x00000010   Code   RO         4862    i.SystemInit        system_stm32l4xx.o
    0x0800509c   0x0800509c   0x0000000c   Code   RO          565    i.TIM6_DAC_IRQHandler  stm32l4xx_it.o
    0x080050a8   0x080050a8   0x000000c8   Code   RO         3384    i.TIM_Base_SetConfig  stm32l4xx_hal_tim.o
    0x08005170   0x08005170   0x0000001a   Code   RO         3385    i.TIM_CCxChannelCmd  stm32l4xx_hal_tim.o
    0x0800518a   0x0800518a   0x00000002   PAD
    0x0800518c   0x0800518c   0x000000a4   Code   RO         3397    i.TIM_OC1_SetConfig  stm32l4xx_hal_tim.o
    0x08005230   0x08005230   0x00000094   Code   RO         3398    i.TIM_OC2_SetConfig  stm32l4xx_hal_tim.o
    0x080052c4   0x080052c4   0x00000094   Code   RO         3399    i.TIM_OC3_SetConfig  stm32l4xx_hal_tim.o
    0x08005358   0x08005358   0x00000074   Code   RO         3400    i.TIM_OC4_SetConfig  stm32l4xx_hal_tim.o
    0x080053cc   0x080053cc   0x00000070   Code   RO         3401    i.TIM_OC5_SetConfig  stm32l4xx_hal_tim.o
    0x0800543c   0x0800543c   0x00000070   Code   RO         3402    i.TIM_OC6_SetConfig  stm32l4xx_hal_tim.o
    0x080054ac   0x080054ac   0x0000001c   Code   RO          566    i.UART4_IRQHandler  stm32l4xx_it.o
    0x080054c8   0x080054c8   0x00000044   Code   RO         3185    i.UARTEx_SetNbDataToProcess  stm32l4xx_hal_uart_ex.o
    0x0800550c   0x0800550c   0x000000c8   Code   RO         2794    i.UART_AdvFeatureConfig  stm32l4xx_hal_uart.o
    0x080055d4   0x080055d4   0x000000ac   Code   RO         2795    i.UART_CheckIdleState  stm32l4xx_hal_uart.o
    0x08005680   0x08005680   0x0000000a   Code   RO         2796    i.UART_DMAAbortOnError  stm32l4xx_hal_uart.o
    0x0800568a   0x0800568a   0x00000044   Code   RO         2797    i.UART_DMAError     stm32l4xx_hal_uart.o
    0x080056ce   0x080056ce   0x00000096   Code   RO         2798    i.UART_DMAReceiveCplt  stm32l4xx_hal_uart.o
    0x08005764   0x08005764   0x0000003c   Code   RO         2800    i.UART_DMARxHalfCplt  stm32l4xx_hal_uart.o
    0x080057a0   0x080057a0   0x00000054   Code   RO         2806    i.UART_EndRxTransfer  stm32l4xx_hal_uart.o
    0x080057f4   0x080057f4   0x0000002e   Code   RO         2807    i.UART_EndTxTransfer  stm32l4xx_hal_uart.o
    0x08005822   0x08005822   0x00000002   PAD
    0x08005824   0x08005824   0x000000c8   Code   RO         2808    i.UART_RxISR_16BIT  stm32l4xx_hal_uart.o
    0x080058ec   0x080058ec   0x000001a0   Code   RO         2809    i.UART_RxISR_16BIT_FIFOEN  stm32l4xx_hal_uart.o
    0x08005a8c   0x08005a8c   0x000000c8   Code   RO         2810    i.UART_RxISR_8BIT   stm32l4xx_hal_uart.o
    0x08005b54   0x08005b54   0x000001a0   Code   RO         2811    i.UART_RxISR_8BIT_FIFOEN  stm32l4xx_hal_uart.o
    0x08005cf4   0x08005cf4   0x00000298   Code   RO         2812    i.UART_SetConfig    stm32l4xx_hal_uart.o
    0x08005f8c   0x08005f8c   0x000000a8   Code   RO         2813    i.UART_Start_Receive_DMA  stm32l4xx_hal_uart.o
    0x08006034   0x08006034   0x00000110   Code   RO         2814    i.UART_Start_Receive_IT  stm32l4xx_hal_uart.o
    0x08006144   0x08006144   0x00000094   Code   RO         2819    i.UART_WaitOnFlagUntilTimeout  stm32l4xx_hal_uart.o
    0x080061d8   0x080061d8   0x00000064   Code   RO         4588    i.USB_CoreInit      stm32l4xx_ll_usb.o
    0x0800623c   0x0800623c   0x0000001c   Code   RO         4593    i.USB_DevDisconnect  stm32l4xx_ll_usb.o
    0x08006258   0x08006258   0x0000014c   Code   RO         4594    i.USB_DevInit       stm32l4xx_ll_usb.o
    0x080063a4   0x080063a4   0x0000000c   Code   RO         4595    i.USB_DisableGlobalInt  stm32l4xx_ll_usb.o
    0x080063b0   0x080063b0   0x00000038   Code   RO         4604    i.USB_FlushRxFifo   stm32l4xx_ll_usb.o
    0x080063e8   0x080063e8   0x0000003c   Code   RO         4605    i.USB_FlushTxFifo   stm32l4xx_ll_usb.o
    0x08006424   0x08006424   0x0000005c   Code   RO         4620    i.USB_SetCurrentMode  stm32l4xx_ll_usb.o
    0x08006480   0x08006480   0x00000062   Code   RO         6957    i.Upload_Data       driver_esp01s.o
    0x080064e2   0x080064e2   0x00000002   Code   RO          567    i.UsageFault_Handler  stm32l4xx_it.o
    0x080064e4   0x080064e4   0x00000020   Code   RO         7328    i.__0printf         mc_w.l(printfa.o)
    0x08006504   0x08006504   0x00000028   Code   RO         7330    i.__0sprintf        mc_w.l(printfa.o)
    0x0800652c   0x0800652c   0x00000020   Code   RO         2552    i.__NVIC_SetPriority  stm32l4xx_hal_cortex.o
    0x0800654c   0x0800654c   0x00000008   Code   RO         7386    i.__aeabi_errno_addr  mc_w.l(errno.o)
    0x08006554   0x08006554   0x00000004   PAD
    0x08006558   0x08006558   0x00000038   Code   RO         7066    i.__hardfp_atof     m_wm.l(atof.o)
    0x08006590   0x08006590   0x0000000c   Code   RO         7387    i.__read_errno      mc_w.l(errno.o)
    0x0800659c   0x0800659c   0x0000000e   Code   RO         7458    i.__scatterload_copy  mc_w.l(handlers.o)
    0x080065aa   0x080065aa   0x00000002   Code   RO         7459    i.__scatterload_null  mc_w.l(handlers.o)
    0x080065ac   0x080065ac   0x0000000e   Code   RO         7460    i.__scatterload_zeroinit  mc_w.l(handlers.o)
    0x080065ba   0x080065ba   0x00000002   PAD
    0x080065bc   0x080065bc   0x0000000c   Code   RO         7388    i.__set_errno       mc_w.l(errno.o)
    0x080065c8   0x080065c8   0x0000018a   Code   RO         7335    i._fp_digits        mc_w.l(printfa.o)
    0x08006752   0x08006752   0x0000000e   Code   RO         7444    i._is_digit         mc_w.l(scanf_fp.o)
    0x08006760   0x08006760   0x000006e2   Code   RO         7336    i._printf_core      mc_w.l(printfa.o)
    0x08006e42   0x08006e42   0x00000024   Code   RO         7337    i._printf_post_padding  mc_w.l(printfa.o)
    0x08006e66   0x08006e66   0x0000002e   Code   RO         7338    i._printf_pre_padding  mc_w.l(printfa.o)
    0x08006e94   0x08006e94   0x0000000a   Code   RO         7340    i._sputc            mc_w.l(printfa.o)
    0x08006e9e   0x08006e9e   0x00000002   PAD
    0x08006ea0   0x08006ea0   0x0000003c   Code   RO         6766    i.fputc             driver_log.o
    0x08006edc   0x08006edc   0x0000000c   Code   RO         6884    i.get_FrameQueueHandle  driver_frame.o
    0x08006ee8   0x08006ee8   0x0000000c   Code   RO         6823    i.get_shellQueueHandle  driver_shell.o
    0x08006ef4   0x08006ef4   0x00000044   Code   RO           16    i.main              main.o
    0x08006f38   0x08006f38   0x00000024   Code   RO         6057    i.osKernelInitialize  cmsis_os2.o
    0x08006f5c   0x08006f5c   0x00000038   Code   RO         6060    i.osKernelStart     cmsis_os2.o
    0x08006f94   0x08006f94   0x0000008a   Code   RO         6102    i.osThreadNew       cmsis_os2.o
    0x0800701e   0x0800701e   0x00000002   PAD
    0x08007020   0x08007020   0x00000020   Code   RO         5504    i.pcTaskGetName     tasks.o
    0x08007040   0x08007040   0x0000005c   Code   RO         5505    i.prvAddCurrentTaskToDelayedList  tasks.o
    0x0800709c   0x0800709c   0x000000d0   Code   RO         5506    i.prvAddNewTaskToReadyList  tasks.o
    0x0800716c   0x0800716c   0x00000058   Code   RO         5870    i.prvCheckForValidListAndQueue  timers.o
    0x080071c4   0x080071c4   0x00000026   Code   RO         5067    i.prvCopyDataFromQueue  queue.o
    0x080071ea   0x080071ea   0x0000006c   Code   RO         5068    i.prvCopyDataToQueue  queue.o
    0x08007256   0x08007256   0x00000034   Code   RO         5507    i.prvDeleteTCB      tasks.o
    0x0800728a   0x0800728a   0x00000002   PAD
    0x0800728c   0x0800728c   0x0000004c   Code   RO         6545    i.prvHeapInit       heap_4.o
    0x080072d8   0x080072d8   0x00000060   Code   RO         5508    i.prvIdleTask       tasks.o
    0x08007338   0x08007338   0x00000026   Code   RO         5070    i.prvInitialiseNewQueue  queue.o
    0x0800735e   0x0800735e   0x00000002   PAD
    0x08007360   0x08007360   0x000000b6   Code   RO         5509    i.prvInitialiseNewTask  tasks.o
    0x08007416   0x08007416   0x00000002   PAD
    0x08007418   0x08007418   0x0000004c   Code   RO         6546    i.prvInsertBlockIntoFreeList  heap_4.o
    0x08007464   0x08007464   0x00000038   Code   RO         5872    i.prvInsertTimerInActiveList  timers.o
    0x0800749c   0x0800749c   0x0000001c   Code   RO         5071    i.prvIsQueueEmpty   queue.o
    0x080074b8   0x080074b8   0x0000006c   Code   RO         5072    i.prvNotifyQueueSetContainer  queue.o
    0x08007524   0x08007524   0x000000fc   Code   RO         5873    i.prvProcessReceivedCommands  timers.o
    0x08007620   0x08007620   0x000000c0   Code   RO         5874    i.prvProcessTimerOrBlockTask  timers.o
    0x080076e0   0x080076e0   0x00000020   Code   RO         5511    i.prvResetNextTaskUnblockTime  tasks.o
    0x08007700   0x08007700   0x00000028   Code   RO         5875    i.prvSampleTimeNow  timers.o
    0x08007728   0x08007728   0x0000006c   Code   RO         5876    i.prvSwitchTimerLists  timers.o
    0x08007794   0x08007794   0x00000028   Code   RO         6601    i.prvTaskExitError  port.o
    0x080077bc   0x080077bc   0x00000024   Code   RO         5877    i.prvTimerTask      timers.o
    0x080077e0   0x080077e0   0x00000076   Code   RO         5073    i.prvUnlockQueue    queue.o
    0x08007856   0x08007856   0x00000002   PAD
    0x08007858   0x08007858   0x000000dc   Code   RO         6547    i.pvPortMalloc      heap_4.o
    0x08007934   0x08007934   0x00000018   Code   RO         5514    i.pvTaskIncrementMutexHeldCount  tasks.o
    0x0800794c   0x0800794c   0x0000002c   Code   RO         6602    i.pxPortInitialiseStack  port.o
    0x08007978   0x08007978   0x00000030   Code   RO         6824    i.shell_cmd_rb      driver_shell.o
    0x080079a8   0x080079a8   0x00000026   Code   RO         5027    i.uxListRemove      list.o
    0x080079ce   0x080079ce   0x00000002   PAD
    0x080079d0   0x080079d0   0x00000014   Code   RO         6114    i.vApplicationGetIdleTaskMemory  cmsis_os2.o
    0x080079e4   0x080079e4   0x00000018   Code   RO         6115    i.vApplicationGetTimerTaskMemory  cmsis_os2.o
    0x080079fc   0x080079fc   0x00000010   Code   RO         6116    i.vApplicationStackOverflowHook  cmsis_os2.o
    0x08007a0c   0x08007a0c   0x000000a4   Code   RO         6885    i.vFrameExecTask    driver_frame.o
    0x08007ab0   0x08007ab0   0x00000016   Code   RO         5028    i.vListInitialise   list.o
    0x08007ac6   0x08007ac6   0x00000006   Code   RO         5029    i.vListInitialiseItem  list.o
    0x08007acc   0x08007acc   0x00000030   Code   RO         5030    i.vListInsert       list.o
    0x08007afc   0x08007afc   0x00000018   Code   RO         5031    i.vListInsertEnd    list.o
    0x08007b14   0x08007b14   0x00000040   Code   RO         6604    i.vPortEnterCritical  port.o
    0x08007b54   0x08007b54   0x00000028   Code   RO         6605    i.vPortExitCritical  port.o
    0x08007b7c   0x08007b7c   0x00000064   Code   RO         6548    i.vPortFree         heap_4.o
    0x08007be0   0x08007be0   0x00000024   Code   RO         6606    i.vPortSetupTimerInterrupt  port.o
    0x08007c04   0x08007c04   0x00000054   Code   RO         6607    i.vPortValidateInterruptPriority  port.o
    0x08007c58   0x08007c58   0x00000028   Code   RO         5079    i.vQueueAddToRegistry  queue.o
    0x08007c80   0x08007c80   0x0000002e   Code   RO         5080    i.vQueueDelete      queue.o
    0x08007cae   0x08007cae   0x00000002   PAD
    0x08007cb0   0x08007cb0   0x00000028   Code   RO         5082    i.vQueueUnregisterQueue  queue.o
    0x08007cd8   0x08007cd8   0x00000044   Code   RO         5083    i.vQueueWaitForMessageRestricted  queue.o
    0x08007d1c   0x08007d1c   0x00000064   Code   RO         6825    i.vShellExecTask    driver_shell.o
    0x08007d80   0x08007d80   0x00000034   Code   RO         6769    i.vStartPrintTask   driver_log.o
    0x08007db4   0x08007db4   0x0000004c   Code   RO         5524    i.vTaskDelay        tasks.o
    0x08007e00   0x08007e00   0x0000008c   Code   RO         5525    i.vTaskDelayUntil   tasks.o
    0x08007e8c   0x08007e8c   0x00000010   Code   RO         5529    i.vTaskInternalSetTimeOutState  tasks.o
    0x08007e9c   0x08007e9c   0x0000000c   Code   RO         5530    i.vTaskMissedYield  tasks.o
    0x08007ea8   0x08007ea8   0x00000030   Code   RO         5532    i.vTaskPlaceOnEventList  tasks.o
    0x08007ed8   0x08007ed8   0x00000038   Code   RO         5533    i.vTaskPlaceOnEventListRestricted  tasks.o
    0x08007f10   0x08007f10   0x00000090   Code   RO         5535    i.vTaskPriorityDisinheritAfterTimeout  tasks.o
    0x08007fa0   0x08007fa0   0x00000088   Code   RO         5541    i.vTaskStartScheduler  tasks.o
    0x08008028   0x08008028   0x00000010   Code   RO         5543    i.vTaskSuspendAll   tasks.o
    0x08008038   0x08008038   0x00000078   Code   RO         5544    i.vTaskSwitchContext  tasks.o
    0x080080b0   0x080080b0   0x000000b4   Code   RO         6886    i.xFrameInit        driver_frame.o
    0x08008164   0x08008164   0x000000f4   Code   RO         6608    i.xPortStartScheduler  port.o
    0x08008258   0x08008258   0x0000002c   Code   RO         6609    i.xPortSysTickHandler  port.o
    0x08008284   0x08008284   0x00000080   Code   RO         6770    i.xPrintInit        driver_log.o
    0x08008304   0x08008304   0x00000022   Code   RO         5084    i.xQueueAddToSet    queue.o
    0x08008326   0x08008326   0x00000008   Code   RO         5089    i.xQueueCreateSet   queue.o
    0x0800832e   0x0800832e   0x00000042   Code   RO         5090    i.xQueueGenericCreate  queue.o
    0x08008370   0x08008370   0x00000066   Code   RO         5091    i.xQueueGenericCreateStatic  queue.o
    0x080083d6   0x080083d6   0x00000002   PAD
    0x080083d8   0x080083d8   0x00000088   Code   RO         5092    i.xQueueGenericReset  queue.o
    0x08008460   0x08008460   0x00000178   Code   RO         5093    i.xQueueGenericSend  queue.o
    0x080085d8   0x080085d8   0x000000d6   Code   RO         5094    i.xQueueGenericSendFromISR  queue.o
    0x080086ae   0x080086ae   0x000000ac   Code   RO         5097    i.xQueueGiveFromISR  queue.o
    0x0800875a   0x0800875a   0x00000002   PAD
    0x0800875c   0x0800875c   0x00000138   Code   RO         5103    i.xQueueReceive     queue.o
    0x08008894   0x08008894   0x00000012   Code   RO         5106    i.xQueueSelectFromSet  queue.o
    0x080088a6   0x080088a6   0x00000002   PAD
    0x080088a8   0x080088a8   0x00000178   Code   RO         5108    i.xQueueSemaphoreTake  queue.o
    0x08008a20   0x08008a20   0x000000b4   Code   RO         6826    i.xShellInit        driver_shell.o
    0x08008ad4   0x08008ad4   0x00000074   Code   RO         5546    i.xTaskCheckForTimeOut  tasks.o
    0x08008b48   0x08008b48   0x00000060   Code   RO         5547    i.xTaskCreate       tasks.o
    0x08008ba8   0x08008ba8   0x00000056   Code   RO         5548    i.xTaskCreateStatic  tasks.o
    0x08008bfe   0x08008bfe   0x00000002   PAD
    0x08008c00   0x08008c00   0x0000001c   Code   RO         5552    i.xTaskGetSchedulerState  tasks.o
    0x08008c1c   0x08008c1c   0x0000000c   Code   RO         5553    i.xTaskGetTickCount  tasks.o
    0x08008c28   0x08008c28   0x000000c8   Code   RO         5555    i.xTaskIncrementTick  tasks.o
    0x08008cf0   0x08008cf0   0x00000080   Code   RO         5558    i.xTaskPriorityDisinherit  tasks.o
    0x08008d70   0x08008d70   0x00000078   Code   RO         5559    i.xTaskPriorityInherit  tasks.o
    0x08008de8   0x08008de8   0x00000070   Code   RO         5560    i.xTaskRemoveFromEventList  tasks.o
    0x08008e58   0x08008e58   0x000000c4   Code   RO         5561    i.xTaskResumeAll    tasks.o
    0x08008f1c   0x08008f1c   0x00000060   Code   RO         5886    i.xTimerCreateTimerTask  timers.o
    0x08008f7c   0x08008f7c   0x00000068   Code   RO         5887    i.xTimerGenericCommand  timers.o
    0x08008fe4   0x08008fe4   0x00000064   Data   RO          299    .constdata          freertos.o
    0x08009048   0x08009048   0x00000018   Data   RO         2820    .constdata          stm32l4xx_hal_uart.o
    0x08009060   0x08009060   0x00000010   Data   RO         3186    .constdata          stm32l4xx_hal_uart_ex.o
    0x08009070   0x08009070   0x00000040   Data   RO         4863    .constdata          system_stm32l4xx.o
    0x080090b0   0x080090b0   0x00000008   Data   RO         4864    .constdata          system_stm32l4xx.o
    0x080090b8   0x080090b8   0x0000000c   Data   RO         6828    .constdata          driver_shell.o
    0x080090c4   0x080090c4   0x00000081   Data   RO         7415    .constdata          mc_w.l(ctype_o.o)
    0x08009145   0x08009145   0x00000003   PAD
    0x08009148   0x08009148   0x00000004   Data   RO         7416    .constdata          mc_w.l(ctype_o.o)
    0x0800914c   0x0800914c   0x00000033   Data   RO          300    .conststring        freertos.o
    0x0800917f   0x0800917f   0x00000001   PAD
    0x08009180   0x08009180   0x0000002b   Data   RO         6829    .conststring        driver_shell.o
    0x080091ab   0x080091ab   0x00000001   PAD
    0x080091ac   0x080091ac   0x00000020   Data   RO         7456    Region$$Table       anon$$obj.o


    Execution Region RW_IRAM1 (Exec base: 0x20000000, Load base: 0x080091cc, Size: 0x0000e458, Max: 0x000a0000, ABSOLUTE)

    Exec Addr    Load Addr    Size         Type   Attr      Idx    E Section Name        Object

    0x20000000   0x080091cc   0x00000010   Data   RW          301    .data               freertos.o
    0x20000010   0x080091dc   0x0000000c   Data   RW         1145    .data               stm32l4xx_hal.o
    0x2000001c   0x080091e8   0x00000004   Data   RW         4865    .data               system_stm32l4xx.o
    0x20000020   0x080091ec   0x0000003c   Data   RW         5564    .data               tasks.o
    0x2000005c   0x08009228   0x00000014   Data   RW         5895    .data               timers.o
    0x20000070   0x0800923c   0x00000004   Data   RW         6118    .data               cmsis_os2.o
    0x20000074   0x08009240   0x00000020   Data   RW         6554    .data               heap_4.o
    0x20000094   0x08009260   0x0000000c   Data   RW         6610    .data               port.o
    0x200000a0   0x0800926c   0x0000000c   Data   RW         6772    .data               driver_log.o
    0x200000ac   0x08009278   0x00000020   Data   RW         6830    .data               driver_shell.o
    0x200000cc   0x08009298   0x00000010   Data   RW         6888    .data               driver_frame.o
    0x200000dc   0x080092a8   0x00000004   Data   RW         7376    .data               mc_w.l(stdout.o)
    0x200000e0   0x080092ac   0x00000004   Data   RW         7389    .data               mc_w.l(errno.o)
    0x200000e4        -       0x00000040   Zero   RW           17    .bss                main.o
    0x20000124        -       0x000001b8   Zero   RW          298    .bss                freertos.o
    0x200002dc        -       0x000000c8   Zero   RW          357    .bss                adc.o
    0x200003a4        -       0x00000188   Zero   RW          424    .bss                usart.o
    0x2000052c        -       0x0000004c   Zero   RW          472    .bss                tim.o
    0x20000578        -       0x000004e4   Zero   RW          519    .bss                usb_otg.o
    0x20000a5c        -       0x0000004c   Zero   RW          667    .bss                stm32l4xx_hal_timebase_tim.o
    0x20000aa8        -       0x00000040   Zero   RW         5110    .bss                queue.o
    0x20000ae8        -       0x000004c4   Zero   RW         5563    .bss                tasks.o
    0x20000fac        -       0x0000011c   Zero   RW         5894    .bss                timers.o
    0x200010c8        -       0x000006b8   Zero   RW         6117    .bss                cmsis_os2.o
    0x20001780        -       0x0000c800   Zero   RW         6553    .bss                heap_4.o
    0x2000df80        -       0x00000082   Zero   RW         6771    .bss                driver_log.o
    0x2000e002        -       0x00000040   Zero   RW         6827    .bss                driver_shell.o
    0x2000e042        -       0x00000015   Zero   RW         6887    .bss                driver_frame.o
    0x2000e057   0x080092b0   0x00000001   PAD
    0x2000e058        -       0x00000400   Zero   RW            1    STACK               startup_stm32l4r5xx.o


==============================================================================

Image component sizes


      Code (inc. data)   RO Data    RW Data    ZI Data      Debug   Object Name

       352         32          0          0        200       1899   adc.o
       302         12          0          0          0       2977   alg_pid.o
       316         22          0          4       1720      47981   cmsis_os2.o
        60          4          0          0          0        802   dma.o
       586         14          0          0          0       3805   driver_actuator.o
      1260        302          0          0          0       9707   driver_esp01s.o
       558        182          0         16         21       5774   driver_frame.o
       108         34          0          0          0       4228   driver_irq.o
       240         66          0         12        130       3516   driver_log.o
       546        150         55         32         64       4914   driver_shell.o
         0          0          0          0          0      19440   event_groups.o
       796        202        151         16        440       5067   freertos.o
       268         20          0          0          0       1067   gpio.o
       472         24          0         32      51200       4835   heap_4.o
       138          0          0          0          0       3510   list.o
       212         14          0          0         64     977514   main.o
       818         82          0         12          0      11441   port.o
      2446         26          0          0         64      26160   queue.o
        36          8        444          0       1024        832   startup_stm32l4r5xx.o
        94         14          0         12          0      15666   stm32l4xx_hal.o
      2052        114          0          0          0      64646   stm32l4xx_hal_adc.o
       158         14          0          0          0      33014   stm32l4xx_hal_cortex.o
       948         36          0          0          0       6486   stm32l4xx_hal_dma.o
       624         40          0          0          0       2941   stm32l4xx_hal_gpio.o
        52          4          0          0          0        854   stm32l4xx_hal_msp.o
       208          0          0          0          0       1783   stm32l4xx_hal_pcd.o
        40          6          0          0          0       1114   stm32l4xx_hal_pcd_ex.o
       260         26          0          0          0       2580   stm32l4xx_hal_pwr_ex.o
      2320        128          0          0          0       8481   stm32l4xx_hal_rcc.o
      1646         52          0          0          0       4180   stm32l4xx_hal_rcc_ex.o
      2242        244          0          0          0      14911   stm32l4xx_hal_tim.o
       162         26          0          0          0       3080   stm32l4xx_hal_tim_ex.o
       152         20          0          0         76       1463   stm32l4xx_hal_timebase_tim.o
      4442        160         24          0          0      40376   stm32l4xx_hal_uart.o
       362          6         16          0          0       6237   stm32l4xx_hal_uart_ex.o
        76         28          0          0          0       4666   stm32l4xx_it.o
       680         10          0          0          0       6417   stm32l4xx_ll_usb.o
         0          0          0          0          0       9476   stream_buffer.o
        16          4         72          4          0       1169   system_stm32l4xx.o
      2576        202          0         60       1220      31267   tasks.o
       288         34          0          0         76       2315   tim.o
       972         80          0         20        284      29575   timers.o
       508         46          0          0        392       2628   usart.o
       244         12          0          0       1252       1877   usb_otg.o

    ----------------------------------------------------------------------
     30696       2500        796        220      58228    1432671   Object Totals
         0          0         32          0          0          0   (incl. Generated)
        60          0          2          0          1          0   (incl. Padding)

    ----------------------------------------------------------------------

      Code (inc. data)   RO Data    RW Data    ZI Data      Debug   Library Member Name

        56         12          0          0          0        132   atof.o
        28          0          0          0          0         68   _chval.o
        64          0          0          0          0         84   _sgetc.o
       164          0          0          0          0         92   _strtoul.o
        26          0          0          0          0         80   atoi.o
         8          4        133          0          0         68   ctype_o.o
         0          0          0          0          0          0   entry.o
         0          0          0          0          0          0   entry10a.o
         0          0          0          0          0          0   entry11a.o
         8          4          0          0          0          0   entry2.o
         4          0          0          0          0          0   entry5.o
         0          0          0          0          0          0   entry7b.o
         0          0          0          0          0          0   entry8b.o
         8          4          0          0          0          0   entry9a.o
        32         16          0          4          0        204   errno.o
        30          0          0          0          0          0   handlers.o
        36          8          0          0          0         68   init.o
        18          0          0          0          0         76   isspace_o.o
         0          0          0          0          0          0   iusefp.o
        30          0          0          0          0         68   llshl.o
        36          0          0          0          0         68   llsshr.o
        32          0          0          0          0         68   llushr.o
        36          0          0          0          0         68   memcpya.o
        36          0          0          0          0        108   memseta.o
      2320         96          0          0          0        604   printfa.o
       884         12          0          0          0        216   scanf_fp.o
         0          0          0          4          0          0   stdout.o
        20          0          0          0          0         68   strchr.o
        28          0          0          0          0         76   strcmp.o
        14          0          0          0          0         68   strlen.o
        36          0          0          0          0         80   strstr.o
       156         12          0          0          0        120   strtod.o
       112          0          0          0          0         88   strtol.o
        44          0          0          0          0         80   uidiv.o
       104          0          0          0          0         92   uldiv.o
        48          0          0          0          0         68   cdrcmple.o
        56          0          0          0          0         88   d2f.o
       350          0          0          0          0        148   dadd.o
       222          0          0          0          0        100   ddiv.o
       186          0          0          0          0        176   depilogue.o
        48          0          0          0          0         68   dfixul.o
        24          0          0          0          0         76   dfltul.o
       234          0          0          0          0         96   dmul.o
        38          0          0          0          0         68   f2d.o
       110          0          0          0          0        168   fepilogue.o

    ----------------------------------------------------------------------
      5696        172        136          8          0       3800   Library Totals
        10          4          3          0          0          0   (incl. Padding)

    ----------------------------------------------------------------------

      Code (inc. data)   RO Data    RW Data    ZI Data      Debug   Library Name

        56         12          0          0          0        132   m_wm.l
      4314        156        133          8          0       2612   mc_w.l
      1316          0          0          0          0       1056   mf_w.l

    ----------------------------------------------------------------------
      5696        172        136          8          0       3800   Library Totals

    ----------------------------------------------------------------------

==============================================================================


      Code (inc. data)   RO Data    RW Data    ZI Data      Debug   

     36392       2672        932        228      58228    1409499   Grand Totals
     36392       2672        932        228      58228    1409499   ELF Image Totals
     36392       2672        932        228          0          0   ROM Totals

==============================================================================

    Total RO  Size (Code + RO Data)                37324 (  36.45kB)
    Total RW  Size (RW Data + ZI Data)             58456 (  57.09kB)
    Total ROM Size (Code + RO Data + RW Data)      37552 (  36.67kB)

==============================================================================

